 treat

 Timestamp is 3978b0e6 (Fri Jul 21 16:21:58 2000)

 Preferred load address is 10000000

 Start         Length     Name                   Class
 0001:00000000 0005684eH .text                   CODE
 0002:00000000 0000201bH .rdata                  DATA
 0002:00002020 000003feH .edata                  DATA
 0003:00000000 00000004H .CRT$XCA                DATA
 0003:00000004 00000004H .CRT$XCZ                DATA
 0003:00000008 00000004H .CRT$XIA                DATA
 0003:0000000c 00000008H .CRT$XIC                DATA
 0003:00000014 00000004H .CRT$XIZ                DATA
 0003:00000018 00000004H .CRT$XPA                DATA
 0003:0000001c 00000004H .CRT$XPX                DATA
 0003:00000020 00000004H .CRT$XPZ                DATA
 0003:00000024 00000004H .CRT$XTA                DATA
 0003:00000028 00000004H .CRT$XTZ                DATA
 0003:00000030 00004d90H .data                   DATA
 0003:00004dc0 0056fe88H .bss                    DATA
 0004:00000000 00000064H .idata$2                DATA
 0004:00000064 00000014H .idata$3                DATA
 0004:00000078 000001a0H .idata$4                DATA
 0004:00000218 000001a0H .idata$5                DATA
 0004:000003b8 00000738H .idata$6                DATA
 0005:00000000 000049dbH TTSTRING                DATA
 0006:00000000 00003270H TTCHECK                 DATA
 0007:00000000 00000fc8H TTISECT                 DATA

  Address         Publics by Value              Rva+Base     Lib:Object

 0001:00000000       _Add                       10001000 f   Add.obj
 0001:00000063       _AddA                      10001063 f   Add.obj
 0001:000007f0       _AddNewBBe                 100017f0 f   addnewbbe.obj
 0001:00000950       _AddQIndex                 10001950 f   AddQIndex.obj
 0001:000009e0       _AddToEventQ               100019e0 f   AddToEventQ.obj
 0001:00000c50       _AddtoRegimen              10001c50 f   AddtoRegimen.obj
 0001:00000d98       _AddtoRegimenA             10001d98 f   AddtoRegimen.obj
 0001:00000ec0       _And                       10001ec0 f   And.obj
 0001:00000f1b       _AndA                      10001f1b f   And.obj
 0001:000018b0       _ApplyContinDrug           100028b0 f   ApplyContinDrug.obj
 0001:00001905       _ApplyContinDrugA          10002905 f   ApplyContinDrug.obj
 0001:00001a70       _ApplyRegimenIntoSchedule  10002a70 f   ApplyRegimen.obj
 0001:00001aeb       _ApplyRegimenIntoScheduleA 10002aeb f   ApplyRegimen.obj
 0001:00002310       _ApplyRules@4              10003310 f   Applyrul.obj
 0001:00002450       _ApplyTrialSched           10003450 f   ApplyTrialSched.obj
 0001:00002ca0       _power                     10003ca0 f   ariths.obj
 0001:00002d4b       _tiny                      10003d4b f   ariths.obj
 0001:00002de7       _logten                    10003de7 f   ariths.obj
 0001:00002eed       _expo                      10003eed f   ariths.obj
 0001:00002f7b       _sgn                       10003f7b f   ariths.obj
 0001:00003050       _buildkill                 10004050 f   buildkill.obj
 0001:000034f0       _buildsched                100044f0 f   buildsche.obj
 0001:000037b0       _CalculateTimeKillSurv     100047b0 f   CalculateTimeKillSurv.obj
 0001:00003c40       _cellcount                 10004c40 f   cellcount.obj
 0001:00004080       _s2wrapper@16              10005080 f   cellp.obj
 0001:00004247       _NextPBin                  10005247 f   cellp.obj
 0001:000051e6       _Update_CN_NGomp           100061e6 f   cellp.obj
 0001:00005499       _cellp                     10006499 f   cellp.obj
 0001:000062f9       _d_is_zero                 100072f9 f   cellp.obj
 0001:00006383       _printvalue                10007383 f   cellp.obj
 0001:00006577       _compute_para              10007577 f   cellp.obj
 0001:00006639       _compute_probability       10007639 f   cellp.obj
 0001:00006948       _Setup_Probability         10007948 f   cellp.obj
 0001:00006ee8       _Setup_Gompertzian         10007ee8 f   cellp.obj
 0001:00007204       _inv_log_gp                10008204 f   cellp.obj
 0001:00007359       _GetGompcn                 10008359 f   cellp.obj
 0001:000074ff       _SetGompRuleIndex          100084ff f   cellp.obj
 0001:0000762d       _Update_Gompertzian        1000862d f   cellp.obj
 0001:00007e45       _GetGompRuleIndex          10008e45 f   cellp.obj
 0001:00007f7b       _is_match_control_level    10008f7b f   cellp.obj
 0001:00008120       _GetSumGompLevel           10009120 f   cellp.obj
 0001:00008370       _sumcellbylevel@8          10009370 f   cellp.obj
 0001:00008516       _sumcellbycontrolgroup     10009516 f   cellp.obj
 0001:0000886d       _intersectionindices       1000986d f   cellp.obj
 0001:00008abc       _AllCells                  10009abc f   cellp.obj
 0001:00008b95       _IsGompOverFlow            10009b95 f   cellp.obj
 0001:00008d50       _alloc_gomp                10009d50 f   cellp.obj
 0001:00008ef8       _OrganMetGroup             10009ef8 f   cellp.obj
 0001:00009475       _OrganMet                  1000a475 f   cellp.obj
 0001:00009538       _Gomp_UpdateTime           1000a538 f   cellp.obj
 0001:00009a40       _CheckBBRules              1000aa40 f   CheckBBRules.obj
 0001:00009af0       _CheckEnv                  1000aaf0 f   CheckEnv.obj
 0001:00009bc0       _check_events              1000abc0 f   checkevents.obj
 0001:0000b390       _CheckForTox               1000c390 f   CheckForTox.obj
 0001:0000c110       _logit                     1000d110 f   CheckForTox.obj
 0001:0000c16a       _antilogit                 1000d16a f   CheckForTox.obj
 0001:0000c1d0       _CheckForTreatment         1000d1d0 f   CheckForTreatment.obj
 0001:0000c6c0       _CheckGuaranteeTime        1000d6c0 f   CheckGuaranteeTime.obj
 0001:0000c8a0       _CheckIfICRuleApplies      1000d8a0 f   CheckIfICRuleApplies.obj
 0001:0000cc23       _DoesICRuleAppliesToCelltype 1000dc23 f   CheckIfICRuleApplies.obj
 0001:0000ce80       _CheckIfICRuleAppliesPGF   1000de80 f   CheckIfICRuleAppliesPGF.obj
 0001:0000d120       _CheckOrExecClause         1000e120 f   CheckOrExecClause.obj
 0001:0000d2a0       _CheckRule                 1000e2a0 f   CheckRule.obj
 0001:0000d3d0       _ClearBBE                  1000e3d0 f   clearbbe.obj
 0001:0000d5b0       _ClearBBRegimen            1000e5b0 f   ClearBBRegimen.obj
 0001:0000d710       _ClearBlackBoard           1000e710 f   clearblackboard.obj
 0001:0000d840       _ClearRules@0              1000e840 f   ClearRules.obj
 0001:0000d950       _ClearTempBB               1000e950 f   ClearTempBB.obj
 0001:0000db60       _Comp                      1000eb60 f   Comp.obj
 0001:0000e545       _CompI                     1000f545 f   Comp.obj
 0001:0000e7f3       _CompD                     1000f7f3 f   Comp.obj
 0001:0000eb60       _is_newcelltype            1000fb60 f   CreateParaStruct.obj
 0001:0000ed6a       _GetTabelSize              1000fd6a f   CreateParaStruct.obj
 0001:0000ee9f       _setup_para                1000fe9f f   CreateParaStruct.obj
 0001:0000f06a       _getcelltype               1001006a f   CreateParaStruct.obj
 0001:0000f234       _allocate_mem              10010234 f   CreateParaStruct.obj
 0001:0000f736       _IsOverFlow                10010736 f   CreateParaStruct.obj
 0001:0000fc9e       _create_para_struct        10010c9e f   CreateParaStruct.obj
 0001:000102b3       _fill_para                 100112b3 f   CreateParaStruct.obj
 0001:00010443       _release_mem               10011443 f   CreateParaStruct.obj
 0001:00010bb9       _getcellcounts             10011bb9 f   CreateParaStruct.obj
 0001:00010d3d       _getcellindex              10011d3d f   CreateParaStruct.obj
 0001:00010e0a       _binsearch                 10011e0a f   CreateParaStruct.obj
 0001:00010fa0       _insert_element            10011fa0 f   CreateParaStruct.obj
 0001:0001124a       _alloc_gompsum             1001224a f   CreateParaStruct.obj
 0001:00011416       _IsGompSumOverFlow         10012416 f   CreateParaStruct.obj
 0001:000115be       _sort_lookuptable          100125be f   CreateParaStruct.obj
 0001:000116c0       _truncate                  100126c0 f   dround.obj
 0001:00011730       _dround                    10012730 f   dround.obj
 0001:000117c0       _Eq                        100127c0 f   Eq.obj
 0001:00011830       _ApplySchedule@8           10012830 f   evalshed.obj
 0001:00011928       _evaluate_schedule         10012928 f   evalshed.obj
 0001:00011c90       _GenerateInitCellCount     10012c90 f   GenerateInitCellCount.obj
 0001:00011e60       _getenvir                  10012e60 f   getenvir.obj
 0001:00011f10       _GetFunctionPtr            10012f10 f   GetFunctionPtr.obj
 0001:00012310       _fgetstring                10013310 f   getstring.obj
 0001:00012475       _getstring                 10013475 f   getstring.obj
 0001:000125f0       _rand01                    100135f0 f   grand.obj
 0001:00012663       _ranrmarin                 10013663 f   grand.obj
 0001:00012a3c       _ranmarm0                  10013a3c f   grand.obj
 0001:00012d76       _ranmarm                   10013d76 f   grand.obj
 0001:00012ec0       _gbinomi                   10013ec0 f   grand.obj
 0001:00013fe2       _gnorm0                    10014fe2 f   grand.obj
 0001:00014297       _gnorm                     10015297 f   grand.obj
 0001:00014325       _sqrtp_uniform             10015325 f   grand.obj
 0001:00014486       _grand_b_n                 10015486 f   grand.obj
 0001:000147f0       _Gt                        100157f0 f   Gt.obj
 0001:00014860       _Gte                       10015860 f   Gte.obj
 0001:000148d0       _incondition               100158d0 f   incondition.obj
 0001:00014a40       _IncrementActionClause@4   10015a40 f   IncrementActionClause.obj
 0001:00014ac0       _IncrementIFClause@4       10015ac0 f   IncrementIFClause.obj
 0001:00014b40       _IncrementRule@0           10015b40 f   IncrementRule.obj
 0001:00014ba0       _infile                    10015ba0 f   infile.obj
 0001:00016130       _InitDoseFactor@0          10017130 f   InitDoseFactor.obj
 0001:00016210       _InitNextToxTime           10017210 f   InitNextToxTime.obj
 0001:00016420       _InitToxTypes              10017420 f   InitTox.obj
 0001:00016980       _vector                    10017980 f   integration.obj
 0001:00016a21       _free_vector               10017a21 f   integration.obj
 0001:00016a7c       _polint                    10017a7c f   integration.obj
 0001:00016e6e       _trapzd                    10017e6e f   integration.obj
 0001:00017082       _pgfint                    10018082 f   integration.obj
 0001:00017320       _InterpretEvents           10018320 f   InterpretEvents.obj
 0001:0001883c       _AddToDoseModList          1001983c f   InterpretEvents.obj
 0001:000188de       _GetCurrCTTreatment        100198de f   InterpretEvents.obj
 0001:000189f0       _Do_jointpgf@4             100199f0 f   jointpgf.obj
 0001:00018bd9       _jointpgf                  10019bd9 f   jointpgf.obj
 0001:00018ea9       _InitPgf@0                 10019ea9 f   jointpgf.obj
 0001:00018f71       _FinishPgf@0               10019f71 f   jointpgf.obj
 0001:00018ff0       _jpgfcond                  10019ff0 f   jpgfcond.obj
 0001:00019350       _jpgfen                    1001a350 f   jpgfen.obj
 0001:000194c2       _pgf_lognormal             1001a4c2 f   jpgfen.obj
 0001:000196c3       _jpgfen_rand               1001a6c3 f   jpgfen.obj
 0001:00019880       _jpgfit                    1001a880 f   jpgfit.obj
 0001:0001a2f0       _jpgfstep                  1001b2f0 f   jpgfstep.obj
 0001:0001a4b0       _lognorm                   1001b4b0 f   lognorm.obj
 0001:0001a540       _Lookup                    1001b540 f   lookup.obj
 0001:0001a5f0       _Lt                        1001b5f0 f   Lt.obj
 0001:0001a660       _Lte                       1001b660 f   Lte.obj
 0001:0001a6d0       _makeoutfile@4             1001b6d0 f   makeoutfile.obj
 0001:0001a740       _MsgBoxBreak               1001b740 f   messages.obj
 0001:0001a968       _MsgBoxDoubleValue         1001b968 f   messages.obj
 0001:0001aa63       _MsgBoxWarning             1001ba63 f   messages.obj
 0001:0001ab29       _MsgBoxError               1001bb29 f   messages.obj
 0001:0001ac30       _MultiSim                  1001bc30 f   MultiSim.obj
 0001:0001b260       _ncells                    1001c260 f   ncells.obj
 0001:0001b2c0       _Ne                        1001c2c0 f   Ne.obj
 0001:0001b330       _nlogs                     1001c330 f   nlogs.obj
 0001:0001b3e0       _norm                      1001c3e0 f   norm.obj
 0001:0001b5e0       _Now                       1001c5e0 f   now.obj
 0001:0001b635       _NowA                      1001c635 f   now.obj
 0001:0001b730       _outfile                   1001c730 f   outfile.obj
 0001:0001cce0       _ParseSchedule             1001dce0 f   ParseSchedule.obj
 0001:0001d140       _pgf1                      1001e140 f   pgf1.pure.obj
 0001:0001e158       _eq10                      1001f158 f   pgf1.pure.obj
 0001:0001e3c0       _pgfintold                 1001f3c0 f   pgfint.obj
 0001:0001e5d6       _kern                      1001f5d6 f   pgfint.obj
 0001:0001e6f0       _DllMain@12                1001f6f0 f   pgfmain.obj
 0001:0001ebae       _DoPgf@0                   1001fbae f   pgfmain.obj
 0001:0001ecb0       _pgfxcm                    1001fcb0 f   pgfxcm.obj
 0001:0001f640       _phaseii_simon@36          10020640 f   phaseii.obj
 0001:000202e1       _compute_nmin              100212e1 f   phaseii.obj
 0001:000203f2       _get_z_factor              100213f2 f   phaseii.obj
 0001:00020600       _compute_FUN               10021600 f   phaseii.obj
 0001:0002087b       _comp_cumu_binomial        1002187b f   phaseii.obj
 0001:000209f0       _setupPlotHandler@0        100219f0 f   PlotHandler.obj
 0001:000213ba       _PlotHandler               100223ba f   PlotHandler.obj
 0001:00021be7       _getCellLevelbyClassforPlotting@8 10022be7 f   PlotHandler.obj
 0001:00021d60       _poidev                    10022d60 f   pois_rep.obj
 0001:00022185       _gammln                    10023185 f   pois_rep.obj
 0001:000222d0       _printrulestofile@0        100232d0 f   printrulestofile.obj
 0001:000225ae       _printclause               100235ae f   printrulestofile.obj
 0001:0002264d       _nargsoffcn                1002364d f   printrulestofile.obj
 0001:00022a77       _fcnname                   10023a77 f   printrulestofile.obj
 0001:00022f6e       _printargs                 10023f6e f   printrulestofile.obj
 0001:00023740       _probeprob                 10024740 f   probeprob.obj
 0001:00023940       _probzeros                 10024940 f   probzeros.obj
 0001:00023ce0       _RandLogNorm               10024ce0 f   RandLogNorm.obj
 0001:00023d48       _RandLogNormA              10024d48 f   RandLogNorm.obj
 0001:00024290       _read_rule_file            10025290 f   Readrul.obj
 0001:000245f7       _is_assignment             100255f7 f   Readrul.obj
 0001:000246d2       _clear_base_model          100256d2 f   Readrul.obj
 0001:00024a20       _display_summary           10025a20 f   Readrul.obj
 0001:00024d86       _get_macro_levelname       10025d86 f   Readrul.obj
 0001:00024eff       _construct_type_name       10025eff f   Readrul.obj
 0001:000252c4       _construct_cell_type_names 100262c4 f   Readrul.obj
 0001:0002574d       _initialize_growth_rates   1002674d f   Readrul.obj
 0001:00025a07       _pickcelltypes             10026a07 f   Readrul.obj
 0001:00025c0e       _get_dest_gap              10026c0e f   Readrul.obj
 0001:00025c63       _find_mincyctime           10026c63 f   Readrul.obj
 0001:00025f34       _change_kinarray_switch    10026f34 f   Readrul.obj
 0001:00025fc0       _change_kinarray_value_1   10026fc0 f   Readrul.obj
 0001:0002605c       _change_kinarray_value_all 1002705c f   Readrul.obj
 0001:0002630e       _change_kinarray_value_2   1002730e f   Readrul.obj
 0001:0002694a       _change_value              1002794a f   Readrul.obj
 0001:00026b47       _change_kill_rates         10027b47 f   Readrul.obj
 0001:00026cbc       _getdrugindex              10027cbc f   Readrul.obj
 0001:00026db1       _change_gomp_param         10027db1 f   Readrul.obj
 0001:00026fd1       _evaluate_store_rule       10027fd1 f   Readrul.obj
 0001:00027b59       _getlookupid               10028b59 f   Readrul.obj
 0001:00027c70       _build_migid               10028c70 f   Readrul.obj
 0001:00028032       _cal_pre_post_prod         10029032 f   Readrul.obj
 0001:0002816a       _ApplyThisRule             1002916a f   Readrul.obj
 0001:00028b0f       _getallmigrate             10029b0f f   Readrul.obj
 0001:00028da1       _CountThisRule             10029da1 f   Readrul.obj
 0001:00029057       _read_into_temp            1002a057 f   Readrul.obj
 0001:000290bd       _read_to_eol               1002a0bd f   Readrul.obj
 0001:00029123       _lookupKey                 1002a123 f   Readrul.obj
 0001:000291f2       _init_rule                 1002a1f2 f   Readrul.obj
 0001:00029480       _read_nomacro_rule         1002a480 f   Readrul.obj
 0001:0002950c       _expand_macro_rule         1002a50c f   Readrul.obj
 0001:000298b1       _parse_base_model          1002a8b1 f   Readrul.obj
 0001:0002aa0d       _fill_clevel               1002ba0d f   Readrul.obj
 0001:0002ae57       _fill_env                  1002be57 f   Readrul.obj
 0001:0002b0a3       _fill_env_gr               1002c0a3 f   Readrul.obj
 0001:0002b2db       _sort_rules                1002c2db f   Readrul.obj
 0001:0002b461       _swap                      1002c461 f   Readrul.obj
 0001:0002b548       _is_match_level            1002c548 f   Readrul.obj
 0001:0002b9a0       _is_match_env              1002c9a0 f   Readrul.obj
 0001:0002ba83       _flush_line                1002ca83 f   Readrul.obj
 0001:0002bb2b       _getcellindices            1002cb2b f   Readrul.obj
 0001:0002bc5f       _getcelllevelbyclass       1002cc5f f   Readrul.obj
 0001:0002bdc5       _getlocationclass          1002cdc5 f   Readrul.obj
 0001:0002be7f       _copy_environment          1002ce7f f   Readrul.obj
 0001:0002ca28       _ResetEnvir@0              1002da28 f   Readrul.obj
 0001:0002cac3       _sort_envlist              1002dac3 f   Readrul.obj
 0001:0002ccd1       _SetEnvir@20               1002dcd1 f   Readrul.obj
 0001:0002cf4e       _is_operator               1002df4e f   Readrul.obj
 0001:0002cfe2       _get_ntypes                1002dfe2 f   Readrul.obj
 0001:0002d090       _parse_class_level_other   1002e090 f   Readrul.obj
 0001:0002d3e4       _parse_general_rule        1002e3e4 f   Readrul.obj
 0001:0002da9d       _fillclasslevel            1002ea9d f   Readrul.obj
 0001:0002dceb       _unix_strlwr               1002eceb f   Readrul.obj
 0001:0002dda4       _unix_strupr               1002eda4 f   Readrul.obj
 0001:0002de5d       _CheckIfThereIsClass       1002ee5d f   Readrul.obj
 0001:0002e057       _fillclassID               1002f057 f   Readrul.obj
 0001:0002e190       _realprompt                1002f190 f   realprompt.obj
 0001:0002e270       _SetHomeDir                1002f270 f   registry.obj
 0001:0002e3e8       _RegQueryStringValue       1002f3e8 f   registry.obj
 0001:0002e4f0       _SetVersion                1002f4f0 f   registry.obj
 0001:0002e800       _RemoveContinDrug          1002f800 f   RemoveContinDrug.obj
 0001:0002e890       _RemoveTreatments          1002f890 f   RemoveTreatments.obj
 0001:0002e9f0       _ResetBBEveryDeltaT        1002f9f0 f   ResetBBEveryDeltaT.obj
 0001:0002eae0       _ResetCellP@0              1002fae0 f   ResetCellP.obj
 0001:0002eb60       _ResetCellQ@4              1002fb60 f   ResetCellQ.obj
 0001:0002ebe0       _reset_events              1002fbe0 f   resetevents.obj
 0001:0002ec2c       _reset_sim                 1002fc2c f   resetevents.obj
 0001:0002f100       _ResetMultiCellP@0         10030100 f   ResetMultiCellP.obj
 0001:0002f1a0       _SendArgsI@20              100301a0 f   SendArgs.obj
 0001:0002f2c4       _SendArgsB@20              100302c4 f   SendArgs.obj
 0001:0002f3e8       _SendArgsD@24              100303e8 f   SendArgs.obj
 0001:0002f512       _SendArgsC@20              10030512 f   SendArgs.obj
 0001:0002f650       _SendFunction@16           10030650 f   SendFunction.obj
 0001:0002f750       _Set                       10030750 f   Set.obj
 0001:0002f7ac       _SetA                      100307ac f   Set.obj
 0001:0002fa00       _SetB                      10030a00 f   SetB.obj
 0001:0002fa76       _SetBA                     10030a76 f   SetB.obj
 0001:0002fb70       _SetBBForPatient           10030b70 f   SetBBForPatient.obj
 0001:0002fda0       _SetBBFromEvents           10030da0 f   SetBBFromEvents.obj
 0001:0002fe50       _SetD                      10030e50 f   SetD.obj
 0001:0002feca       _SetDA                     10030eca f   SetD.obj
 0001:0002ffc0       _SetI                      10030fc0 f   SetI.obj
 0001:00030036       _SetIA                     10031036 f   SetI.obj
 0001:00030130       _setInitialCellCounts      10031130 f   setInitialCellCounts.obj
 0001:000304b9       _distribute_cell           100314b9 f   setInitialCellCounts.obj
 0001:00030740       _setmem                    10031740 f   setmem.obj
 0001:00030800       _setrates                  10031800 f   setrates.obj
 0001:00031140       _SetSpeed@4                10032140 f   SetSpeed.obj
 0001:000311b0       _SingleCellp               100321b0 f   SingleCellp.obj
 0001:00031200       _sortsched                 10032200 f   sortsched.obj
 0001:00031560       _is_a_substring            10032560 f   strings.obj
 0001:000317b9       _read_line                 100327b9 f   strings.obj
 0001:000318e1       _read_word                 100328e1 f   strings.obj
 0001:00031a11       _eprint                    10032a11 f   strings.obj
 0001:00031a71       _wprint                    10032a71 f   strings.obj
 0001:00031ad1       _skip_blanks               10032ad1 f   strings.obj
 0001:00031b5c       _is_white                  10032b5c f   strings.obj
 0001:00031bc9       _skip_white                10032bc9 f   strings.obj
 0001:00031c5c       _chopword                  10032c5c f   strings.obj
 0001:00031e21       _getword                   10032e21 f   strings.obj
 0001:00031fcf       _fSread                    10032fcf f   strings.obj
 0001:000320b0       _ThreadedCellP@124         100330b0 f   ThdCellp.obj
 0001:000328e0       _ThreadedMultiCellP@100    100338e0 f   ThdMultiCellP.obj
 0001:00032ca0       _timecourse                10033ca0 f   timecours.obj
 0001:0003383c       _Do_Timecourse@4           1003483c f   timecours.obj
 0001:00033a20       _TreatmentExists           10034a20 f   TreatmentExists.obj
 0001:00033b80       _TreatmentExistsInt        10034b80 f   TreatmentExistsInt.obj
 0001:00033d40       _typeconds                 10034d40 f   typeconds.obj
 0001:00033fd0       _typemask                  10034fd0 f   typemask.obj
 0001:00034120       _typestring                10035120 f   typestrin.obj
 0001:00034180       _typevec                   10035180 f   typevec.obj
 0001:00034320       _peekd@16                  10035320 f   vbc.obj
 0001:00034ba3       _poked@36                  10035ba3 f   vbc.obj
 0001:000359b0       _pokedosefactor@28         100369b0 f   vbc.obj
 0001:00035a16       _cside_pdf                 10036a16 f   vbc.obj
 0001:00035beb       _CTChangeAllDoses@12       10036beb f   vbc.obj
 0001:00035d89       _peekdfatanytime@8         10036d89 f   vbc.obj
 0001:00035e87       _peekdosefactor@12         10036e87 f   vbc.obj
 0001:00035f6b       _peeki@16                  10036f6b f   vbc.obj
 0001:0003647f       _pokei@36                  1003747f f   vbc.obj
 0001:00037b94       _peekc@16                  10038b94 f   vbc.obj
 0001:00037fa7       _pokec@32                  10038fa7 f   vbc.obj
 0001:000387ff       _printvaluec               100397ff f   vbc.obj
 0001:0003895e       _SCTimerEpilog@4           1003995e f   ttcore:TTcore.dll
 0001:00038964       _SCTimerLine@8             10039964 f   ttcore:TTcore.dll
 0001:0003896a       _SCTimerProlog@12          1003996a f   ttcore:TTcore.dll
 0001:00038970       _SCTimerPostFunc@8         10039970 f   ttcore:TTcore.dll
 0001:00038976       _SCTimerPreFunc@8          10039976 f   ttcore:TTcore.dll
 0001:0003897c       _Sleep@4                   1003997c f   kernel32:KERNEL32.dll
 0001:00038982       _GetEnvironmentVariableA@12 10039982 f   kernel32:KERNEL32.dll
 0001:00038988       _InterlockedExchange@8     10039988 f   kernel32:KERNEL32.dll
 0001:0003898e       _MessageBoxA@16            1003998e f   user32:USER32.dll
 0001:00038994       _RegCloseKey@4             10039994 f   advapi32:ADVAPI32.dll
 0001:0003899a       _RegOpenKeyExA@20          1003999a f   advapi32:ADVAPI32.dll
 0001:000389a0       _RegQueryValueExA@24       100399a0 f   advapi32:ADVAPI32.dll
 0001:000389a6       _SysAllocStringByteLen@8   100399a6 f   oleaut32:OLEAUT32.dll
 0001:000389b0       _memcpy                    100399b0 f   LIBCMTD:memcpy.obj
 0001:00038cf0       _strcpy                    10039cf0 f   LIBCMTD:strcat.obj
 0001:00038d00       _strcat                    10039d00 f   LIBCMTD:strcat.obj
 0001:00038de0       _malloc                    10039de0 f   LIBCMTD:dbgheap.obj
 0001:00038e00       __malloc_dbg               10039e00 f   LIBCMTD:dbgheap.obj
 0001:00038e30       __nh_malloc                10039e30 f   LIBCMTD:dbgheap.obj
 0001:00038e50       __nh_malloc_dbg            10039e50 f   LIBCMTD:dbgheap.obj
 0001:00038eb0       __heap_alloc               10039eb0 f   LIBCMTD:dbgheap.obj
 0001:00038ed0       __heap_alloc_dbg           10039ed0 f   LIBCMTD:dbgheap.obj
 0001:000391f0       _calloc                    1003a1f0 f   LIBCMTD:dbgheap.obj
 0001:00039210       __calloc_dbg               1003a210 f   LIBCMTD:dbgheap.obj
 0001:00039270       _realloc                   1003a270 f   LIBCMTD:dbgheap.obj
 0001:00039290       __realloc_dbg              1003a290 f   LIBCMTD:dbgheap.obj
 0001:000397f0       __expand                   1003a7f0 f   LIBCMTD:dbgheap.obj
 0001:00039810       __expand_dbg               1003a810 f   LIBCMTD:dbgheap.obj
 0001:00039850       _free                      1003a850 f   LIBCMTD:dbgheap.obj
 0001:00039870       __free_lk                  1003a870 f   LIBCMTD:dbgheap.obj
 0001:00039890       __free_dbg                 1003a890 f   LIBCMTD:dbgheap.obj
 0001:000398c0       __free_dbg_lk              1003a8c0 f   LIBCMTD:dbgheap.obj
 0001:00039cb0       __msize                    1003acb0 f   LIBCMTD:dbgheap.obj
 0001:00039cd0       __msize_dbg                1003acd0 f   LIBCMTD:dbgheap.obj
 0001:00039e30       __CrtSetBreakAlloc         1003ae30 f   LIBCMTD:dbgheap.obj
 0001:00039e50       __CrtSetDbgBlockType       1003ae50 f   LIBCMTD:dbgheap.obj
 0001:00039ef0       __CrtSetAllocHook          1003aef0 f   LIBCMTD:dbgheap.obj
 0001:00039fa0       __CrtCheckMemory           1003afa0 f   LIBCMTD:dbgheap.obj
 0001:0003a310       __CrtSetDbgFlag            1003b310 f   LIBCMTD:dbgheap.obj
 0001:0003a340       __CrtDoForAllClientObjects 1003b340 f   LIBCMTD:dbgheap.obj
 0001:0003a3b0       __CrtIsValidPointer        1003b3b0 f   LIBCMTD:dbgheap.obj
 0001:0003a400       __CrtIsValidHeapPointer    1003b400 f   LIBCMTD:dbgheap.obj
 0001:0003a490       __CrtIsMemoryBlock         1003b490 f   LIBCMTD:dbgheap.obj
 0001:0003a580       __CrtSetDumpClient         1003b580 f   LIBCMTD:dbgheap.obj
 0001:0003a5a0       __CrtMemCheckpoint         1003b5a0 f   LIBCMTD:dbgheap.obj
 0001:0003a710       __CrtMemDifference         1003b710 f   LIBCMTD:dbgheap.obj
 0001:0003a840       __CrtMemDumpAllObjectsSince 1003b840 f   LIBCMTD:dbgheap.obj
 0001:0003ac20       __CrtDumpMemoryLeaks       1003bc20 f   LIBCMTD:dbgheap.obj
 0001:0003aca0       __CrtMemDumpStatistics     1003bca0 f   LIBCMTD:dbgheap.obj
 0001:0003ad70       __fpmath                   1003bd70 f   LIBCMTD:fpinit.obj
 0001:0003ada0       __fpclear                  1003bda0 f   LIBCMTD:fpinit.obj
 0001:0003adb0       __cfltcvt_init             1003bdb0 f   LIBCMTD:fpinit.obj
 0001:0003ae00       ___setfflag                1003be00 f   LIBCMTD:fpinit.obj
 0001:0003ae20       _strlen                    1003be20 f   LIBCMTD:strlen.obj
 0001:0003aea0       _strcmp                    1003bea0 f   LIBCMTD:strcmp.obj
 0001:0003af30       _sprintf                   1003bf30 f   LIBCMTD:sprintf.obj
 0001:0003b030       __alloca_probe             1003c030 f   LIBCMTD:chkstk.obj
 0001:0003b030       __chkstk                   1003c030 f   LIBCMTD:chkstk.obj
 0001:0003b060       __ftol                     1003c060 f   LIBCMTD:ftol.obj
 0001:0003b090       _fprintf                   1003c090 f   LIBCMTD:fprintf.obj
 0001:0003b160       __CIlog                    1003c160 f   LIBCMTD:log.obj
 0001:0003b174       _log                       1003c174 f   LIBCMTD:log.obj
 0001:0003b230       _exp                       1003c230 f   LIBCMTD:87ctran.obj
 0001:0003b23a       __CIexp                    1003c23a f   LIBCMTD:87ctran.obj
 0001:0003b250       _fabs                      1003c250 f   LIBCMTD:fabs.obj
 0001:0003b350       _labs                      1003c350 f   LIBCMTD:labs.obj
 0001:0003b380       __CIpow                    1003c380 f   LIBCMTD:pow.obj
 0001:0003b399       _pow                       1003c399 f   LIBCMTD:pow.obj
 0001:0003b5a0       _modf                      1003c5a0 f   LIBCMTD:modf.obj
 0001:0003b730       _atof                      1003c730 f   LIBCMTD:atof.obj
 0001:0003b7b0       __toupper                  1003c7b0 f   LIBCMTD:toupper.obj
 0001:0003b7c0       _toupper                   1003c7c0 f   LIBCMTD:toupper.obj
 0001:0003b860       __toupper_lk               1003c860 f   LIBCMTD:toupper.obj
 0001:0003b990       _floor                     1003c990 f   LIBCMTD:floor.obj
 0001:0003bad0       _fgetc                     1003cad0 f   LIBCMTD:fgetc.obj
 0001:0003bb80       _getc                      1003cb80 f   LIBCMTD:fgetc.obj
 0001:0003bba0       _ungetc                    1003cba0 f   LIBCMTD:ungetc.obj
 0001:0003bc10       __ungetc_lk                1003cc10 f   LIBCMTD:ungetc.obj
 0001:0003bd50       ___initstdio               1003cd50 f   LIBCMTD:_file.obj
 0001:0003be80       ___endstdio                1003ce80 f   LIBCMTD:_file.obj
 0001:0003bea0       __lock_file                1003cea0 f   LIBCMTD:_file.obj
 0001:0003bee0       __lock_file2               1003cee0 f   LIBCMTD:_file.obj
 0001:0003bf10       __unlock_file              1003cf10 f   LIBCMTD:_file.obj
 0001:0003bf50       __unlock_file2             1003cf50 f   LIBCMTD:_file.obj
 0001:0003bf80       _srand                     1003cf80 f   LIBCMTD:rand.obj
 0001:0003bf90       _rand                      1003cf90 f   LIBCMTD:rand.obj
 0001:0003bfd0       __cinit                    1003cfd0 f   LIBCMTD:crt0dat.obj
 0001:0003c010       _exit                      1003d010 f   LIBCMTD:crt0dat.obj
 0001:0003c030       __exit                     1003d030 f   LIBCMTD:crt0dat.obj
 0001:0003c050       __cexit                    1003d050 f   LIBCMTD:crt0dat.obj
 0001:0003c070       __c_exit                   1003d070 f   LIBCMTD:crt0dat.obj
 0001:0003c180       __lockexit                 1003d180 f   LIBCMTD:crt0dat.obj
 0001:0003c190       __unlockexit               1003d190 f   LIBCMTD:crt0dat.obj
 0001:0003c1d0       __statusfp                 1003d1d0 f   LIBCMTD:ieee87.obj
 0001:0003c1f0       __clearfp                  1003d1f0 f   LIBCMTD:ieee87.obj
 0001:0003c210       __control87                1003d210 f   LIBCMTD:ieee87.obj
 0001:0003c260       __controlfp                1003d260 f   LIBCMTD:ieee87.obj
 0001:0003c280       __fpreset                  1003d280 f   LIBCMTD:ieee87.obj
 0001:0003c670       __CIsqrt                   1003d670 f   LIBCMTD:sqrt.obj
 0001:0003c684       _sqrt                      1003d684 f   LIBCMTD:sqrt.obj
 0001:0003c730       _fscanf                    1003d730 f   LIBCMTD:fscanf.obj
 0001:0003c7d0       _printf                    1003d7d0 f   LIBCMTD:printf.obj
 0001:0003c870       __strupr                   1003d870 f   LIBCMTD:strupr.obj
 0001:0003ca30       _atol                      1003da30 f   LIBCMTD:atox.obj
 0001:0003cb30       _atoi                      1003db30 f   LIBCMTD:atox.obj
 0001:0003cb50       __atoi64                   1003db50 f   LIBCMTD:atox.obj
 0001:0003cc80       __CrtDbgBreak              1003dc80 f   LIBCMTD:dbgrpt.obj
 0001:0003cc90       __CrtSetReportMode         1003dc90 f   LIBCMTD:dbgrpt.obj
 0001:0003ccf0       __CrtSetReportFile         1003dcf0 f   LIBCMTD:dbgrpt.obj
 0001:0003cd70       __CrtSetReportHook         1003dd70 f   LIBCMTD:dbgrpt.obj
 0001:0003cd90       __CrtDbgReport             1003dd90 f   LIBCMTD:dbgrpt.obj
 0001:0003d430       _strncat                   1003e430 f   LIBCMTD:strncat.obj
 0001:0003d560       _fclose                    1003e560 f   LIBCMTD:fclose.obj
 0001:0003d5f0       __fclose_lk                1003e5f0 f   LIBCMTD:fclose.obj
 0001:0003d6b0       __fsopen                   1003e6b0 f   LIBCMTD:fopen.obj
 0001:0003d7b0       _fopen                     1003e7b0 f   LIBCMTD:fopen.obj
 0001:0003d7d0       _time                      1003e7d0 f   LIBCMTD:time.obj
 0001:0003d960       __CIsin                    1003e960 f   LIBCMTD:sin.obj
 0001:0003d974       _sin                       1003e974 f   LIBCMTD:sin.obj
 0001:0003da10       __CIcos                    1003ea10 f   LIBCMTD:cos.obj
 0001:0003da24       _cos                       1003ea24 f   LIBCMTD:cos.obj
 0001:0003dac0       __CItan                    1003eac0 f   LIBCMTD:tan.obj
 0001:0003dad4       _tan                       1003ead4 f   LIBCMTD:tan.obj
 0001:0003db80       __itoa                     1003eb80 f   LIBCMTD:xtoa.obj
 0001:0003dca0       __ltoa                     1003eca0 f   LIBCMTD:xtoa.obj
 0001:0003dce0       __ultoa                    1003ece0 f   LIBCMTD:xtoa.obj
 0001:0003dd00       __i64toa                   1003ed00 f   LIBCMTD:xtoa.obj
 0001:0003de50       __ui64toa                  1003ee50 f   LIBCMTD:xtoa.obj
 0001:0003de70       _fread                     1003ee70 f   LIBCMTD:fread.obj
 0001:0003deb0       __fread_lk                 1003eeb0 f   LIBCMTD:fread.obj
 0001:0003e080       _perror                    1003f080 f   LIBCMTD:perror.obj
 0001:0003e160       __stricmp                  1003f160 f   LIBCMTD:stricmp.obj
 0001:0003e160       _strcmpi                   1003f160 f   LIBCMTD:stricmp.obj
 0001:0003e160       _stricmp                   1003f160 f   LIBCMTD:stricmp.obj
 0001:0003e160       __strcmpi                  1003f160 f   LIBCMTD:stricmp.obj
 0001:0003e230       _strncpy                   1003f230 f   LIBCMTD:strncpy.obj
 0001:0003e330       _strstr                    1003f330 f   LIBCMTD:strstr.obj
 0001:0003e3c0       _strchr                    1003f3c0 f   LIBCMTD:strchr.obj
 0001:0003e3c6       ___from_strstr_to_strchr   1003f3c6 f   LIBCMTD:strchr.obj
 0001:0003e480       __tolower                  1003f480 f   LIBCMTD:tolower.obj
 0001:0003e490       _tolower                   1003f490 f   LIBCMTD:tolower.obj
 0001:0003e530       __tolower_lk               1003f530 f   LIBCMTD:tolower.obj
 0001:0003e660       _scanf                     1003f660 f   LIBCMTD:scanf.obj
 0001:0003e6e0       _strcspn                   1003f6e0 f   LIBCMTD:strcspn.obj
 0001:0003e720       _fflush                    1003f720 f   LIBCMTD:fflush.obj
 0001:0003e770       __fflush_lk                1003f770 f   LIBCMTD:fflush.obj
 0001:0003e7c0       __flush                    1003f7c0 f   LIBCMTD:fflush.obj
 0001:0003e880       __flushall                 1003f880 f   LIBCMTD:fflush.obj
 0001:0003e9d0       __CRT_INIT@12              1003f9d0 f   LIBCMTD:dllcrt0.obj
 0001:0003eb10       __DllMainCRTStartup@12     1003fb10 f   LIBCMTD:dllcrt0.obj
 0001:0003ec10       __amsg_exit                1003fc10 f   LIBCMTD:dllcrt0.obj
 0001:0003ec50       ?_set_new_handler@@YAP6AHI@ZP6AHI@Z@Z 1003fc50 f   LIBCMTD:handler.obj
 0001:0003ec80       ?_query_new_handler@@YAP6AHI@ZXZ 1003fc80 f   LIBCMTD:handler.obj
 0001:0003ec90       __callnewh                 1003fc90 f   LIBCMTD:handler.obj
 0001:0003ecc0       __mtinitlocks              1003fcc0 f   LIBCMTD:mlock.obj
 0001:0003ed00       __mtdeletelocks            1003fd00 f   LIBCMTD:mlock.obj
 0001:0003eda0       __lock                     1003fda0 f   LIBCMTD:mlock.obj
 0001:0003ee40       __unlock                   1003fe40 f   LIBCMTD:mlock.obj
 0001:0003ee60       __lockerr_exit             1003fe60 f   LIBCMTD:mlock.obj
 0001:0003ee80       _memset                    1003fe80 f   LIBCMTD:memset.obj
 0001:0003eee0       __malloc_base              1003fee0 f   LIBCMTD:malloc.obj
 0001:0003ef00       __nh_malloc_base           1003ff00 f   LIBCMTD:malloc.obj
 0001:0003ef60       __heap_alloc_base          1003ff60 f   LIBCMTD:malloc.obj
 0001:0003efd0       __CrtDefaultAllocHook      1003ffd0 f   LIBCMTD:dbghook.obj
 0001:0003efe0       __expand_base              1003ffe0 f   LIBCMTD:expand.obj
 0001:0003f090       __realloc_base             10040090 f   LIBCMTD:realloc.obj
 0001:0003f280       __free_base                10040280 f   LIBCMTD:free.obj
 0001:0003f2f0       __heapchk                  100402f0 f   LIBCMTD:heapchk.obj
 0001:0003f370       __heapset                  10040370 f   LIBCMTD:heapchk.obj
 0001:0003f380       __heap_init                10040380 f   LIBCMTD:heapinit.obj
 0001:0003f3d0       __heap_term                100403d0 f   LIBCMTD:heapinit.obj
 0001:0003f470       __get_sbh_threshold        10040470 f   LIBCMTD:sbheap.obj
 0001:0003f480       __set_sbh_threshold        10040480 f   LIBCMTD:sbheap.obj
 0001:0003f4a0       ___sbh_heap_init           100404a0 f   LIBCMTD:sbheap.obj
 0001:0003f500       ___sbh_find_block          10040500 f   LIBCMTD:sbheap.obj
 0001:0003f560       ___sbh_verify_block        10040560 f   LIBCMTD:sbheap.obj
 0001:0003f5c0       ___sbh_free_block          100405c0 f   LIBCMTD:sbheap.obj
 0001:0003fb90       ___sbh_alloc_block         10040b90 f   LIBCMTD:sbheap.obj
 0001:000400d0       ___sbh_alloc_new_region    100410d0 f   LIBCMTD:sbheap.obj
 0001:000401e0       ___sbh_alloc_new_group     100411e0 f   LIBCMTD:sbheap.obj
 0001:000403d0       ___sbh_resize_block        100413d0 f   LIBCMTD:sbheap.obj
 0001:000409c0       ___sbh_heapmin             100419c0 f   LIBCMTD:sbheap.obj
 0001:00040af0       ___sbh_heap_check          10041af0 f   LIBCMTD:sbheap.obj
 0001:00041110       __isctype                  10042110 f   LIBCMTD:isctype.obj
 0001:000411d0       __setdefaultprecision      100421d0 f   LIBCMTD:fp8.obj
 0001:000411f0       __ms_p5_test_fdiv          100421f0 f   LIBCMTD:testfdiv.obj
 0001:00041250       __ms_p5_mp_test_fdiv       10042250 f   LIBCMTD:testfdiv.obj
 0001:000412a0       __forcdecpt                100422a0 f   LIBCMTD:cvt.obj
 0001:00041350       __cropzeros                10042350 f   LIBCMTD:cvt.obj
 0001:00041430       __positive                 10042430 f   LIBCMTD:cvt.obj
 0001:00041460       __fassign                  10042460 f   LIBCMTD:cvt.obj
 0001:000414b0       __cftoe                    100424b0 f   LIBCMTD:cvt.obj
 0001:000416a0       __cftof                    100426a0 f   LIBCMTD:cvt.obj
 0001:00041850       __cftog                    10042850 f   LIBCMTD:cvt.obj
 0001:00041940       __cfltcvt                  10042940 f   LIBCMTD:cvt.obj
 0001:000419d0       __flsbuf                   100429d0 f   LIBCMTD:_flsbuf.obj
 0001:00041c50       __output                   10042c50 f   LIBCMTD:output.obj
 0001:00042af0       __stbuf                    10043af0 f   LIBCMTD:_sftbuf.obj
 0001:00042c50       __ftbuf                    10043c50 f   LIBCMTD:_sftbuf.obj
 0001:00042d01       __fFEXP                    10043d01 f   LIBCMTD:87tran.obj
 0001:00042d68       __rtinfpopse               10043d68 f   LIBCMTD:87tran.obj
 0001:00042d6a       __rtinfnpopse              10043d6a f   LIBCMTD:87tran.obj
 0001:00042d7a       __fFLN                     10043d7a f   LIBCMTD:87tran.obj
 0001:00042e2f       __rtinfpop                 10043e2f f   LIBCMTD:87tran.obj
 0001:00042e31       __rtinfnpop                10043e31 f   LIBCMTD:87tran.obj
 0001:00042e4e       __ffexpm1                  10043e4e f   LIBCMTD:87tran.obj
 0001:00042f00       __trandisp1                10043f00 f   LIBCMTD:87disp.obj
 0001:00042f67       __trandisp2                10043f67 f   LIBCMTD:87disp.obj
 0001:00042ff3       __rttospopde               10043ff3 f   LIBCMTD:87disp.obj
 0001:00042ff8       __rttospop                 10043ff8 f   LIBCMTD:87disp.obj
 0001:00042ffa       __rtnospop                 10043ffa f   LIBCMTD:87disp.obj
 0001:00042ffc       __rttosnpop                10043ffc f   LIBCMTD:87disp.obj
 0001:00042ffd       __rtnospopde               10043ffd f   LIBCMTD:87disp.obj
 0001:00043004       __rtzeropop                10044004 f   LIBCMTD:87disp.obj
 0001:00043006       __rtzeronpop               10044006 f   LIBCMTD:87disp.obj
 0001:0004300b       __rtonepop                 1004400b f   LIBCMTD:87disp.obj
 0001:0004300d       __rtonenpop                1004400d f   LIBCMTD:87disp.obj
 0001:00043012       __tosnan1                  10044012 f   LIBCMTD:87disp.obj
 0001:0004303d       __nosnan2                  1004403d f   LIBCMTD:87disp.obj
 0001:0004303f       __tosnan2                  1004403f f   LIBCMTD:87disp.obj
 0001:00043067       __nan2                     10044067 f   LIBCMTD:87disp.obj
 0001:000430a6       __rtindfpop                100440a6 f   LIBCMTD:87disp.obj
 0001:000430a8       __rtindfnpop               100440a8 f   LIBCMTD:87disp.obj
 0001:000430b9       __rttosnpopde              100440b9 f   LIBCMTD:87disp.obj
 0001:000430c3       __rtchsifneg               100440c3 f   LIBCMTD:87disp.obj
 0001:000430d0       __twoToTOS                 100440d0 f   LIBCMTD:common.obj
 0001:000430e5       __load_CW                  100440e5 f   LIBCMTD:common.obj
 0001:000430fc       __convertTOStoQNaN         100440fc f   LIBCMTD:common.obj
 0001:00043115       __fload_withFB             10044115 f   LIBCMTD:common.obj
 0001:00043158       __checkTOS_withFB          10044158 f   LIBCMTD:common.obj
 0001:0004316e       __fast_exit                1004416e f   LIBCMTD:common.obj
 0001:0004317b       __math_exit                1004417b f   LIBCMTD:common.obj
 0001:000431a5       __check_overflow_exit      100441a5 f   LIBCMTD:common.obj
 0001:000431b9       __check_range_exit         100441b9 f   LIBCMTD:common.obj
 0001:00043260       __startTwoArgErrorHandling 10044260 f   LIBCMTD:genexcep.obj
 0001:00043277       __startOneArgErrorHandling 10044277 f   LIBCMTD:genexcep.obj
 0001:000432c0       __cintrindisp2             100442c0 f   LIBCMTD:87cdisp.obj
 0001:000432fe       __cintrindisp1             100442fe f   LIBCMTD:87cdisp.obj
 0001:0004333b       __ctrandisp2               1004433b f   LIBCMTD:87cdisp.obj
 0001:000434bb       __ctrandisp1               100444bb f   LIBCMTD:87cdisp.obj
 0001:000434ee       __fload                    100444ee f   LIBCMTD:87cdisp.obj
 0001:00043530       __handle_qnan1             10044530 f   LIBCMTD:fpexcept.obj
 0001:00043590       __handle_qnan2             10044590 f   LIBCMTD:fpexcept.obj
 0001:00043600       __except1                  10044600 f   LIBCMTD:fpexcept.obj
 0001:000436c0       __except2                  100446c0 f   LIBCMTD:fpexcept.obj
 0001:00043790       __raise_exc                10044790 f   LIBCMTD:fpexcept.obj
 0001:00043c60       __handle_exc               10044c60 f   LIBCMTD:fpexcept.obj
 0001:00043fe0       __umatherr                 10044fe0 f   LIBCMTD:fpexcept.obj
 0001:00044080       __set_errno                10045080 f   LIBCMTD:fpexcept.obj
 0001:00044100       __errcode                  10045100 f   LIBCMTD:fpexcept.obj
 0001:00044180       __set_exp                  10045180 f   LIBCMTD:util.obj
 0001:000441c0       __get_exp                  100451c0 f   LIBCMTD:util.obj
 0001:000441f0       __add_exp                  100451f0 f   LIBCMTD:util.obj
 0001:00044230       __set_bexp                 10045230 f   LIBCMTD:util.obj
 0001:00044270       __sptype                   10045270 f   LIBCMTD:util.obj
 0001:000442f0       __decomp                   100452f0 f   LIBCMTD:util.obj
 0001:00044430       __statfp                   10045430 f   LIBCMTD:fpctrl.obj
 0001:00044450       __clrfp                    10045450 f   LIBCMTD:fpctrl.obj
 0001:00044470       __ctrlfp                   10045470 f   LIBCMTD:fpctrl.obj
 0001:000444b0       __set_statfp               100454b0 f   LIBCMTD:fpctrl.obj
 0001:00044530       __powhlp                   10045530 f   LIBCMTD:powhlp.obj
 0001:000447a0       __d_inttype                100457a0 f   LIBCMTD:powhlp.obj
 0001:00044820       __frnd                     10045820 f   LIBCMTD:frnd.obj
 0001:00044840       __copysign                 10045840 f   LIBCMTD:ieeemisc.obj
 0001:00044870       __chgsign                  10045870 f   LIBCMTD:ieeemisc.obj
 0001:000448a0       __scalb                    100458a0 f   LIBCMTD:ieeemisc.obj
 0001:000448c0       __logb                     100458c0 f   LIBCMTD:ieeemisc.obj
 0001:000449f0       __nextafter                100459f0 f   LIBCMTD:ieeemisc.obj
 0001:00044d30       __finite                   10045d30 f   LIBCMTD:ieeemisc.obj
 0001:00044d60       __isnan                    10045d60 f   LIBCMTD:ieeemisc.obj
 0001:00044db0       __fpclass                  10045db0 f   LIBCMTD:ieeemisc.obj
 0001:00044e90       __fltin2                   10045e90 f   LIBCMTD:cfin.obj
 0001:00044f50       _setlocale                 10045f50 f   LIBCMTD:setlocal.obj
 0001:000455e0       __expandlocale             100465e0 f   LIBCMTD:setlocal.obj
 0001:00045770       ___init_dummy              10046770 f   LIBCMTD:setlocal.obj
 0001:00045780       __strcats                  10046780 f   LIBCMTD:setlocal.obj
 0001:000457d0       ___lc_strtolc              100467d0 f   LIBCMTD:setlocal.obj
 0001:00045930       ___lc_lctostr              10046930 f   LIBCMTD:setlocal.obj
 0001:000459a0       ___crtLCMapStringA         100469a0 f   LIBCMTD:a_map.obj
 0001:00045d00       __filbuf                   10046d00 f   LIBCMTD:_filbuf.obj
 0001:00045ef0       __getbuf                   10046ef0 f   LIBCMTD:_getbuf.obj
 0001:00045fc0       __ioinit                   10046fc0 f   LIBCMTD:ioinit.obj
 0001:000462f0       __ioterm                   100472f0 f   LIBCMTD:ioinit.obj
 0001:00046390       __fcloseall                10047390 f   LIBCMTD:closeall.obj
 0001:00046470       __mtinit                   10047470 f   LIBCMTD:tidtable.obj
 0001:00046500       __mtterm                   10047500 f   LIBCMTD:tidtable.obj
 0001:00046530       __initptd                  10047530 f   LIBCMTD:tidtable.obj
 0001:00046550       __getptd                   10047550 f   LIBCMTD:tidtable.obj
 0001:000465f0       __freeptd                  100475f0 f   LIBCMTD:tidtable.obj
 0001:00046700       ___threadid                10047700 f   LIBCMTD:tidtable.obj
 0001:00046710       ___threadhandle            10047710 f   LIBCMTD:tidtable.obj
 0001:00046720       _signal                    10047720 f   LIBCMTD:winsig.obj
 0001:000469f0       _raise                     100479f0 f   LIBCMTD:winsig.obj
 0001:00046c90       ___fpecode                 10047c90 f   LIBCMTD:winsig.obj
 0001:00046ca0       ___pxcptinfoptrs           10047ca0 f   LIBCMTD:winsig.obj
 0001:00046cb0       __input                    10047cb0 f   LIBCMTD:input.obj
 0001:000481b0       __allmul                   100491b0 f   LIBCMTD:llmul.obj
 0001:000481f0       __snprintf                 100491f0 f   LIBCMTD:snprintf.obj
 0001:000482f0       __vsnprintf                100492f0 f   LIBCMTD:vsnprint.obj
 0001:000483f0       ___crtMessageBoxA          100493f0 f   LIBCMTD:crtmbox.obj
 0001:000484b0       __close                    100494b0 f   LIBCMTD:close.obj
 0001:00048530       __close_lk                 10049530 f   LIBCMTD:close.obj
 0001:000485e0       __freebuf                  100495e0 f   LIBCMTD:_freebuf.obj
 0001:00048680       __openfile                 10049680 f   LIBCMTD:_open.obj
 0001:00048a10       __getstream                10049a10 f   LIBCMTD:stream.obj
 0001:00048b90       ___loctotime_t             10049b90 f   LIBCMTD:dtoxtime.obj
 0001:00048c80       __aulldiv                  10049c80 f   LIBCMTD:ulldiv.obj
 0001:00048cf0       __aullrem                  10049cf0 f   LIBCMTD:ullrem.obj
 0001:00048d70       __read                     10049d70 f   LIBCMTD:read.obj
 0001:00048e00       __read_lk                  10049e00 f   LIBCMTD:read.obj
 0001:00049250       __alloc_osfhnd             1004a250 f   LIBCMTD:osfinfo.obj
 0001:00049440       __set_osfhnd               1004a440 f   LIBCMTD:osfinfo.obj
 0001:00049500       __free_osfhnd              1004a500 f   LIBCMTD:osfinfo.obj
 0001:000495e0       __get_osfhandle            1004a5e0 f   LIBCMTD:osfinfo.obj
 0001:00049650       __open_osfhandle           1004a650 f   LIBCMTD:osfinfo.obj
 0001:00049760       __lock_fhandle             1004a760 f   LIBCMTD:osfinfo.obj
 0001:000497f0       __unlock_fhandle           1004a7f0 f   LIBCMTD:osfinfo.obj
 0001:00049820       __dosmaperr                1004a820 f   LIBCMTD:dosmap.obj
 0001:000498c0       __errno                    1004a8c0 f   LIBCMTD:dosmap.obj
 0001:000498d0       ___doserrno                1004a8d0 f   LIBCMTD:dosmap.obj
 0001:000498e0       __write                    1004a8e0 f   LIBCMTD:write.obj
 0001:00049970       __write_lk                 1004a970 f   LIBCMTD:write.obj
 0001:00049bf0       __commit                   1004abf0 f   LIBCMTD:commit.obj
 0001:00049cd0       __setenvp                  1004acd0 f   LIBCMTD:stdenvp.obj
 0001:00049e20       __setargv                  1004ae20 f   LIBCMTD:stdargv.obj
 0001:0004a330       ___crtGetEnvironmentStringsA 1004b330 f   LIBCMTD:a_env.obj
 0001:0004a550       __FF_MSGBANNER             1004b550 f   LIBCMTD:crt0msg.obj
 0001:0004a5a0       __NMSG_WRITE               1004b5a0 f   LIBCMTD:crt0msg.obj
 0001:0004a760       __GET_RTERRMSG             1004b760 f   LIBCMTD:crt0msg.obj
 0001:0004a7b0       _memmove                   1004b7b0 f   LIBCMTD:memmove.obj
 0001:0004aaf0       ___crtGetStringTypeA       1004baf0 f   LIBCMTD:a_str.obj
 0001:0004acb0       __ZeroTail                 1004bcb0 f   LIBCMTD:intrncvt.obj
 0001:0004ad40       __IncMan                   1004bd40 f   LIBCMTD:intrncvt.obj
 0001:0004adf0       __RoundMan                 1004bdf0 f   LIBCMTD:intrncvt.obj
 0001:0004aed0       __CopyMan                  1004bed0 f   LIBCMTD:intrncvt.obj
 0001:0004af20       __FillZeroMan              1004bf20 f   LIBCMTD:intrncvt.obj
 0001:0004af50       __IsZeroMan                1004bf50 f   LIBCMTD:intrncvt.obj
 0001:0004af90       __ShrMan                   1004bf90 f   LIBCMTD:intrncvt.obj
 0001:0004b080       __ld12cvt                  1004c080 f   LIBCMTD:intrncvt.obj
 0001:0004b2d0       __ld12tod                  1004c2d0 f   LIBCMTD:intrncvt.obj
 0001:0004b2f0       __ld12tof                  1004c2f0 f   LIBCMTD:intrncvt.obj
 0001:0004b310       __ld12told                 1004c310 f   LIBCMTD:intrncvt.obj
 0001:0004b3d0       __atodbl                   1004c3d0 f   LIBCMTD:intrncvt.obj
 0001:0004b410       __atoldbl                  1004c410 f   LIBCMTD:intrncvt.obj
 0001:0004b450       __atoflt                   1004c450 f   LIBCMTD:intrncvt.obj
 0001:0004b490       __fptostr                  1004c490 f   LIBCMTD:_fptostr.obj
 0001:0004b590       __fltout2                  1004c590 f   LIBCMTD:cfout.obj
 0001:0004b610       ___dtold                   1004c610 f   LIBCMTD:cfout.obj
 0001:0004b780       __fptrap                   1004c780 f   LIBCMTD:crt0fp.obj
 0001:0004b790       __lseek                    1004c790 f   LIBCMTD:lseek.obj
 0001:0004b820       __lseek_lk                 1004c820 f   LIBCMTD:lseek.obj
 0001:0004b8e0       __isatty                   1004c8e0 f   LIBCMTD:isatty.obj
 0001:0004b920       _wctomb                    1004c920 f   LIBCMTD:wctomb.obj
 0001:0004b9a0       __wctomb_lk                1004c9a0 f   LIBCMTD:wctomb.obj
 0001:0004ba40       _fdiv_main_routine         1004ca40 f   LIBCMTD:adj_fdiv.obj
 0001:0004bb57       __adj_fdiv_r               1004cb57 f   LIBCMTD:adj_fdiv.obj
 0001:0004bff6       __fdivp_sti_st             1004cff6 f   LIBCMTD:adj_fdiv.obj
 0001:0004c009       __fdivrp_sti_st            1004d009 f   LIBCMTD:adj_fdiv.obj
 0001:0004c01c       __adj_fdiv_m32             1004d01c f   LIBCMTD:adj_fdiv.obj
 0001:0004c068       __adj_fdiv_m64             1004d068 f   LIBCMTD:adj_fdiv.obj
 0001:0004c0b4       __adj_fdiv_m16i            1004d0b4 f   LIBCMTD:adj_fdiv.obj
 0001:0004c0e8       __adj_fdiv_m32i            1004d0e8 f   LIBCMTD:adj_fdiv.obj
 0001:0004c11c       __adj_fdivr_m32            1004d11c f   LIBCMTD:adj_fdiv.obj
 0001:0004c168       __adj_fdivr_m64            1004d168 f   LIBCMTD:adj_fdiv.obj
 0001:0004c1b4       __adj_fdivr_m16i           1004d1b4 f   LIBCMTD:adj_fdiv.obj
 0001:0004c1e8       __adj_fdivr_m32i           1004d1e8 f   LIBCMTD:adj_fdiv.obj
 0001:0004c21c       __safe_fdiv                1004d21c f   LIBCMTD:adj_fdiv.obj
 0001:0004c231       __safe_fdivr               1004d231 f   LIBCMTD:adj_fdiv.obj
 0001:0004c246       __fprem_common             1004d246 f   LIBCMTD:adj_fdiv.obj
 0001:0004c44c       __adj_fprem                1004d44c f   LIBCMTD:adj_fdiv.obj
 0001:0004c4fe       __fprem1_common            1004d4fe f   LIBCMTD:adj_fdiv.obj
 0001:0004c704       __adj_fprem1               1004d704 f   LIBCMTD:adj_fdiv.obj
 0001:0004c7b9       __safe_fprem               1004d7b9 f   LIBCMTD:adj_fdiv.obj
 0001:0004c7bf       __safe_fprem1              1004d7bf f   LIBCMTD:adj_fdiv.obj
 0001:0004c7c5       __adj_fpatan               1004d7c5 f   LIBCMTD:adj_fdiv.obj
 0001:0004c7c8       __adj_fptan                1004d7c8 f   LIBCMTD:adj_fdiv.obj
 0001:0004c7d0       __87except                 1004d7d0 f   LIBCMTD:87except.obj
 0001:0004c950       __matherr                  1004d950 f   LIBCMTD:matherr.obj
 0001:0004c960       _ldexp                     1004d960 f   LIBCMTD:ldexp.obj
 0001:0004cc20       ___strgtold12              1004dc20 f   LIBCMTD:strgtold.obj
 0001:0004d750       ___STRINGTOLD              1004e750 f   LIBCMTD:strgtold.obj
 0001:0004d7a0       ___init_time               1004e7a0 f   LIBCMTD:inittime.obj
 0001:0004e120       ___init_numeric            1004f120 f   LIBCMTD:initnum.obj
 0001:0004e450       ___init_monetary           1004f450 f   LIBCMTD:initmon.obj
 0001:0004e8b0       ___init_ctype              1004f8b0 f   LIBCMTD:initctyp.obj
 0001:0004ec50       ___init_collate            1004fc50 f   LIBCMTD:initcoll.obj
 0001:0004ec60       _strncmp                   1004fc60 f   LIBCMTD:strncmp.obj
 0001:0004eca0       _strpbrk                   1004fca0 f   LIBCMTD:strpbrk.obj
 0001:0004ece0       ___get_qualified_locale    1004fce0 f   LIBCMTD:getqloc.obj
 0001:0004fa78       __global_unwind2           10050a78 f   LIBCMTD:exsup.obj
 0001:0004faba       __local_unwind2            10050aba f   LIBCMTD:exsup.obj
 0001:0004fb12       __NLG_Return2              10050b12 f   LIBCMTD:exsup.obj
 0001:0004fb22       __abnormal_termination     10050b22 f   LIBCMTD:exsup.obj
 0001:0004fb45       __NLG_Notify1              10050b45 f   LIBCMTD:exsup.obj
 0001:0004fb4e       __NLG_Notify               10050b4e f   LIBCMTD:exsup.obj
 0001:0004fb61       __NLG_Dispatch             10050b61 f   LIBCMTD:exsup.obj
 0001:0004fb70       __except_handler3          10050b70 f   LIBCMTD:exsup3.obj
 0001:0004fc2d       __seh_longjmp_unwind@4     10050c2d f   LIBCMTD:exsup3.obj
 0001:0004fc50       __XcptFilter               10050c50 f   LIBCMTD:winxfltr.obj
 0001:0004fe70       _mbtowc                    10050e70 f   LIBCMTD:mbtowc.obj
 0001:0004fef0       __mbtowc_lk                10050ef0 f   LIBCMTD:mbtowc.obj
 0001:00050050       _isalpha                   10051050 f   LIBCMTD:_ctype.obj
 0001:000500a0       _isupper                   100510a0 f   LIBCMTD:_ctype.obj
 0001:000500e0       _islower                   100510e0 f   LIBCMTD:_ctype.obj
 0001:00050120       _isdigit                   10051120 f   LIBCMTD:_ctype.obj
 0001:00050160       _isxdigit                  10051160 f   LIBCMTD:_ctype.obj
 0001:000501b0       _isspace                   100511b0 f   LIBCMTD:_ctype.obj
 0001:000501f0       _ispunct                   100511f0 f   LIBCMTD:_ctype.obj
 0001:00050230       _isalnum                   10051230 f   LIBCMTD:_ctype.obj
 0001:00050280       _isprint                   10051280 f   LIBCMTD:_ctype.obj
 0001:000502d0       _isgraph                   100512d0 f   LIBCMTD:_ctype.obj
 0001:00050320       _iscntrl                   10051320 f   LIBCMTD:_ctype.obj
 0001:00050360       ___isascii                 10051360 f   LIBCMTD:_ctype.obj
 0001:00050370       ___toascii                 10051370 f   LIBCMTD:_ctype.obj
 0001:00050380       ___iscsymf                 10051380 f   LIBCMTD:_ctype.obj
 0001:000503e0       ___iscsym                  100513e0 f   LIBCMTD:_ctype.obj
 0001:00050440       __allshl                   10051440 f   LIBCMTD:llshl.obj
 0001:00050460       __open                     10051460 f   LIBCMTD:open.obj
 0001:000504a0       __sopen                    100514a0 f   LIBCMTD:open.obj
 0001:00050a00       ___tzset                   10051a00 f   LIBCMTD:tzset.obj
 0001:00050a40       __tzset                    10051a40 f   LIBCMTD:tzset.obj
 0001:00050e10       __isindst                  10051e10 f   LIBCMTD:tzset.obj
 0001:00051340       __setmbcp                  10052340 f   LIBCMTD:mbctype.obj
 0001:00051b00       __getmbcp                  10052b00 f   LIBCMTD:mbctype.obj
 0001:00051b20       ___initmbctable            10052b20 f   LIBCMTD:mbctype.obj
 0001:00051b50       ___addl                    10052b50 f   LIBCMTD:mantold.obj
 0001:00051b90       ___add_12                  10052b90 f   LIBCMTD:mantold.obj
 0001:00051c40       ___shl_12                  10052c40 f   LIBCMTD:mantold.obj
 0001:00051ca0       ___shr_12                  10052ca0 f   LIBCMTD:mantold.obj
 0001:00051d10       ___mtold12                 10052d10 f   LIBCMTD:mantold.obj
 0001:00051e50       _$I10_OUTPUT               10052e50 f   LIBCMTD:x10fout.obj
 0001:00052370       ___ld12mul                 10053370 f   LIBCMTD:tenpow.obj
 0001:000527b0       ___multtenpow12            100537b0 f   LIBCMTD:tenpow.obj
 0001:00052880       __Getdays                  10053880 f   LIBCMTD:strftime.obj
 0001:000529b0       __Getmonths                100539b0 f   LIBCMTD:strftime.obj
 0001:00052ae0       __Gettnames                10053ae0 f   LIBCMTD:strftime.obj
 0001:00052e50       _strftime                  10053e50 f   LIBCMTD:strftime.obj
 0001:00052e70       __Strftime                 10053e70 f   LIBCMTD:strftime.obj
 0001:00053cf0       ___getlocaleinfo           10054cf0 f   LIBCMTD:inithelp.obj
 0001:00053f80       _localeconv                10054f80 f   LIBCMTD:lconv.obj
 0001:00053f90       ___crtGetStringTypeW       10054f90 f   LIBCMTD:w_str.obj
 0001:00054200       __strnicmp                 10055200 f   LIBCMTD:strnicmp.obj
 0001:00054310       __chsize                   10055310 f   LIBCMTD:chsize.obj
 0001:00054390       __chsize_lk                10055390 f   LIBCMTD:chsize.obj
 0001:000545c0       _getenv                    100555c0 f   LIBCMTD:getenv.obj
 0001:000545f0       __getenv_lk                100555f0 f   LIBCMTD:getenv.obj
 0001:000546c0       ___crtGetLocaleInfoW       100556c0 f   LIBCMTD:w_loc.obj
 0001:00054860       ___crtGetLocaleInfoA       10055860 f   LIBCMTD:a_loc.obj
 0001:00054a10       __setmode                  10055a10 f   LIBCMTD:setmode.obj
 0001:00054a90       __setmode_lk               10055a90 f   LIBCMTD:setmode.obj
 0001:00054b60       __mbsnbicoll               10055b60 f   LIBCMTD:mbsnbico.obj
 0001:00054bb0       ___wtomb_environ           10055bb0 f   LIBCMTD:wtombenv.obj
 0001:00054c60       ___crtCompareStringA       10055c60 f   LIBCMTD:a_cmp.obj
 0001:000550b0       ___crtsetenv               100560b0 f   LIBCMTD:setenv.obj
 0001:00055500       __mbschr                   10056500 f   LIBCMTD:mbschr.obj
 0001:000555f0       _IsBadWritePtr@8           100565f0 f   kernel32:KERNEL32.dll
 0001:000555f6       _IsBadReadPtr@8            100565f6 f   kernel32:KERNEL32.dll
 0001:000555fc       _HeapValidate@12           100565fc f   kernel32:KERNEL32.dll
 0001:00055602       _InterlockedDecrement@4    10056602 f   kernel32:KERNEL32.dll
 0001:00055608       _InterlockedIncrement@4    10056608 f   kernel32:KERNEL32.dll
 0001:0005560e       _EnterCriticalSection@4    1005660e f   kernel32:KERNEL32.dll
 0001:00055614       _LeaveCriticalSection@4    10056614 f   kernel32:KERNEL32.dll
 0001:0005561a       _ExitProcess@4             1005661a f   kernel32:KERNEL32.dll
 0001:00055620       _TerminateProcess@8        10056620 f   kernel32:KERNEL32.dll
 0001:00055626       _GetCurrentProcess@0       10056626 f   kernel32:KERNEL32.dll
 0001:0005562c       _DebugBreak@0              1005662c f   kernel32:KERNEL32.dll
 0001:00055632       _GetStdHandle@4            10056632 f   kernel32:KERNEL32.dll
 0001:00055638       _WriteFile@20              10056638 f   kernel32:KERNEL32.dll
 0001:0005563e       _OutputDebugStringA@4      1005663e f   kernel32:KERNEL32.dll
 0001:00055644       _GetProcAddress@8          10056644 f   kernel32:KERNEL32.dll
 0001:0005564a       _LoadLibraryA@4            1005664a f   kernel32:KERNEL32.dll
 0001:00055650       _GetModuleFileNameA@12     10056650 f   kernel32:KERNEL32.dll
 0001:00055656       _GetTimeZoneInformation@4  10056656 f   kernel32:KERNEL32.dll
 0001:0005565c       _GetSystemTime@4           1005665c f   kernel32:KERNEL32.dll
 0001:00055662       _GetLocalTime@4            10056662 f   kernel32:KERNEL32.dll
 0001:00055668       _GetCommandLineA@0         10056668 f   kernel32:KERNEL32.dll
 0001:0005566e       _GetVersion@0              1005666e f   kernel32:KERNEL32.dll
 0001:00055674       _InitializeCriticalSection@4 10056674 f   kernel32:KERNEL32.dll
 0001:0005567a       _DeleteCriticalSection@4   1005667a f   kernel32:KERNEL32.dll
 0001:00055680       _FatalAppExitA@8           10056680 f   kernel32:KERNEL32.dll
 0001:00055686       _HeapAlloc@12              10056686 f   kernel32:KERNEL32.dll
 0001:0005568c       _HeapReAlloc@16            1005668c f   kernel32:KERNEL32.dll
 0001:00055692       _HeapFree@12               10056692 f   kernel32:KERNEL32.dll
 0001:00055698       _GetLastError@0            10056698 f   kernel32:KERNEL32.dll
 0001:0005569e       _HeapDestroy@4             1005669e f   kernel32:KERNEL32.dll
 0001:000556a4       _HeapCreate@12             100566a4 f   kernel32:KERNEL32.dll
 0001:000556aa       _VirtualFree@12            100566aa f   kernel32:KERNEL32.dll
 0001:000556b0       _VirtualAlloc@16           100566b0 f   kernel32:KERNEL32.dll
 0001:000556b6       _GetModuleHandleA@4        100566b6 f   kernel32:KERNEL32.dll
 0001:000556bc       _RaiseException@16         100566bc f   kernel32:KERNEL32.dll
 0001:000556c2       _WideCharToMultiByte@32    100566c2 f   kernel32:KERNEL32.dll
 0001:000556c8       _MultiByteToWideChar@24    100566c8 f   kernel32:KERNEL32.dll
 0001:000556ce       _LCMapStringA@24           100566ce f   kernel32:KERNEL32.dll
 0001:000556d4       _LCMapStringW@24           100566d4 f   kernel32:KERNEL32.dll
 0001:000556da       _SetHandleCount@4          100566da f   kernel32:KERNEL32.dll
 0001:000556e0       _GetFileType@4             100566e0 f   kernel32:KERNEL32.dll
 0001:000556e6       _GetStartupInfoA@4         100566e6 f   kernel32:KERNEL32.dll
 0001:000556ec       _GetCurrentThreadId@0      100566ec f   kernel32:KERNEL32.dll
 0001:000556f2       _TlsSetValue@8             100566f2 f   kernel32:KERNEL32.dll
 0001:000556f8       _TlsAlloc@0                100566f8 f   kernel32:KERNEL32.dll
 0001:000556fe       _TlsFree@4                 100566fe f   kernel32:KERNEL32.dll
 0001:00055704       _SetLastError@4            10056704 f   kernel32:KERNEL32.dll
 0001:0005570a       _TlsGetValue@4             1005670a f   kernel32:KERNEL32.dll
 0001:00055710       _GetCurrentThread@0        10056710 f   kernel32:KERNEL32.dll
 0001:00055716       _SetConsoleCtrlHandler@8   10056716 f   kernel32:KERNEL32.dll
 0001:0005571c       _CloseHandle@4             1005671c f   kernel32:KERNEL32.dll
 0001:00055722       _ReadFile@20               10056722 f   kernel32:KERNEL32.dll
 0001:00055728       _SetStdHandle@8            10056728 f   kernel32:KERNEL32.dll
 0001:0005572e       _FlushFileBuffers@4        1005672e f   kernel32:KERNEL32.dll
 0001:00055734       _FreeEnvironmentStringsA@4 10056734 f   kernel32:KERNEL32.dll
 0001:0005573a       _FreeEnvironmentStringsW@4 1005673a f   kernel32:KERNEL32.dll
 0001:00055740       _GetEnvironmentStrings@0   10056740 f   kernel32:KERNEL32.dll
 0001:00055746       _GetEnvironmentStringsW@0  10056746 f   kernel32:KERNEL32.dll
 0001:0005574c       _GetStringTypeA@20         1005674c f   kernel32:KERNEL32.dll
 0001:00055752       _GetStringTypeW@16         10056752 f   kernel32:KERNEL32.dll
 0001:00055758       _SetFilePointer@16         10056758 f   kernel32:KERNEL32.dll
 0001:0005575e       _GetCPInfo@8               1005675e f   kernel32:KERNEL32.dll
 0001:00055764       _IsValidLocale@8           10056764 f   kernel32:KERNEL32.dll
 0001:0005576a       _IsValidCodePage@4         1005676a f   kernel32:KERNEL32.dll
 0001:00055770       _GetLocaleInfoA@16         10056770 f   kernel32:KERNEL32.dll
 0001:00055776       _EnumSystemLocalesA@8      10056776 f   kernel32:KERNEL32.dll
 0001:0005577c       _GetUserDefaultLCID@0      1005677c f   kernel32:KERNEL32.dll
 0001:00055782       _GetVersionExA@4           10056782 f   kernel32:KERNEL32.dll
 0001:00055788       _RtlUnwind@16              10056788 f   kernel32:KERNEL32.dll
 0001:0005578e       _UnhandledExceptionFilter@4 1005678e f   kernel32:KERNEL32.dll
 0001:00055794       _CreateFileA@28            10056794 f   kernel32:KERNEL32.dll
 0001:0005579a       _GetACP@0                  1005679a f   kernel32:KERNEL32.dll
 0001:000557a0       _GetOEMCP@0                100567a0 f   kernel32:KERNEL32.dll
 0001:000557a6       _SetEndOfFile@4            100567a6 f   kernel32:KERNEL32.dll
 0001:000557ac       _GetLocaleInfoW@16         100567ac f   kernel32:KERNEL32.dll
 0001:000557b2       _CompareStringA@24         100567b2 f   kernel32:KERNEL32.dll
 0001:000557b8       _CompareStringW@24         100567b8 f   kernel32:KERNEL32.dll
 0001:000557be       _SetEnvironmentVariableA@8 100567be f   kernel32:KERNEL32.dll
 0001:000557d0       ___dtoxmode                100567d0 f   LIBCMTD:stat.obj
 0001:00055920       __stat                     10056920 f   LIBCMTD:stat.obj
 0001:00055920       _stat                      10056920 f   LIBCMTD:stat.obj
 0001:00055ea0       __mbsicmp                  10056ea0 f   LIBCMTD:mbsicmp.obj
 0001:00056140       __mbsrchr                  10057140 f   LIBCMTD:mbsrchr.obj
 0001:00056210       __fullpath                 10057210 f   LIBCMTD:fullpath.obj
 0001:000562f0       __getdrive                 100572f0 f   LIBCMTD:drive.obj
 0001:00056350       __chdrive                  10057350 f   LIBCMTD:drive.obj
 0001:000563e0       __mbctolower               100573e0 f   LIBCMTD:mbtolwr.obj
 0001:000564c0       __mbspbrk                  100574c0 f   LIBCMTD:mbspbrk.obj
 0001:00056600       _strrchr                   10057600 f   LIBCMTD:strrchr.obj
 0001:00056630       __getcwd                   10057630 f   LIBCMTD:getcwd.obj
 0001:00056670       __getdcwd                  10057670 f   LIBCMTD:getcwd.obj
 0001:000566b0       __getdcwd_lk               100576b0 f   LIBCMTD:getcwd.obj
 0001:000567d0       __validdrive               100577d0 f   LIBCMTD:getcwd.obj
 0001:0005681e       _FindClose@4               1005781e f   kernel32:KERNEL32.dll
 0001:00056824       _FileTimeToSystemTime@8    10057824 f   kernel32:KERNEL32.dll
 0001:0005682a       _FileTimeToLocalFileTime@8 1005782a f   kernel32:KERNEL32.dll
 0001:00056830       _GetDriveTypeA@4           10057830 f   kernel32:KERNEL32.dll
 0001:00056836       _FindFirstFileA@8          10057836 f   kernel32:KERNEL32.dll
 0001:0005683c       _GetFullPathNameA@16       1005783c f   kernel32:KERNEL32.dll
 0001:00056842       _GetCurrentDirectoryA@8    10057842 f   kernel32:KERNEL32.dll
 0001:00056848       _SetCurrentDirectoryA@4    10057848 f   kernel32:KERNEL32.dll
 0002:00000020       __real@8@00000000000000000000 10058020     And.obj
 0002:00000028       __real@8@3fff8000000000000000 10058028     ApplyTrialSched.obj
 0002:00000030       __real@8@4002e000000000000000 10058030     ApplyTrialSched.obj
 0002:00000038       __real@8@4003e000000000000000 10058038     ApplyTrialSched.obj
 0002:00000040       __real@8@4000935d8ddd90cec800 10058040     ariths.obj
 0002:00000048       __real@8@c005a000000000000000 10058048     ariths.obj
 0002:00000050       __real@8@3ff1d1b71758e2196800 10058050     cellcount.obj
 0002:00000058       __real@8@3ff9f5c28f5c28f5c000 10058058     cellcount.obj
 0002:00000060       __real@8@40008000000000000000 10058060     cellcount.obj
 0002:00000068       __real@8@4003a000000000000000 10058068     cellp.obj
 0002:00000070       __real@8@bfd78cbccc096f508800 10058070     cellp.obj
 0002:00000078       __real@8@3fd78cbccc096f508800 10058078     cellp.obj
 0002:00000080       __real@8@3fffb8aa433508f64800 10058080     cellp.obj
 0002:00000088       __real@8@c0029000000000000000 10058088     cellp.obj
 0002:00000090       __real@8@4005c800000000000000 10058090     checkevents.obj
 0002:00000098       __real@8@3ffe8000000000000000 10058098     checkevents.obj
 0002:000000a0       __real@8@3ffec000000000000000 100580a0     CheckForTox.obj
 0002:000000a8       __real@8@400dfffe000000000000 100580a8     grand.obj
 0002:000000b0       __real@8@3ffefff972474538f000 100580b0     grand.obj
 0002:000000b8       __real@8@4010a26c000000000000 100580b8     grand.obj
 0002:000000c0       __real@8@400cd890000000000000 100580c0     grand.obj
 0002:000000c8       __real@8@4007e700000000000000 100580c8     grand.obj
 0002:000000d0       __real@8@40068400000000000000 100580d0     grand.obj
 0002:000000d8       __real@8@4005c600000000000000 100580d8     grand.obj
 0002:000000e0       __real@8@40068c00000000000000 100580e0     grand.obj
 0002:000000e8       __real@8@3ffcaaaaaaaaaa5f9800 100580e8     grand.obj
 0002:000000f0       __real@8@3ffea000000000000000 100580f0     grand.obj
 0002:000000f8       __real@8@4000c000000000000000 100580f8     grand.obj
 0002:00000100       __real@8@3ffc89374bc6a7efa000 10058100     grand.obj
 0002:00000108       __real@8@4003a400000000000000 10058108     grand.obj
 0002:00000110       __real@8@4002f4ccccccccccd000 10058110     grand.obj
 0002:00000118       __real@8@40019333333333333000 10058118     grand.obj
 0002:00000120       __real@8@40008c7ae147ae147800 10058120     grand.obj
 0002:00000128       __real@8@4003f000000000000000 10058128     grand.obj
 0002:00000130       __real@8@c0008000000000000000 10058130     grand.obj
 0002:00000138       __real@8@3ffefffffffffee68800 10058138     grand.obj
 0002:00000140       __real@8@4009fa00000000000000 10058140     grand.obj
 0002:00000148       __real@8@3feea7c5ac471b478800 10058148     grand.obj
 0002:00000150       __real@8@401cee6b280000000000 10058150     grand.obj
 0002:00000158       __real@8@3ffd8000000000000000 10058158     integration.obj
 0002:00000160       __real@8@3feb8637bd05af6c6800 10058160     integration.obj
 0002:00000168       __real@8@3fe4abcc77118461d000 10058168     InterpretEvents.obj
 0002:00000170       __real@8@3fdddbe6fecebdedd800 10058170     jpgfen.obj
 0002:00000178       __real@8@4001c000000000000000 10058178     jpgfen.obj
 0002:00000180       __real@8@401effffffff00000000 10058180     MultiSim.obj
 0002:00000188       __real@8@400deb02000000000000 10058188     MultiSim.obj
 0002:00000190       __real@8@400df4c0000000000000 10058190     MultiSim.obj
 0002:00000198       __real@8@4001c90fdaa22130f000 10058198     norm.obj
 0002:000001a0       __real@8@3f9ba2425ff75e150000 100581a0     pgf1.pure.obj
 0002:000001a8       __real@8@3f9ba2425ff75e16c800 100581a8     pgf1.pure.obj
 0002:000001b0       __real@8@bfff8000000000000000 100581b0     pgfint.obj
 0002:000001b8       __real@8@4008af00000000000000 100581b8     pgfint.obj
 0002:000001c0       __real@8@4005a000000000000000 100581c0     pgfxcm.obj
 0002:000001c8       __real@8@40018000000000000000 100581c8     pgfxcm.obj
 0002:000001d0       __real@8@3ffd9999999999999800 100581d0     phaseii.obj
 0002:000001d8       __real@8@3ffcccccccccccccd000 100581d8     phaseii.obj
 0002:000001e0       __real@8@3ffc9999999999999800 100581e0     phaseii.obj
 0002:000001e8       __real@8@3ffbccccccccccccd000 100581e8     phaseii.obj
 0002:000001f0       __real@8@3ffaccccccccccccd000 100581f0     phaseii.obj
 0002:000001f8       __real@8@3ffee666666666666800 100581f8     pois_rep.obj
 0002:00000200       __real@8@4000c90fdaa22130f000 10058200     pois_rep.obj
 0002:00000208       __real@8@4002c000000000000000 10058208     pois_rep.obj
 0002:00000210       __real@8@4000a06c98ffb1383000 10058210     pois_rep.obj
 0002:00000218       __real@8@4001b000000000000000 10058218     pois_rep.obj
 0002:00000220       __real@8@3ffeb17217f78fe66000 10058220     setrates.obj
 0002:00000228       __real@8@3ffdbc5ab1b0ca5f4800 10058228     timecours.obj
 0002:00000230       __real@8@3ff8a3d70a3d70a3d800 10058230     timecours.obj
 0002:00000238       __real@8@3ffefffffe5280d65800 10058238     timecours.obj
 0002:00000240       __real@8@3fe7d6bf94d5e57a4000 10058240     timecours.obj
 0002:00000248       __real@8@3fe189705f4136b4a800 10058248     vbc.obj
 0002:00000250       ??_C@_06DPMO@Client?$AA@   10058250     LIBCMTD:dbgheap.obj
 0002:00000258       ??_C@_06BAFM@Ignore?$AA@   10058258     LIBCMTD:dbgheap.obj
 0002:00000260       ??_C@_03DICE@CRT?$AA@      10058260     LIBCMTD:dbgheap.obj
 0002:00000264       ??_C@_06BILL@Normal?$AA@   10058264     LIBCMTD:dbgheap.obj
 0002:0000026c       ??_C@_04NEN@Free?$AA@      1005826c     LIBCMTD:dbgheap.obj
 0002:00000274       ??_C@_0DC@CGID@Error?3?5memory?5allocation?3?5bad?5me@ 10058274     LIBCMTD:dbgheap.obj
 0002:000002a8       ??_C@_0CE@FMIA@Invalid?5allocation?5size?3?5?$CFu?5byte@ 100582a8     LIBCMTD:dbgheap.obj
 0002:000002cc       ??_C@_02DILL@?$CFs?$AA@    100582cc     LIBCMTD:dbgheap.obj
 0002:000002d0       ??_C@_0CB@CPBI@Client?5hook?5allocation?5failure?4?6@ 100582d0     LIBCMTD:dbgheap.obj
 0002:000002f4       ??_C@_0DF@DKHF@Client?5hook?5allocation?5failure?5a@ 100582f4     LIBCMTD:dbgheap.obj
 0002:0000032c       ??_C@_09IMJC@dbgheap?4c?$AA@ 1005832c     LIBCMTD:dbgheap.obj
 0002:00000338       ??_C@_0BC@EPKL@_CrtCheckMemory?$CI?$CJ?$AA@ 10058338     LIBCMTD:dbgheap.obj
 0002:0000034c       ??_C@_0BK@JDHA@_pFirstBlock?5?$DN?$DN?5pOldBlock?$AA@ 1005834c     LIBCMTD:dbgheap.obj
 0002:00000368       ??_C@_0BJ@NMEF@_pLastBlock?5?$DN?$DN?5pOldBlock?$AA@ 10058368     LIBCMTD:dbgheap.obj
 0002:00000384       ??_C@_0DC@BOCN@fRealloc?5?$HM?$HM?5?$CI?$CBfRealloc?5?$CG?$CG?5pNewBl@ 10058384     LIBCMTD:dbgheap.obj
 0002:000003b8       ??_C@_0DK@DKOM@_BLOCK_TYPE?$CIpOldBlock?9?$DOnBlockUse@ 100583b8     LIBCMTD:dbgheap.obj
 0002:000003f4       ??_C@_0EF@EDKM@pOldBlock?9?$DOnLine?5?$DN?$DN?5IGNORE_LINE?5@ 100583f4     LIBCMTD:dbgheap.obj
 0002:0000043c       ??_C@_0CC@GPMO@_CrtIsValidHeapPointer?$CIpUserData@ 1005843c     LIBCMTD:dbgheap.obj
 0002:00000460       ??_C@_0CN@FHGE@Allocation?5too?5large?5or?5negative@ 10058460     LIBCMTD:dbgheap.obj
 0002:00000490       ??_C@_0CE@EAMN@Client?5hook?5re?9allocation?5failur@ 10058490     LIBCMTD:dbgheap.obj
 0002:000004b4       ??_C@_0DI@KKMM@Client?5hook?5re?9allocation?5failur@ 100584b4     LIBCMTD:dbgheap.obj
 0002:000004ec       ??_C@_0BG@JCEC@_pFirstBlock?5?$DN?$DN?5pHead?$AA@ 100584ec     LIBCMTD:dbgheap.obj
 0002:00000504       ??_C@_0BF@NLNN@_pLastBlock?5?$DN?$DN?5pHead?$AA@ 10058504     LIBCMTD:dbgheap.obj
 0002:0000051c       ??_C@_0BO@PLHH@pHead?9?$DOnBlockUse?5?$DN?$DN?5nBlockUse?$AA@ 1005851c     LIBCMTD:dbgheap.obj
 0002:0000053c       ??_C@_0DN@KKIO@pHead?9?$DOnLine?5?$DN?$DN?5IGNORE_LINE?5?$CG?$CG?5p@ 1005853c     LIBCMTD:dbgheap.obj
 0002:0000057c       ??_C@_0CK@OJNB@DAMAGE?3?5after?5?$CFhs?5block?5?$CI?$CD?$CFd?$CJ?5at@ 1005857c     LIBCMTD:dbgheap.obj
 0002:000005a8       ??_C@_0CL@IJIL@DAMAGE?3?5before?5?$CFhs?5block?5?$CI?$CD?$CFd?$CJ?5a@ 100585a8     LIBCMTD:dbgheap.obj
 0002:000005d4       ??_C@_0CH@PHOC@_BLOCK_TYPE_IS_VALID?$CIpHead?9?$DOnBlo@ 100585d4     LIBCMTD:dbgheap.obj
 0002:000005fc       ??_C@_0BL@MBNA@Client?5hook?5free?5failure?4?6?$AA@ 100585fc     LIBCMTD:dbgheap.obj
 0002:00000618       ??_C@_0DK@EKKL@memory?5check?5error?5at?50x?$CF08X?5?$DN?50@ 10058618     LIBCMTD:dbgheap.obj
 0002:00000654       ??_C@_0CJ@GCII@?$CFhs?5located?5at?50x?$CF08X?5is?5?$CFu?5byte@ 10058654     LIBCMTD:dbgheap.obj
 0002:00000680       ??_C@_0CA@EJPI@?$CFhs?5allocated?5at?5file?5?$CFhs?$CI?$CFd?$CJ?4?6?$AA@ 10058680     LIBCMTD:dbgheap.obj
 0002:000006a0       ??_C@_0CJ@LHHG@DAMAGE?3?5on?5top?5of?5Free?5block?5at?5@ 100586a0     LIBCMTD:dbgheap.obj
 0002:000006cc       ??_C@_07GJHM@DAMAGED?$AA@  100586cc     LIBCMTD:dbgheap.obj
 0002:000006d4       ??_C@_0CL@ODIE@_heapchk?5fails?5with?5unknown?5retu@ 100586d4     LIBCMTD:dbgheap.obj
 0002:00000700       ??_C@_0CC@EHNC@_heapchk?5fails?5with?5_HEAPBADPTR?4@ 10058700     LIBCMTD:dbgheap.obj
 0002:00000724       ??_C@_0CC@JNDP@_heapchk?5fails?5with?5_HEAPBADEND?4@ 10058724     LIBCMTD:dbgheap.obj
 0002:00000748       ??_C@_0CD@DNMG@_heapchk?5fails?5with?5_HEAPBADNODE@ 10058748     LIBCMTD:dbgheap.obj
 0002:0000076c       ??_C@_0CE@JMCB@_heapchk?5fails?5with?5_HEAPBADBEGI@ 1005876c     LIBCMTD:dbgheap.obj
 0002:00000790       ??_C@_0CD@MEMI@Bad?5memory?5block?5found?5at?50x?$CF08X@ 10058790     LIBCMTD:dbgheap.obj
 0002:000007b4       ??_C@_0CI@GMAO@_CrtMemCheckPoint?3?5NULL?5state?5po@ 100587b4     LIBCMTD:dbgheap.obj
 0002:000007dc       ??_C@_0CI@MNAE@_CrtMemDifference?3?5NULL?5state?5po@ 100587dc     LIBCMTD:dbgheap.obj
 0002:00000804       ??_C@_0BH@PKIJ@Object?5dump?5complete?4?6?$AA@ 10058804     LIBCMTD:dbgheap.obj
 0002:0000081c       ??_C@_0DB@DBPF@crt?5block?5at?50x?$CF08X?0?5subtype?5?$CFx?0@ 1005881c     LIBCMTD:dbgheap.obj
 0002:00000850       ??_C@_0CI@JLM@normal?5block?5at?50x?$CF08X?0?5?$CFu?5bytes@ 10058850     LIBCMTD:dbgheap.obj
[...]
 0001:0003e6f4       listnext                   1003f6f4 f   LIBCMTD:strcspn.obj
 0001:0003e701       listdone                   1003f701 f   LIBCMTD:strcspn.obj
 0001:0003e708       dstnext                    1003f708 f   LIBCMTD:strcspn.obj
 0001:0003e716       dstdone                    1003f716 f   LIBCMTD:strcspn.obj
 0001:0003e3b0       _$$$00001                  1003f3b0 f   LIBCMTD:strchr.obj
 0001:0003e3d8       str_misaligned             1003f3d8 f   LIBCMTD:strchr.obj
 0001:0003e3eb       main_loop_start            1003f3eb f   LIBCMTD:strchr.obj
 0001:0003e3f6       main_loop                  1003f3f6 f   LIBCMTD:strchr.obj
 0001:0003e432       retnull                    1003f432 f   LIBCMTD:strchr.obj
 0001:0003e434       retnull_bx                 1003f434 f   LIBCMTD:strchr.obj
 0001:0003e438       chr_is_found               1003f438 f   LIBCMTD:strchr.obj
 0001:0003e460       byte_3                     1003f460 f   LIBCMTD:strchr.obj
 0001:0003e467       byte_2                     1003f467 f   LIBCMTD:strchr.obj
 0001:0003e46e       byte_1                     1003f46e f   LIBCMTD:strchr.obj
 0001:0003e475       byte_0                     1003f475 f   LIBCMTD:strchr.obj
 0001:0003e3b0       found_bx                   1003f3b0 f   LIBCMTD:strchr.obj
 0001:0003e348       findnext                   1003f348 f   LIBCMTD:strstr.obj
 0001:0003e359       loop_start                 1003f359 f   LIBCMTD:strstr.obj
 0001:0003e35c       in_loop                    1003f35c f   LIBCMTD:strstr.obj
 0001:0003e364       not_found                  1003f364 f   LIBCMTD:strstr.obj
 0001:0003e36a       first_char_found           1003f36a f   LIBCMTD:strstr.obj
 0001:0003e371       two_first_chars_equal      1003f371 f   LIBCMTD:strstr.obj
 0001:0003e374       compare_loop               1003f374 f   LIBCMTD:strstr.obj
 0001:0003e397       strchr_call                1003f397 f   LIBCMTD:strstr.obj
 0001:0003e3a3       match                      1003f3a3 f   LIBCMTD:strstr.obj
 0001:0003e3aa       empty_str2                 1003f3aa f   LIBCMTD:strstr.obj
 0001:0003e254       src_misaligned             1003f254 f   LIBCMTD:strncpy.obj
 0001:0003e270       tail_loop_start            1003f270 f   LIBCMTD:strncpy.obj
 0001:0003e275       copy_tail_loop             1003f275 f   LIBCMTD:strncpy.obj
 0001:0003e282       fill_tail_end1             1003f282 f   LIBCMTD:strncpy.obj
 0001:0003e28a       align_dest                 1003f28a f   LIBCMTD:strncpy.obj
 0001:0003e292       dest_align_loop            1003f292 f   LIBCMTD:strncpy.obj
 0001:0003e2a4       dest_align_loop_end        1003f2a4 f   LIBCMTD:strncpy.obj
 0001:0003e2ab       finish_loop                1003f2ab f   LIBCMTD:strncpy.obj
 0001:0003e2ae       fill_tail_zero_bytes       1003f2ae f   LIBCMTD:strncpy.obj
 0001:0003e2b3       finish                     1003f2b3 f   LIBCMTD:strncpy.obj
 0001:0003e2b9       main_loop                  1003f2b9 f   LIBCMTD:strncpy.obj
 0001:0003e2c1       main_loop_entrance         1003f2c1 f   LIBCMTD:strncpy.obj
 0001:0003e2f7       byte_2                     1003f2f7 f   LIBCMTD:strncpy.obj
 0001:0003e301       byte_1                     1003f301 f   LIBCMTD:strncpy.obj
 0001:0003e30b       byte_0                     1003f30b f   LIBCMTD:strncpy.obj
 0001:0003e30f       fill_with_EOS_dwords       1003f30f f   LIBCMTD:strncpy.obj
 0001:0003e317       fill_dwords_with_EOS       1003f317 f   LIBCMTD:strncpy.obj
 0001:0003e319       fill_with_EOS_loop         1003f319 f   LIBCMTD:strncpy.obj
 0001:0003e321       fill_tail                  1003f321 f   LIBCMTD:strncpy.obj
 0001:0003e326       fill_tail_end              1003f326 f   LIBCMTD:strncpy.obj
 0001:0003e17c       chk_null                   1003f17c f   LIBCMTD:stricmp.obj
 0001:0003e1ae       done                       1003f1ae f   LIBCMTD:stricmp.obj
 0001:0003e1b3       notclocale                 1003f1b3 f   LIBCMTD:stricmp.obj
 0001:0003e1c7       do_lock                    1003f1c7 f   LIBCMTD:stricmp.obj
 0001:0003e1dc       end_lock                   1003f1dc f   LIBCMTD:stricmp.obj
 0001:0003e1e4       chk_null2                  1003f1e4 f   LIBCMTD:stricmp.obj
 0001:0003e20f       done2                      1003f20f f   LIBCMTD:stricmp.obj
 0001:0003e21f       do_unlock                  1003f21f f   LIBCMTD:stricmp.obj
 0001:0003e229       end_unlock                 1003f229 f   LIBCMTD:stricmp.obj
 0001:0003e22b       doret                      1003f22b f   LIBCMTD:stricmp.obj
 0001:0003dbd0       _xtoa                      1003ebd0 f   LIBCMTD:xtoa.obj
 0001:0003dd50       _x64toa@20                 1003ed50 f   LIBCMTD:xtoa.obj
 0001:0003d44b       front_misaligned           1003e44b f   LIBCMTD:strncat.obj
 0001:0003d45a       find_end_of_front_string_loop 1003e45a f   LIBCMTD:strncat.obj
 0001:0003d48b       start_byte_3               1003e48b f   LIBCMTD:strncat.obj
 0001:0003d48e       start_byte_2               1003e48e f   LIBCMTD:strncat.obj
 0001:0003d493       start_byte_1               1003e493 f   LIBCMTD:strncat.obj
 0001:0003d498       start_byte_0               1003e498 f   LIBCMTD:strncat.obj
 0001:0003d49b       copy_start                 1003e49b f   LIBCMTD:strncat.obj
 0001:0003d4b0       back_misaligned            1003e4b0 f   LIBCMTD:strncat.obj
 0001:0003d4cc       tail_loop_start            1003e4cc f   LIBCMTD:strncat.obj
 0001:0003d4d3       tail_loop                  1003e4d3 f   LIBCMTD:strncat.obj
 0001:0003d4e0       empty_counter              1003e4e0 f   LIBCMTD:strncat.obj
 0001:0003d4e2       finish1                    1003e4e2 f   LIBCMTD:strncat.obj
 0001:0003d4e4       finish                     1003e4e4 f   LIBCMTD:strncat.obj
 0001:0003d4ea       byte_0                     1003e4ea f   LIBCMTD:strncat.obj
 0001:0003d4f4       main_loop                  1003e4f4 f   LIBCMTD:strncat.obj
 0001:0003d4fc       main_loop_entrance         1003e4fc f   LIBCMTD:strncat.obj
 0001:0003d52e       byte_3                     1003e52e f   LIBCMTD:strncat.obj
 0001:0003d538       byte_2                     1003e538 f   LIBCMTD:strncat.obj
 0001:0003d548       byte_1                     1003e548 f   LIBCMTD:strncat.obj
 0001:0003d120       _CrtMessageWindow          1003e120 f   LIBCMTD:dbgrpt.obj
 0001:0003c2e0       __abstract_cw              1003d2e0 f   LIBCMTD:ieee87.obj
 0001:0003c460       __hw_cw                    1003d460 f   LIBCMTD:ieee87.obj
 0001:0003c5c0       __abstract_sw              1003d5c0 f   LIBCMTD:ieee87.obj
 0001:0003c090       _doexit                    1003d090 f   LIBCMTD:crt0dat.obj
 0001:0003c1a0       __initterm                 1003d1a0 f   LIBCMTD:crt0dat.obj
 0001:0003b030       _$$$00001                  1003c030 f   LIBCMTD:chkstk.obj
 0001:0003b03c       probepages                 1003c03c f   LIBCMTD:chkstk.obj
 0001:0003b050       lastpage                   1003c050 f   LIBCMTD:chkstk.obj
 0001:0003aeb0       dodwords                   1003beb0 f   LIBCMTD:strcmp.obj
 0001:0003aee0       doneeq                     1003bee0 f   LIBCMTD:strcmp.obj
 0001:0003aee4       donene                     1003bee4 f   LIBCMTD:strcmp.obj
 0001:0003aeec       dopartial                  1003beec f   LIBCMTD:strcmp.obj
 0001:0003af08       doword                     1003bf08 f   LIBCMTD:strcmp.obj
 0001:0003ae2c       str_misaligned             1003be2c f   LIBCMTD:strlen.obj
 0001:0003ae40       main_loop                  1003be40 f   LIBCMTD:strlen.obj
 0001:0003ae73       byte_3                     1003be73 f   LIBCMTD:strlen.obj
 0001:0003ae7d       byte_2                     1003be7d f   LIBCMTD:strlen.obj
 0001:0003ae87       byte_1                     1003be87 f   LIBCMTD:strlen.obj
 0001:0003ae91       byte_0                     1003be91 f   LIBCMTD:strlen.obj
 0001:000392d0       _realloc_help              1003a2d0 f   LIBCMTD:dbgheap.obj
 0001:00039f10       _CheckBytes                1003af10 f   LIBCMTD:dbgheap.obj
 0001:0003ab00       __printMemBlockData        1003bb00 f   LIBCMTD:dbgheap.obj
 0001:00038d0d       dest_misaligned            10039d0d f   LIBCMTD:strcat.obj
 0001:00038d1c       find_end_of_dest_string_loop 10039d1c f   LIBCMTD:strcat.obj
 0001:00038d4f       start_byte_3               10039d4f f   LIBCMTD:strcat.obj
 0001:00038d54       start_byte_2               10039d54 f   LIBCMTD:strcat.obj
 0001:00038d59       start_byte_1               10039d59 f   LIBCMTD:strcat.obj
 0001:00038d5e       start_byte_0               10039d5e f   LIBCMTD:strcat.obj
 0001:00038d6d       src_misaligned             10039d6d f   LIBCMTD:strcat.obj
 0001:00038d81       main_loop                  10039d81 f   LIBCMTD:strcat.obj
 0001:00038d86       main_loop_entrance         10039d86 f   LIBCMTD:strcat.obj
 0001:00038dba       byte_3                     10039dba f   LIBCMTD:strcat.obj
 0001:00038dc2       byte_2                     10039dc2 f   LIBCMTD:strcat.obj
 0001:00038dcf       byte_1                     10039dcf f   LIBCMTD:strcat.obj
 0001:00038dd8       byte_0                     10039dd8 f   LIBCMTD:strcat.obj
 0001:00038d61       copy_start                 10039d61 f   LIBCMTD:strcat.obj
 0001:00038a20       LeadUp1                    10039a20 f   LIBCMTD:memcpy.obj
 0001:00038a4c       LeadUp2                    10039a4c f   LIBCMTD:memcpy.obj
 0001:00038a70       LeadUp3                    10039a70 f   LIBCMTD:memcpy.obj
 0001:00038aef       UnwindUp0                  10039aef f   LIBCMTD:memcpy.obj
 0001:00038adc       UnwindUp1                  10039adc f   LIBCMTD:memcpy.obj
 0001:00038ad4       UnwindUp2                  10039ad4 f   LIBCMTD:memcpy.obj
 0001:00038acc       UnwindUp3                  10039acc f   LIBCMTD:memcpy.obj
 0001:00038ac4       UnwindUp4                  10039ac4 f   LIBCMTD:memcpy.obj
 0001:00038abc       UnwindUp5                  10039abc f   LIBCMTD:memcpy.obj
 0001:00038ab4       UnwindUp6                  10039ab4 f   LIBCMTD:memcpy.obj
 0001:00038aac       UnwindUp7                  10039aac f   LIBCMTD:memcpy.obj
 0001:00038b08       TrailUp0                   10039b08 f   LIBCMTD:memcpy.obj
 0001:00038b10       TrailUp1                   10039b10 f   LIBCMTD:memcpy.obj
 0001:00038b1c       TrailUp2                   10039b1c f   LIBCMTD:memcpy.obj
 0001:00038b30       TrailUp3                   10039b30 f   LIBCMTD:memcpy.obj
 0001:00038ba8       LeadDown1                  10039ba8 f   LIBCMTD:memcpy.obj
 0001:00038bc8       LeadDown2                  10039bc8 f   LIBCMTD:memcpy.obj
 0001:00038bf0       LeadDown3                  10039bf0 f   LIBCMTD:memcpy.obj
 0001:00038c44       UnwindDown7                10039c44 f   LIBCMTD:memcpy.obj
 0001:00038c4c       UnwindDown6                10039c4c f   LIBCMTD:memcpy.obj
 0001:00038c54       UnwindDown5                10039c54 f   LIBCMTD:memcpy.obj
 0001:00038c5c       UnwindDown4                10039c5c f   LIBCMTD:memcpy.obj
 0001:00038c64       UnwindDown3                10039c64 f   LIBCMTD:memcpy.obj
 0001:00038c6c       UnwindDown2                10039c6c f   LIBCMTD:memcpy.obj
 0001:00038c74       UnwindDown1                10039c74 f   LIBCMTD:memcpy.obj
 0001:00038c87       UnwindDown0                10039c87 f   LIBCMTD:memcpy.obj
 0001:00038ca0       TrailDown0                 10039ca0 f   LIBCMTD:memcpy.obj
 0001:00038ca8       TrailDown1                 10039ca8 f   LIBCMTD:memcpy.obj
 0001:00038cb8       TrailDown2                 10039cb8 f   LIBCMTD:memcpy.obj
 0001:00038ccc       TrailDown3                 10039ccc f   LIBCMTD:memcpy.obj
 0001:000389d0       CopyUp                     100399d0 f   LIBCMTD:memcpy.obj
 0001:000389ec       CopyLeadUp                 100399ec f   LIBCMTD:memcpy.obj
 0001:00038a04       ByteCopyUp                 10039a04 f   LIBCMTD:memcpy.obj
 0001:00038a0c       CopyUnwindUp               10039a0c f   LIBCMTD:memcpy.obj
 0001:00038b48       CopyDown                   10039b48 f   LIBCMTD:memcpy.obj
 0001:00038b70       CopyUnwindDown             10039b70 f   LIBCMTD:memcpy.obj
 0001:00038b7c       CopyLeadDown               10039b7c f   LIBCMTD:memcpy.obj
 0001:00038b94       ByteCopyDown               10039b94 f   LIBCMTD:memcpy.obj

FIXUPS: 3ba59 45 18 f 1a 88 69 2a 34 39 16 7c 2a 28 fffff44f 32 2b 39 20
FIXUPS: 3b299 33 22 67 47 7e 17 1c 4c 15 4d 5a 11 5c 1b ec 33 49 10e 1a
FIXUPS: 3b90e 20 31 28 4f 3a 31 fffff0b7 2b c 41 6b 56 36 c 2b 1c 2c 1c
FIXUPS: 3ad18 c 1f 62 51 1f 45 c 5a 1f 93 57 8 51 2b 28 28 28 16 94 fffff2a5
FIXUPS: 3a463 18 1f 5b 66 25 25 b3 19 59 5f 54 85 15 1e d 18 20 1c 10 a
FIXUPS: 3a8d4 1c 50 1d 1f 62 34 3b 2b 3b 12c9 a ffffe06e 26 28 15 18 d
FIXUPS: 39e99 25 2f 1c 69 28 5f 54 21 128 1e 1b 33 2f 51 15 1e d 35 21
FIXUPS: 3a333 1c 6b 28 2148 7 14 7 fffffd15 2b 28 16 1d 29 25 ffffff01
FIXUPS: 3c240 ffffff27 12 3a 10 29 2a 10 fffffe90 2a 1e c 17 13 c fffffe1c
FIXUPS: 3bf86 45 4b fffffd61 cfe 20 25 fffffd4f 1c 13 6d a7 fffffdfe 3f
FIXUPS: 3c79a fffffe11 16 3e 39 14 2c 3f 3e 2b fffffc7e 14 1b 25 14 10
FIXUPS: 3c423 10 b 3d 3b 14 c80 b 31 10 fffffdee 11 fffffdfc 35 18 a6 10
FIXUPS: 3cec5 2c 44 2c fffffc5d 18 10 f 39 5f fffffe63 18 44 15 27 fffffe1a
FIXUPS: 3c9d0 28 1e 2c 12 df6 f fffffefd 2a 18 14 f fffffebc 12 18 16 10
FIXUPS: 3d6e3 31 10 fffffabd 21 21 24 2a 19 c fffffd57 12 1d 20 1e 20 1b
FIXUPS: 3d10c 12 13 1016 d 2f 15 11 1d 21 14 26 19d 18 19 19 a fffff638
FIXUPS: 3dacf 69 33 8c 34 fffffcc4 29 77 20 31 16 10 1b fffffdd5 1b d 18
FIXUPS: 3e6d0 2e 2a 2e 14 22 f 23 fffffdc7 31 c f 4c 27 f f 27 fffff710
FIXUPS: 3dea4 2a 18 38 16 2b 14 2e 18 18 7a 63 34 47 ea0 6a fffffb6b 18
FIXUPS: 3ecd1 21 4b 5d 17 b5 fffffc61 12 2c 10 1d 2a 10 fffffeab 12 2a
FIXUPS: 3ea63 1b 2a 10 fffffeaf 12 2a 10 1b 2a 10 ffffff2a 1050 25 f fffffcd0
FIXUPS: 3f6a1 15 12 fffffe11 1c 13 6d a7 fffffd83 fffffe32 24 a 23 fffffe70
FIXUPS: 3f0ae 11 13 8 a f 25 11 13 c fffffd31 18 f af a9c 5e 9 17 a 5 5
FIXUPS: 3fa82 3d 7 f 5 5 5 15 75 1e 1e 1d 68 9 fffffaf5 e c f 22 28 78
FIXUPS: 3f886 21 68 33 75f 17 22 c 2c 18 3f 10 70 10 a c 53 fffffd94 c
FIXUPS: 40031 14 f fffffe9a 2b 29 30 c d fffffdd5 60 13 a 34 a fffffe3c
FIXUPS: 3fc72 2b1e 35 68 12 34 33 48 3c 36 1c 1a 18 17 fffff8c5 ffffff54
FIXUPS: 421a9 ffffe999 191 19 de0 ffffe8e1 ffffff51 8 12 27 b 2a ffffff1b
FIXUPS: 4029b 19 a c 31f0 11d 25 122 1e 30 75 32 22 26 170 55 53 ffffef7d
FIXUPS: 42af8 10 3e 54 4d 28 fffff69f 28 19f 20 3a 2f 1a 48 60 ff 27 16
FIXUPS: 43d30 12 1d 5 55 3c 7 2f b2 15 fffffc1e 21 7e c8 33 fffff09c 34
FIXUPS: 42d9e cb 67 133 18 21 34 30 a8 e2 142 ba 31 1e 2a 1205 2f 44 c
FIXUPS: 44761 e 11 182 1d8 1ac 2b 33 1b6 f4 27 36 44 c 10 16 c 32 d fffff230
FIXUPS: 44319 5e 133 38 fffffdba fffffefe 5e 7 17bd 22 23 ac 4e 23 125
FIXUPS: 45c5f 2b 37 1d 2b 13 b7 fffff914 c8 1d 27 fffffa27 1c3 17 fffff167
FIXUPS: 44565 14 52 a 14 2a 2c c 3a e 1edd 25 2a 9b 19 1b 26 2e 1b 14 19
FIXUPS: 46743 11 67 27 40 2a 45 2e 33 4a 25 2b fffff526 36 fffff9c8 21
FIXUPS: 458fc 28 1e 2c 38 108f 98 f6 fffff3ac 43 8c 48 51 19 2f 2d 39 21
FIXUPS: 46200 38 47 17 31 11 1a 22 10 43 26 c 47 1b 40 50 31 4c 4e 15b6
FIXUPS: 47ba2 f2 10 fffff7d1 2a 2e 37 81 2a 21 62 1a 1a 1a 1a 1a 1d e fffffcc1
FIXUPS: 473fc 41 1f fffffb7c 13 e8 29a fffffba1 37 fffffddb 82 2a 1fbb
FIXUPS: 48dae 70 46 31 35 44 35 1c 147 8a 32 24 f ffffe5c2 43 9 82 24 27
FIXUPS: 4789a 17 58 50 44 1d 16 c4 13 28 16 1d 847 97 1f 58 a8 28 33 43
FIXUPS: 48601 46 41 12 2f 4d 23 10 70 24 5a 46 2f c1 24 e5 39 76 4a 3d
FIXUPS: 48c22 6c 62 20 8ed 3a fffffeab b 14 c f 1e 1b c 10 29 2d fffffd4f
FIXUPS: 49340 44 4b fffffe4d 2a 44 4b ffffea01 2d 47 4a 9 19 a4 1aa 1d
FIXUPS: 48139 1de 22a5 b 65 b 7c 30 e b 18 32 45 2f fffff5e8 b 14 14 f
FIXUPS: 49f1b b 23 2c5 fffffa0d 45 fffffdc0 60 31 2a a7 fffffb34 2a 2a
FIXUPS: 49931 12f1 17 2e 2d a 16 fffffc5e b 14 14 f 6d 1a2 b 10 3e b fffffc5e
FIXUPS: 4a856 21 1f d 21 10 fffff98d 82 2f 83 7d 11 b8 b 173e fffff950
FIXUPS: 4b590 77 3a 59 15 17 1d 14 13 14 1a 19 fffffcd3 4a 94 2b fffff903
FIXUPS: 4ae86 1e 13 22 fffffe07 36 28 1f 29 26 17 12 1c 1995 fffffe19 28
FIXUPS: 4c5f0 ffffff78 17 fffff815 41 8c 14 26f 19 1c 13 2a 3a 10 13 16
FIXUPS: 4c1ef 1e 41 93 20 68 82 10 30 10 30 10 fffff78c 1dbd 2c 3a 26 1c
FIXUPS: 4daca 25 28 31 43 28 31 16 14 fffffc53 72 13 24 17 fffff027 21
FIXUPS: 4c97c 50 5e fffffd98 b 14 14 f 27 11 4c 2715 11 11 11 11 11 11
FIXUPS: 4f014 11 11 14 14 14 14 14 14 14 14 14 14 14 ffffedd8 14d eb 1c8
FIXUPS: 4e376 152 6d 238 13 fffff1f1 2b 1328 22 22 22 22 22 22 22 22 25
FIXUPS: 4ee28 11 11 11 11 11 10 11 11 11 11 11 11 11 11 11 11 11 11 11
FIXUPS: 4ef7b 11 fffff955 1f 1f 1f 1f 1c 1f 1f 1f 1f 1f 1f 1f 1f 1f 1f
FIXUPS: 4eace 1f 1f 1f 1f 1f 1f 1f 1f 1f 1f 1f 1f 1f 1f 22 ba3 11 11 11
FIXUPS: 4f889 11 fffff8b9 1d 1d 17 16 11 11 46 13 14 5b 11 10 34 30 16
FIXUPS: 4f37a fffff448 1f 10 e 1e 11 25 11 5e 12f2 15 e e e 2b 11 fffff840
FIXUPS: 4f48e 10 e 4c 11 4f 11 4d 1f 1f 1f 1f 17 17 1f 1f 1f 1f 1f 1f 1f
FIXUPS: 4f758 1f bd a47 16 74 12 54 2f 51 55 1b 52 12 4b 51 52 10 93 3d
FIXUPS: 506c0 a3 1a 11 198 ffffefca 1f 19 19 19 108 65 a6 22 17 1373 de
FIXUPS: 51035 fffffc22 13 ffffff61 d 11 2f 25 fffffe4f fffff264 29 34 35
FIXUPS: 4fdc0 7 1c 7 1f c7 51 5a 1d 39 6a 55 5a 62 28 2b 83 1580 34 c 38
FIXUPS: 5187f 11 11 c 23 1d 11 c 18 15 c 5d fffff6c7 4d 40 40 43 4d 40
FIXUPS: 51247 50 50 4d 65 60 fffffa9f 24 13 d41 15 18 c 18 17 a 15 3b 5b
FIXUPS: 51d7f 6c 2c c d b0 53 66 53 25 23 fffff460 b6 b 5e b a9 b c8 e
FIXUPS: 51753 43 1625 6c fffff522 c 18 15 5 7 114 43 7 10a 4a 7 15 5 7
FIXUPS: 52676 267 35 35 1e8 ffffeee0 11 14 12 8 7 1b 2b 17 150 28c0 50
FIXUPS: 5451c 21 154 31c 20 1f0 ffffea0b 70 4f 1df fffff71c 43 33 24 bd
FIXUPS: 53106 9b 32 43 c 10 c fffff969 21 35 35 13a c 10 c 1022 9 2c 9
FIXUPS: 53e20 9 3d 38 a1 8d 7d 23 23 23 3a 51 24 51 2a 28 45 2d 2d 28 28
FIXUPS: 5430f 29 41 84 3a 24 31 fffff4ad 9 2e 9 71 15 1b 51 9 2e 9 6e 15
FIXUPS: 53b65 15 1e 14 1c 1c 1c 1b 36 3a 9 2e 9 48 9 2e 9 2e 9 16ca 11
FIXUPS: 554d6 17 a 40 1d c 25 13 14 fffffce5 25 a 31 fffffd9b 1b 76 be
FIXUPS: 54d3c 33 2c 32 20 2e 14 1b 43 6f ffffe9bd 15 1b 2bc9 21 fffff822
FIXUPS: 55d0e d9 13f 9e fffffc3c 43 ffffff4b fffffeb4 14 10 f c6 fffffe0b
FIXUPS: 557a4 fffffe23 c d 3e 29 19 2c fffffcb6 14 10 f 24 37 1c 1f 165a
FIXUPS: 56aae 62 6b 5b 6b 69 6b 34 70 fffff75d f 58 28 29 fffffaf6 45 29
FIXUPS: 5616c 40 3e 33 4b 59 5a c 19 42 3c a7 19 28 dfb 8 1f f fffffe88
FIXUPS: 5716e 93 fffffcb7 f 6d 40 c4 40 76 38 fffff746 1a 15 15 15 6e c
FIXUPS: 5694a 34 b 1a 13 38 1c 1e 14 1e fffabe85 fffff620 fffffe67 fffffe34
FIXUPS: 103d 565fa 12 d 21 14 d 2c c b a6 11 19 1a fffffd13 f ef fffffe79
FIXUPS: 57335 2c b 12 2a 13 a fffffe6a 18 11 fffb7eae 164 144 ffffe61a
FIXUPS: cb18 37 ffff8820 d34 957 259 4aa 4ab 39 32 73 b3a 1c 3b8 23 37
FIXUPS: 9782 8e3 f0 21 138 426 333 ffff9413 fffff63f 302 1dd fffff181 15059
FIXUPS: 17e24 22 2f0 72 ffffbbfd 53 2b8 353 134 7a b6 92b 332 2e9 3d 108
FIXUPS: 12863 ffffff35 ffffd425 d85 391 50 1ce 18 49 392 91 6b 1269 3c
FIXUPS: efa1 1413f fffff11f 6ba 1c6 ffffe0c0 43 2e8 1aa 5a 2a6 23 89 ffffe101
FIXUPS: 1f513 56 fffffa3e ffffd668 fffff69b 3f 151 2b 2b fffffbb1 ffffee03
FIXUPS: 19b9f ffffe830 efd 119 9d 69 e9 ffffe51d 13764 a0 ed 44 57 26 8b
FIXUPS: 2b5d9 57 89 1e3 43 21 15 6c 6ff 343 29 27 27 30 177 193f 9c4 131
FIXUPS: 2f021 ffff5cfe ffffe791 a1 9b 3b fffff984 64b4 79 184 6c 53 39
FIXUPS: 2979c 265 18a 2d5 662 24 9b 222 e8 9d 13a 69 2c 1f f5 65 65 64
FIXUPS: 2ad9e 64 d2 8b 64 64 102 74 55e9 fffff483 fffff75f 275 ffff69d7
FIXUPS: 26068 13d e91 2ad 641 2bf 33 80 42a 78 cf b3 130 143 148 223 21d
FIXUPS: 28ad4 1f2 160 52 52 4d 4d 4d 46d 34 c77f 1b 1b 5ce 809 1a 3bf 6f6
FIXUPS: 374c8 1b 1b 1ad7 1b 1b ffffb9cd ffffea55 3e 3e fffff343 128 50
FIXUPS: 32c13 ffffe5f1 52 e5 36 5f b3 fffffb8d fffffe94 fffffe52 fffffd5a
