 treat

 Timestamp is 5245c0d5 (Fri Sep 27 13:31:01 2013)

 Preferred load address is 10000000

 Start         Length     Name                   Class
 0001:00000000 0003cfeeH .text                   CODE
 0002:00000000 00004f13H .rdata                  DATA
 0002:00004f20 000003feH .edata                  DATA
 0003:00000000 00000004H .CRT$XCA                DATA
 0003:00000004 00000004H .CRT$XCZ                DATA
 0003:00000008 00000004H .CRT$XIA                DATA
 0003:0000000c 00000008H .CRT$XIC                DATA
 0003:00000014 00000004H .CRT$XIZ                DATA
 0003:00000018 00000004H .CRT$XPA                DATA
 0003:0000001c 00000004H .CRT$XPX                DATA
 0003:00000020 00000004H .CRT$XPZ                DATA
 0003:00000024 00000004H .CRT$XTA                DATA
 0003:00000028 00000004H .CRT$XTZ                DATA
 0003:00000030 00001cb0H .data                   DATA
 0003:00001ce0 0056fec8H .bss                    DATA
 0004:00000000 00000050H .idata$2                DATA
 0004:00000050 00000014H .idata$3                DATA
 0004:00000064 00000188H .idata$4                DATA
 0004:000001ec 00000188H .idata$5                DATA
 0004:00000374 000006c8H .idata$6                DATA

  Address         Publics by Value              Rva+Base     Lib:Object

 0001:00000000       _Add                       10001000 f   Add.obj
 0001:00000030       _AddA                      10001030 f   Add.obj
 0001:00000350       _AddNewBBe                 10001350 f   addnewbbe.obj
 0001:000003e0       _AddQIndex                 100013e0 f   AddQIndex.obj
 0001:00000420       _AddToEventQ               10001420 f   AddToEventQ.obj
 0001:00000530       _AddtoRegimen              10001530 f   AddtoRegimen.obj
 0001:000005d0       _AddtoRegimenA             100015d0 f   AddtoRegimen.obj
 0001:00000660       _And                       10001660 f   And.obj
 0001:00000690       _AndA                      10001690 f   And.obj
 0001:00000a90       _ApplyContinDrug           10001a90 f   ApplyContinDrug.obj
 0001:00000ab0       _ApplyContinDrugA          10001ab0 f   ApplyContinDrug.obj
 0001:00000b50       _ApplyRegimenIntoSchedule  10001b50 f   ApplyRegimen.obj
 0001:00000b80       _ApplyRegimenIntoScheduleA 10001b80 f   ApplyRegimen.obj
 0001:000010b0       _ApplyRules@4              100020b0 f   Applyrul.obj
 0001:00001140       _ApplyTrialSched           10002140 f   ApplyTrialSched.obj
 0001:000015b0       _power                     100025b0 f   ariths.obj
 0001:00001600       _tiny                      10002600 f   ariths.obj
 0001:00001640       _logten                    10002640 f   ariths.obj
 0001:000016c0       _expo                      100026c0 f   ariths.obj
 0001:00001700       _sgn                       10002700 f   ariths.obj
 0001:00001750       _buildkill                 10002750 f   buildkill.obj
 0001:00001a60       _buildsched                10002a60 f   buildsche.obj
 0001:00001bf0       _CalculateTimeKillSurv     10002bf0 f   CalculateTimeKillSurv.obj
 0001:00001f40       _cellcount                 10002f40 f   cellcount.obj
 0001:00002150       _s2wrapper@16              10003150 f   cellp.obj
 0001:00002230       _NextPBin                  10003230 f   cellp.obj
 0001:00002a60       _Update_CN_NGomp           10003a60 f   cellp.obj
 0001:00002be0       _cellp                     10003be0 f   cellp.obj
 0001:00003330       _d_is_zero                 10004330 f   cellp.obj
 0001:00003370       _printvalue                10004370 f   cellp.obj
 0001:00003480       _compute_para              10004480 f   cellp.obj
 0001:000034d0       _compute_probability       100044d0 f   cellp.obj
 0001:000036f0       _Setup_Probability         100046f0 f   cellp.obj
 0001:00003a80       _Setup_Gompertzian         10004a80 f   cellp.obj
 0001:00003cc0       _inv_log_gp                10004cc0 f   cellp.obj
 0001:00003db0       _GetGompcn                 10004db0 f   cellp.obj
 0001:00003eb0       _SetGompRuleIndex          10004eb0 f   cellp.obj
 0001:00003f70       _Update_Gompertzian        10004f70 f   cellp.obj
 0001:000045e0       _GetGompRuleIndex          100055e0 f   cellp.obj
 0001:00004680       _is_match_control_level    10005680 f   cellp.obj
 0001:00004750       _GetSumGompLevel           10005750 f   cellp.obj
 0001:00004880       _sumcellbylevel@8          10005880 f   cellp.obj
 0001:00004970       _sumcellbycontrolgroup     10005970 f   cellp.obj
 0001:00004b50       _intersectionindices       10005b50 f   cellp.obj
 0001:00004c50       _AllCells                  10005c50 f   cellp.obj
 0001:00004cc0       _IsGompOverFlow            10005cc0 f   cellp.obj
 0001:00004d60       _alloc_gomp                10005d60 f   cellp.obj
 0001:00004e10       _OrganMetGroup             10005e10 f   cellp.obj
 0001:000050f0       _OrganMet                  100060f0 f   cellp.obj
 0001:00005150       _Gomp_UpdateTime           10006150 f   cellp.obj
 0001:000054b0       _CheckBBRules              100064b0 f   CheckBBRules.obj
 0001:00005500       _CheckEnv                  10006500 f   CheckEnv.obj
 0001:00005560       _check_events              10006560 f   checkevents.obj
 0001:000061d0       _CheckForTox               100071d0 f   CheckForTox.obj
 0001:00006960       _logit                     10007960 f   CheckForTox.obj
 0001:00006990       _antilogit                 10007990 f   CheckForTox.obj
 0001:000069d0       _CheckForTreatment         100079d0 f   CheckForTreatment.obj
 0001:00006c70       _CheckGuaranteeTime        10007c70 f   CheckGuaranteeTime.obj
 0001:00006d50       _CheckIfICRuleApplies      10007d50 f   CheckIfICRuleApplies.obj
 0001:00006f60       _DoesICRuleAppliesToCelltype 10007f60 f   CheckIfICRuleApplies.obj
 0001:00007050       _CheckIfICRuleAppliesPGF   10008050 f   CheckIfICRuleAppliesPGF.obj
 0001:000071f0       _CheckOrExecClause         100081f0 f   CheckOrExecClause.obj
 0001:00007290       _CheckRule                 10008290 f   CheckRule.obj
 0001:00007330       _ClearBBE                  10008330 f   clearbbe.obj
 0001:000073f0       _ClearBBRegimen            100083f0 f   ClearBBRegimen.obj
 0001:000074a0       _ClearBlackBoard           100084a0 f   clearblackboard.obj
 0001:00007510       _ClearRules@0              10008510 f   ClearRules.obj
 0001:000075a0       _ClearTempBB               100085a0 f   ClearTempBB.obj
 0001:00007660       _Comp                      10008660 f   Comp.obj
 0001:00007ab0       _CompI                     10008ab0 f   Comp.obj
 0001:00007c00       _CompD                     10008c00 f   Comp.obj
 0001:00007e00       _is_newcelltype            10008e00 f   CreateParaStruct.obj
 0001:00007ef0       _GetTabelSize              10008ef0 f   CreateParaStruct.obj
 0001:00007f90       _setup_para                10008f90 f   CreateParaStruct.obj
 0001:000080c0       _getcelltype               100090c0 f   CreateParaStruct.obj
 0001:000081d0       _allocate_mem              100091d0 f   CreateParaStruct.obj
 0001:000084f0       _IsOverFlow                100094f0 f   CreateParaStruct.obj
 0001:00008720       _create_para_struct        10009720 f   CreateParaStruct.obj
 0001:00008a10       _fill_para                 10009a10 f   CreateParaStruct.obj
 0001:00008ad0       _release_mem               10009ad0 f   CreateParaStruct.obj
 0001:00008ef0       _getcellcounts             10009ef0 f   CreateParaStruct.obj
 0001:00008f90       _getcellindex              10009f90 f   CreateParaStruct.obj
 0001:00008fe0       _binsearch                 10009fe0 f   CreateParaStruct.obj
 0001:00009070       _insert_element            1000a070 f   CreateParaStruct.obj
 0001:00009200       _alloc_gompsum             1000a200 f   CreateParaStruct.obj
 0001:000092d0       _IsGompSumOverFlow         1000a2d0 f   CreateParaStruct.obj
 0001:000093c0       _sort_lookuptable          1000a3c0 f   CreateParaStruct.obj
 0001:00009440       _truncate                  1000a440 f   dround.obj
 0001:00009470       _dround                    1000a470 f   dround.obj
 0001:000094c0       _Eq                        1000a4c0 f   Eq.obj
 0001:00009500       _ApplySchedule@8           1000a500 f   evalshed.obj
 0001:00009580       _evaluate_schedule         1000a580 f   evalshed.obj
 0001:00009770       _GenerateInitCellCount     1000a770 f   GenerateInitCellCount.obj
 0001:00009840       _getenvir                  1000a840 f   getenvir.obj
 0001:00009890       _GetFunctionPtr            1000a890 f   GetFunctionPtr.obj
 0001:000099d0       _fgetstring                1000a9d0 f   getstring.obj
 0001:00009a90       _getstring                 1000aa90 f   getstring.obj
 0001:00009b50       _rand01                    1000ab50 f   grand.obj
 0001:00009b80       _ranrmarin                 1000ab80 f   grand.obj
 0001:00009d90       _ranmarm0                  1000ad90 f   grand.obj
 0001:00009f90       _ranmarm                   1000af90 f   grand.obj
 0001:0000a020       _gbinomi                   1000b020 f   grand.obj
 0001:0000aa90       _gnorm0                    1000ba90 f   grand.obj
 0001:0000aba0       _gnorm                     1000bba0 f   grand.obj
 0001:0000abf0       _sqrtp_uniform             1000bbf0 f   grand.obj
 0001:0000ac60       _grand_b_n                 1000bc60 f   grand.obj
 0001:0000ae10       _Gt                        1000be10 f   Gt.obj
 0001:0000ae50       _Gte                       1000be50 f   Gte.obj
 0001:0000ae90       _incondition               1000be90 f   incondition.obj
 0001:0000af50       _IncrementActionClause@4   1000bf50 f   IncrementActionClause.obj
 0001:0000afb0       _IncrementIFClause@4       1000bfb0 f   IncrementIFClause.obj
 0001:0000b010       _IncrementRule@0           1000c010 f   IncrementRule.obj
 0001:0000b050       _infile                    1000c050 f   infile.obj
 0001:0000bd90       _InitDoseFactor@0          1000cd90 f   InitDoseFactor.obj
 0001:0000be10       _InitNextToxTime           1000ce10 f   InitNextToxTime.obj
 0001:0000bf30       _InitToxTypes              1000cf30 f   InitTox.obj
 0001:0000c260       _vector                    1000d260 f   integration.obj
 0001:0000c2c0       _free_vector               1000d2c0 f   integration.obj
 0001:0000c2f0       _polint                    1000d2f0 f   integration.obj
 0001:0000c540       _trapzd                    1000d540 f   integration.obj
 0001:0000c680       _pgfint                    1000d680 f   integration.obj
 0001:0000c7f0       _InterpretEvents           1000d7f0 f   InterpretEvents.obj
 0001:0000d310       _AddToDoseModList          1000e310 f   InterpretEvents.obj
 0001:0000d360       _GetCurrCTTreatment        1000e360 f   InterpretEvents.obj
 0001:0000d3d0       _Do_jointpgf@4             1000e3d0 f   jointpgf.obj
 0001:0000d4f0       _jointpgf                  1000e4f0 f   jointpgf.obj
 0001:0000d660       _InitPgf@0                 1000e660 f   jointpgf.obj
 0001:0000d6c0       _FinishPgf@0               1000e6c0 f   jointpgf.obj
 0001:0000d710       _jpgfcond                  1000e710 f   jpgfcond.obj
 0001:0000d8c0       _jpgfen                    1000e8c0 f   jpgfen.obj
 0001:0000d9a0       _pgf_lognormal             1000e9a0 f   jpgfen.obj
 0001:0000dad0       _jpgfen_rand               1000ead0 f   jpgfen.obj
 0001:0000dbb0       _jpgfit                    1000ebb0 f   jpgfit.obj
 0001:0000e280       _jpgfstep                  1000f280 f   jpgfstep.obj
 0001:0000e370       _lognorm                   1000f370 f   lognorm.obj
 0001:0000e3b0       _Lookup                    1000f3b0 f   lookup.obj
 0001:0000e400       _Lt                        1000f400 f   Lt.obj
 0001:0000e440       _Lte                       1000f440 f   Lte.obj
 0001:0000e480       _makeoutfile@4             1000f480 f   makeoutfile.obj
 0001:0000e4b0       _MsgBoxBreak               1000f4b0 f   messages.obj
 0001:0000e610       _MsgBoxDoubleValue         1000f610 f   messages.obj
 0001:0000e690       _MsgBoxWarning             1000f690 f   messages.obj
 0001:0000e6f0       _MsgBoxError               1000f6f0 f   messages.obj
 0001:0000e770       _MultiSim                  1000f770 f   MultiSim.obj
 0001:0000ea60       _ncells                    1000fa60 f   ncells.obj
 0001:0000ea90       _Ne                        1000fa90 f   Ne.obj
 0001:0000ead0       _nlogs                     1000fad0 f   nlogs.obj
 0001:0000eb10       _norm                      1000fb10 f   norm.obj
 0001:0000ebe0       _Now                       1000fbe0 f   now.obj
 0001:0000ec00       _NowA                      1000fc00 f   now.obj
 0001:0000ec70       _outfile                   1000fc70 f   outfile.obj
 0001:0000f9c0       _ParseSchedule             100109c0 f   ParseSchedule.obj
 0001:0000fc60       _pgf1                      10010c60 f   pgf1.pure.obj
 0001:00010660       _eq10                      10011660 f   pgf1.pure.obj
 0001:000107d0       _pgfintold                 100117d0 f   pgfint.obj
 0001:000108f0       _kern                      100118f0 f   pgfint.obj
 0001:00010980       _DllMain@12                10011980 f   pgfmain.obj
 0001:00010be0       _DoPgf@0                   10011be0 f   pgfmain.obj
 0001:00010c80       _pgfxcm                    10011c80 f   pgfxcm.obj
 0001:000111a0       _phaseii_simon@36          100121a0 f   phaseii.obj
 0001:00011870       _compute_nmin              10012870 f   phaseii.obj
 0001:00011920       _get_z_factor              10012920 f   phaseii.obj
 0001:000119c0       _compute_FUN               100129c0 f   phaseii.obj
 0001:00011b10       _comp_cumu_binomial        10012b10 f   phaseii.obj
 0001:00011bb0       _setupPlotHandler@0        10012bb0 f   PlotHandler.obj
 0001:00012070       _PlotHandler               10013070 f   PlotHandler.obj
 0001:00012460       _getCellLevelbyClassforPlotting@8 10013460 f   PlotHandler.obj
 0001:00012540       _poidev                    10013540 f   pois_rep.obj
 0001:00012740       _gammln                    10013740 f   pois_rep.obj
 0001:00012810       _printrulestofile@0        10013810 f   printrulestofile.obj
 0001:000129b0       _printclause               100139b0 f   printrulestofile.obj
 0001:00012a10       _nargsoffcn                10013a10 f   printrulestofile.obj
 0001:00012b30       _fcnname                   10013b30 f   printrulestofile.obj
 0001:00012d80       _printargs                 10013d80 f   printrulestofile.obj
 0001:000131c0       _probeprob                 100141c0 f   probeprob.obj
 0001:000132d0       _probzeros                 100142d0 f   probzeros.obj
 0001:00013500       _RandLogNorm               10014500 f   RandLogNorm.obj
 0001:00013530       _RandLogNormA              10014530 f   RandLogNorm.obj
 0001:00013770       _read_rule_file            10014770 f   Readrul.obj
 0001:00013970       _is_assignment             10014970 f   Readrul.obj
 0001:000139c0       _clear_base_model          100149c0 f   Readrul.obj
 0001:00013b80       _display_summary           10014b80 f   Readrul.obj
 0001:00013db0       _get_macro_levelname       10014db0 f   Readrul.obj
 0001:00013e70       _construct_type_name       10014e70 f   Readrul.obj
 0001:00014080       _construct_cell_type_names 10015080 f   Readrul.obj
 0001:000142b0       _initialize_growth_rates   100152b0 f   Readrul.obj
 0001:00014480       _pickcelltypes             10015480 f   Readrul.obj
 0001:000145a0       _get_dest_gap              100155a0 f   Readrul.obj
 0001:000145d0       _find_mincyctime           100155d0 f   Readrul.obj
 0001:00014710       _change_kinarray_switch    10015710 f   Readrul.obj
 0001:00014760       _change_kinarray_value_1   10015760 f   Readrul.obj
 0001:000147c0       _change_kinarray_value_all 100157c0 f   Readrul.obj
 0001:00014930       _change_kinarray_value_2   10015930 f   Readrul.obj
 0001:00014c70       _change_value              10015c70 f   Readrul.obj
 0001:00014d50       _change_kill_rates         10015d50 f   Readrul.obj
 0001:00014e20       _getdrugindex              10015e20 f   Readrul.obj
 0001:00014e90       _change_gomp_param         10015e90 f   Readrul.obj
 0001:00014f80       _evaluate_store_rule       10015f80 f   Readrul.obj
 0001:00015690       _getlookupid               10016690 f   Readrul.obj
 0001:00015740       _build_migid               10016740 f   Readrul.obj
 0001:00015960       _cal_pre_post_prod         10016960 f   Readrul.obj
 0001:00015a00       _ApplyThisRule             10016a00 f   Readrul.obj
 0001:00015f20       _getallmigrate             10016f20 f   Readrul.obj
 0001:00016070       _CountThisRule             10017070 f   Readrul.obj
 0001:00016210       _read_into_temp            10017210 f   Readrul.obj
 0001:00016240       _read_to_eol               10017240 f   Readrul.obj
 0001:00016270       _lookupKey                 10017270 f   Readrul.obj
 0001:000162c0       _init_rule                 100172c0 f   Readrul.obj
 0001:00016460       _read_nomacro_rule         10017460 f   Readrul.obj
 0001:000164b0       _expand_macro_rule         100174b0 f   Readrul.obj
 0001:00016700       _parse_base_model          10017700 f   Readrul.obj
 0001:00017170       _fill_clevel               10018170 f   Readrul.obj
 0001:000173f0       _fill_env                  100183f0 f   Readrul.obj
 0001:00017520       _fill_env_gr               10018520 f   Readrul.obj
 0001:00017640       _sort_rules                10018640 f   Readrul.obj
 0001:00017710       _swap                      10018710 f   Readrul.obj
 0001:000177a0       _is_match_level            100187a0 f   Readrul.obj
 0001:00017990       _is_match_env              10018990 f   Readrul.obj
 0001:000179f0       _flush_line                100189f0 f   Readrul.obj
 0001:00017a40       _getcellindices            10018a40 f   Readrul.obj
 0001:00017af0       _getcelllevelbyclass       10018af0 f   Readrul.obj
 0001:00017b80       _getlocationclass          10018b80 f   Readrul.obj
 0001:00017bd0       _copy_environment          10018bd0 f   Readrul.obj
 0001:000184e0       _ResetEnvir@0              100194e0 f   Readrul.obj
 0001:00018540       _sort_envlist              10019540 f   Readrul.obj
 0001:00018660       _SetEnvir@20               10019660 f   Readrul.obj
 0001:000187c0       _is_operator               100197c0 f   Readrul.obj
 0001:00018800       _get_ntypes                10019800 f   Readrul.obj
 0001:00018850       _parse_class_level_other   10019850 f   Readrul.obj
 0001:00018a30       _parse_general_rule        10019a30 f   Readrul.obj
 0001:00018df0       _fillclasslevel            10019df0 f   Readrul.obj
 0001:00018f40       _unix_strlwr               10019f40 f   Readrul.obj
 0001:00018fa0       _unix_strupr               10019fa0 f   Readrul.obj
 0001:00019000       _CheckIfThereIsClass       1001a000 f   Readrul.obj
 0001:00019110       _fillclassID               1001a110 f   Readrul.obj
 0001:000191a0       _realprompt                1001a1a0 f   realprompt.obj
 0001:00019220       _SetHomeDir                1001a220 f   registry.obj
 0001:000192d0       _RegQueryStringValue       1001a2d0 f   registry.obj
 0001:00019340       _SetVersion                1001a340 f   registry.obj
 0001:000194b0       _RemoveContinDrug          1001a4b0 f   RemoveContinDrug.obj
 0001:000194e0       _RemoveTreatments          1001a4e0 f   RemoveTreatments.obj
 0001:00019590       _ResetBBEveryDeltaT        1001a590 f   ResetBBEveryDeltaT.obj
 0001:00019610       _ResetCellP@0              1001a610 f   ResetCellP.obj
 0001:00019660       _ResetCellQ@4              1001a660 f   ResetCellQ.obj
 0001:000196b0       _reset_events              1001a6b0 f   resetevents.obj
 0001:000196d0       _reset_sim                 1001a6d0 f   resetevents.obj
 0001:00019920       _ResetMultiCellP@0         1001a920 f   ResetMultiCellP.obj
 0001:00019970       _SendArgsI@20              1001a970 f   SendArgs.obj
 0001:00019a20       _SendArgsB@20              1001aa20 f   SendArgs.obj
 0001:00019ad0       _SendArgsD@24              1001aad0 f   SendArgs.obj
 0001:00019b90       _SendArgsC@20              1001ab90 f   SendArgs.obj
 0001:00019c60       _SendFunction@16           1001ac60 f   SendFunction.obj
 0001:00019d00       _Set                       1001ad00 f   Set.obj
 0001:00019d30       _SetA                      1001ad30 f   Set.obj
 0001:00019e20       _SetB                      1001ae20 f   SetB.obj
 0001:00019e50       _SetBA                     1001ae50 f   SetB.obj
 0001:00019eb0       _SetBBForPatient           1001aeb0 f   SetBBForPatient.obj
 0001:00019fe0       _SetBBFromEvents           1001afe0 f   SetBBFromEvents.obj
 0001:0001a030       _SetD                      1001b030 f   SetD.obj
 0001:0001a070       _SetDA                     1001b070 f   SetD.obj
 0001:0001a0d0       _SetI                      1001b0d0 f   SetI.obj
 0001:0001a100       _SetIA                     1001b100 f   SetI.obj
 0001:0001a160       _setInitialCellCounts      1001b160 f   setInitialCellCounts.obj
 0001:0001a340       _distribute_cell           1001b340 f   setInitialCellCounts.obj
 0001:0001a490       _setmem                    1001b490 f   setmem.obj
 0001:0001a4e0       _setrates                  1001b4e0 f   setrates.obj
 0001:0001ab50       _SetSpeed@4                1001bb50 f   SetSpeed.obj
 0001:0001aba0       _SingleCellp               1001bba0 f   SingleCellp.obj
 0001:0001abc0       _sortsched                 1001bbc0 f   sortsched.obj
 0001:0001ad90       _is_a_substring            1001bd90 f   strings.obj
 0001:0001aeb0       _read_line                 1001beb0 f   strings.obj
 0001:0001af40       _read_word                 1001bf40 f   strings.obj
 0001:0001afd0       _eprint                    1001bfd0 f   strings.obj
 0001:0001b000       _wprint                    1001c000 f   strings.obj
 0001:0001b030       _skip_blanks               1001c030 f   strings.obj
 0001:0001b080       _is_white                  1001c080 f   strings.obj
 0001:0001b0c0       _skip_white                1001c0c0 f   strings.obj
 0001:0001b110       _chopword                  1001c110 f   strings.obj
 0001:0001b1e0       _getword                   1001c1e0 f   strings.obj
 0001:0001b290       _fSread                    1001c290 f   strings.obj
 0001:0001b2f0       _ThreadedCellP@124         1001c2f0 f   ThdCellp.obj
 0001:0001b720       _ThreadedMultiCellP@100    1001c720 f   ThdMultiCellP.obj
 0001:0001b8f0       _timecourse                1001c8f0 f   timecours.obj
 0001:0001c010       _Do_Timecourse@4           1001d010 f   timecours.obj
 0001:0001c130       _TreatmentExists           1001d130 f   TreatmentExists.obj
 0001:0001c200       _TreatmentExistsInt        1001d200 f   TreatmentExistsInt.obj
 0001:0001c2f0       _typeconds                 1001d2f0 f   typeconds.obj
 0001:0001c470       _typemask                  1001d470 f   typemask.obj
 0001:0001c510       _typestring                1001d510 f   typestrin.obj
 0001:0001c540       _typevec                   1001d540 f   typevec.obj
 0001:0001c620       _peekd@16                  1001d620 f   vbc.obj
 0001:0001ca70       _poked@36                  1001da70 f   vbc.obj
 0001:0001d210       _pokedosefactor@28         1001e210 f   vbc.obj
 0001:0001d280       _cside_pdf                 1001e280 f   vbc.obj
 0001:0001d380       _CTChangeAllDoses@12       1001e380 f   vbc.obj
 0001:0001d440       _peekdfatanytime@8         1001e440 f   vbc.obj
 0001:0001d4d0       _peekdosefactor@12         1001e4d0 f   vbc.obj
 0001:0001d570       _peeki@16                  1001e570 f   vbc.obj
 0001:0001d7f0       _pokei@36                  1001e7f0 f   vbc.obj
 0001:0001e2b0       _peekc@16                  1001f2b0 f   vbc.obj
 0001:0001e540       _pokec@32                  1001f540 f   vbc.obj
 0001:0001e9b0       _printvaluec               1001f9b0 f   vbc.obj
 0001:0001ea60       _gettime                   1001fa60 f   vbc.obj
 0001:0001eac0       _Sleep@4                   1001fac0 f   kernel32:KERNEL32.dll
 0001:0001eac6       _GetEnvironmentVariableA@12 1001fac6 f   kernel32:KERNEL32.dll
 0001:0001eacc       _InterlockedExchange@8     1001facc f   kernel32:KERNEL32.dll
 0001:0001ead2       _MessageBoxA@16            1001fad2 f   user32:USER32.dll
 0001:0001ead8       _RegCloseKey@4             1001fad8 f   advapi32:ADVAPI32.dll
 0001:0001eade       _RegOpenKeyExA@20          1001fade f   advapi32:ADVAPI32.dll
 0001:0001eae4       _RegQueryValueExA@24       1001fae4 f   advapi32:ADVAPI32.dll
 0001:0001eaea       _SysAllocStringByteLen@8   1001faea f   oleaut32:OLEAUT32.dll
 0001:0001eaf0       _memcpy                    1001faf0 f   LIBCMTD:memcpy.obj
 0001:0001ee30       _strcpy                    1001fe30 f   LIBCMTD:strcat.obj
 0001:0001ee40       _strcat                    1001fe40 f   LIBCMTD:strcat.obj
 0001:0001ef20       _malloc                    1001ff20 f   LIBCMTD:dbgheap.obj
 0001:0001ef40       __malloc_dbg               1001ff40 f   LIBCMTD:dbgheap.obj
 0001:0001ef70       __nh_malloc                1001ff70 f   LIBCMTD:dbgheap.obj
 0001:0001ef90       __nh_malloc_dbg            1001ff90 f   LIBCMTD:dbgheap.obj
 0001:0001eff0       __heap_alloc               1001fff0 f   LIBCMTD:dbgheap.obj
 0001:0001f010       __heap_alloc_dbg           10020010 f   LIBCMTD:dbgheap.obj
 0001:0001f330       _calloc                    10020330 f   LIBCMTD:dbgheap.obj
 0001:0001f350       __calloc_dbg               10020350 f   LIBCMTD:dbgheap.obj
 0001:0001f3b0       _realloc                   100203b0 f   LIBCMTD:dbgheap.obj
 0001:0001f3d0       __realloc_dbg              100203d0 f   LIBCMTD:dbgheap.obj
 0001:0001f930       __expand                   10020930 f   LIBCMTD:dbgheap.obj
 0001:0001f950       __expand_dbg               10020950 f   LIBCMTD:dbgheap.obj
 0001:0001f990       _free                      10020990 f   LIBCMTD:dbgheap.obj
 0001:0001f9b0       __free_lk                  100209b0 f   LIBCMTD:dbgheap.obj
 0001:0001f9d0       __free_dbg                 100209d0 f   LIBCMTD:dbgheap.obj
 0001:0001fa00       __free_dbg_lk              10020a00 f   LIBCMTD:dbgheap.obj
 0001:0001fdf0       __msize                    10020df0 f   LIBCMTD:dbgheap.obj
 0001:0001fe10       __msize_dbg                10020e10 f   LIBCMTD:dbgheap.obj
 0001:0001ff70       __CrtSetBreakAlloc         10020f70 f   LIBCMTD:dbgheap.obj
 0001:0001ff90       __CrtSetDbgBlockType       10020f90 f   LIBCMTD:dbgheap.obj
 0001:00020030       __CrtSetAllocHook          10021030 f   LIBCMTD:dbgheap.obj
 0001:000200e0       __CrtCheckMemory           100210e0 f   LIBCMTD:dbgheap.obj
 0001:00020450       __CrtSetDbgFlag            10021450 f   LIBCMTD:dbgheap.obj
 0001:00020480       __CrtDoForAllClientObjects 10021480 f   LIBCMTD:dbgheap.obj
 0001:000204f0       __CrtIsValidPointer        100214f0 f   LIBCMTD:dbgheap.obj
 0001:00020540       __CrtIsValidHeapPointer    10021540 f   LIBCMTD:dbgheap.obj
 0001:000205d0       __CrtIsMemoryBlock         100215d0 f   LIBCMTD:dbgheap.obj
 0001:000206c0       __CrtSetDumpClient         100216c0 f   LIBCMTD:dbgheap.obj
 0001:000206e0       __CrtMemCheckpoint         100216e0 f   LIBCMTD:dbgheap.obj
 0001:00020850       __CrtMemDifference         10021850 f   LIBCMTD:dbgheap.obj
 0001:00020980       __CrtMemDumpAllObjectsSince 10021980 f   LIBCMTD:dbgheap.obj
 0001:00020d60       __CrtDumpMemoryLeaks       10021d60 f   LIBCMTD:dbgheap.obj
 0001:00020de0       __CrtMemDumpStatistics     10021de0 f   LIBCMTD:dbgheap.obj
 0001:00020eb0       __fpmath                   10021eb0 f   LIBCMTD:fpinit.obj
 0001:00020ee0       __fpclear                  10021ee0 f   LIBCMTD:fpinit.obj
 0001:00020ef0       __cfltcvt_init             10021ef0 f   LIBCMTD:fpinit.obj
 0001:00020f40       ___setfflag                10021f40 f   LIBCMTD:fpinit.obj
 0001:00020f60       _strlen                    10021f60 f   LIBCMTD:strlen.obj
 0001:00020fe0       _strcmp                    10021fe0 f   LIBCMTD:strcmp.obj
 0001:00021070       _fprintf                   10022070 f   LIBCMTD:fprintf.obj
 0001:00021140       _sprintf                   10022140 f   LIBCMTD:sprintf.obj
 0001:00021240       __alloca_probe             10022240 f   LIBCMTD:chkstk.obj
 0001:00021240       __chkstk                   10022240 f   LIBCMTD:chkstk.obj
 0001:00021270       __ftol                     10022270 f   LIBCMTD:ftol.obj
 0001:000212a0       __CIlog                    100222a0 f   LIBCMTD:log.obj
 0001:000212b4       _log                       100222b4 f   LIBCMTD:log.obj
 0001:00021370       _exp                       10022370 f   LIBCMTD:87ctran.obj
 0001:0002137a       __CIexp                    1002237a f   LIBCMTD:87ctran.obj
 0001:00021390       _fabs                      10022390 f   LIBCMTD:fabs.obj
 0001:00021490       _labs                      10022490 f   LIBCMTD:labs.obj
 0001:000214c0       __CIpow                    100224c0 f   LIBCMTD:pow.obj
 0001:000214d9       _pow                       100224d9 f   LIBCMTD:pow.obj
 0001:000216e0       _modf                      100226e0 f   LIBCMTD:modf.obj
 0001:00021870       _atof                      10022870 f   LIBCMTD:atof.obj
 0001:000218f0       __toupper                  100228f0 f   LIBCMTD:toupper.obj
 0001:00021900       _toupper                   10022900 f   LIBCMTD:toupper.obj
 0001:000219a0       __toupper_lk               100229a0 f   LIBCMTD:toupper.obj
 0001:00021ad0       _floor                     10022ad0 f   LIBCMTD:floor.obj
 0001:00021c10       _ungetc                    10022c10 f   LIBCMTD:ungetc.obj
 0001:00021c80       __ungetc_lk                10022c80 f   LIBCMTD:ungetc.obj
 0001:00021dc0       _fgetc                     10022dc0 f   LIBCMTD:fgetc.obj
 0001:00021e70       _getc                      10022e70 f   LIBCMTD:fgetc.obj
 0001:00021e90       ___initstdio               10022e90 f   LIBCMTD:_file.obj
 0001:00021fc0       ___endstdio                10022fc0 f   LIBCMTD:_file.obj
 0001:00021fe0       __lock_file                10022fe0 f   LIBCMTD:_file.obj
 0001:00022020       __lock_file2               10023020 f   LIBCMTD:_file.obj
 0001:00022050       __unlock_file              10023050 f   LIBCMTD:_file.obj
 0001:00022090       __unlock_file2             10023090 f   LIBCMTD:_file.obj
 0001:000220c0       _srand                     100230c0 f   LIBCMTD:rand.obj
 0001:000220d0       _rand                      100230d0 f   LIBCMTD:rand.obj
 0001:00022110       __cinit                    10023110 f   LIBCMTD:crt0dat.obj
 0001:00022150       _exit                      10023150 f   LIBCMTD:crt0dat.obj
 0001:00022170       __exit                     10023170 f   LIBCMTD:crt0dat.obj
 0001:00022190       __cexit                    10023190 f   LIBCMTD:crt0dat.obj
 0001:000221b0       __c_exit                   100231b0 f   LIBCMTD:crt0dat.obj
 0001:000222c0       __lockexit                 100232c0 f   LIBCMTD:crt0dat.obj
 0001:000222d0       __unlockexit               100232d0 f   LIBCMTD:crt0dat.obj
 0001:00022310       __statusfp                 10023310 f   LIBCMTD:ieee87.obj
 0001:00022330       __clearfp                  10023330 f   LIBCMTD:ieee87.obj
 0001:00022350       __control87                10023350 f   LIBCMTD:ieee87.obj
 0001:000223a0       __controlfp                100233a0 f   LIBCMTD:ieee87.obj
 0001:000223c0       __fpreset                  100233c0 f   LIBCMTD:ieee87.obj
 0001:000227b0       __CIsqrt                   100237b0 f   LIBCMTD:sqrt.obj
 0001:000227c4       _sqrt                      100237c4 f   LIBCMTD:sqrt.obj
 0001:00022870       _fscanf                    10023870 f   LIBCMTD:fscanf.obj
 0001:00022910       _printf                    10023910 f   LIBCMTD:printf.obj
 0001:000229b0       __strupr                   100239b0 f   LIBCMTD:strupr.obj
 0001:00022b70       _atol                      10023b70 f   LIBCMTD:atox.obj
 0001:00022c70       _atoi                      10023c70 f   LIBCMTD:atox.obj
 0001:00022c90       __atoi64                   10023c90 f   LIBCMTD:atox.obj
 0001:00022dc0       __CrtDbgBreak              10023dc0 f   LIBCMTD:dbgrpt.obj
 0001:00022dd0       __CrtSetReportMode         10023dd0 f   LIBCMTD:dbgrpt.obj
 0001:00022e30       __CrtSetReportFile         10023e30 f   LIBCMTD:dbgrpt.obj
 0001:00022eb0       __CrtSetReportHook         10023eb0 f   LIBCMTD:dbgrpt.obj
 0001:00022ed0       __CrtDbgReport             10023ed0 f   LIBCMTD:dbgrpt.obj
 0001:00023570       _strncat                   10024570 f   LIBCMTD:strncat.obj
 0001:000236a0       _fclose                    100246a0 f   LIBCMTD:fclose.obj
 0001:00023730       __fclose_lk                10024730 f   LIBCMTD:fclose.obj
 0001:000237f0       __fsopen                   100247f0 f   LIBCMTD:fopen.obj
 0001:000238f0       _fopen                     100248f0 f   LIBCMTD:fopen.obj
 0001:00023910       _time                      10024910 f   LIBCMTD:time.obj
 0001:00023aa0       __CIsin                    10024aa0 f   LIBCMTD:sin.obj
 0001:00023ab4       _sin                       10024ab4 f   LIBCMTD:sin.obj
 0001:00023b50       __CIcos                    10024b50 f   LIBCMTD:cos.obj
 0001:00023b64       _cos                       10024b64 f   LIBCMTD:cos.obj
 0001:00023c00       __CItan                    10024c00 f   LIBCMTD:tan.obj
 0001:00023c14       _tan                       10024c14 f   LIBCMTD:tan.obj
 0001:00023cc0       __itoa                     10024cc0 f   LIBCMTD:xtoa.obj
 0001:00023de0       __ltoa                     10024de0 f   LIBCMTD:xtoa.obj
 0001:00023e20       __ultoa                    10024e20 f   LIBCMTD:xtoa.obj
 0001:00023e40       __i64toa                   10024e40 f   LIBCMTD:xtoa.obj
 0001:00023f90       __ui64toa                  10024f90 f   LIBCMTD:xtoa.obj
 0001:00023fb0       _fread                     10024fb0 f   LIBCMTD:fread.obj
 0001:00023ff0       __fread_lk                 10024ff0 f   LIBCMTD:fread.obj
 0001:000241c0       _perror                    100251c0 f   LIBCMTD:perror.obj
 0001:000242a0       __stricmp                  100252a0 f   LIBCMTD:stricmp.obj
 0001:000242a0       _strcmpi                   100252a0 f   LIBCMTD:stricmp.obj
 0001:000242a0       __strcmpi                  100252a0 f   LIBCMTD:stricmp.obj
 0001:000242a0       _stricmp                   100252a0 f   LIBCMTD:stricmp.obj
 0001:00024370       _strncpy                   10025370 f   LIBCMTD:strncpy.obj
 0001:00024470       _strstr                    10025470 f   LIBCMTD:strstr.obj
 0001:00024500       _strchr                    10025500 f   LIBCMTD:strchr.obj
 0001:00024506       ___from_strstr_to_strchr   10025506 f   LIBCMTD:strchr.obj
 0001:000245c0       __tolower                  100255c0 f   LIBCMTD:tolower.obj
 0001:000245d0       _tolower                   100255d0 f   LIBCMTD:tolower.obj
 0001:00024670       __tolower_lk               10025670 f   LIBCMTD:tolower.obj
 0001:000247a0       _scanf                     100257a0 f   LIBCMTD:scanf.obj
 0001:00024820       _strcspn                   10025820 f   LIBCMTD:strcspn.obj
 0001:00024860       _fflush                    10025860 f   LIBCMTD:fflush.obj
 0001:000248b0       __fflush_lk                100258b0 f   LIBCMTD:fflush.obj
 0001:00024900       __flush                    10025900 f   LIBCMTD:fflush.obj
 0001:000249c0       __flushall                 100259c0 f   LIBCMTD:fflush.obj
 0001:00024b10       _asctime                   10025b10 f   LIBCMTD:asctime.obj
 0001:00024d10       _localtime                 10025d10 f   LIBCMTD:localtim.obj
 0001:00024f70       __CRT_INIT@12              10025f70 f   LIBCMTD:dllcrt0.obj
 0001:000250b0       __DllMainCRTStartup@12     100260b0 f   LIBCMTD:dllcrt0.obj
 0001:000251b0       __amsg_exit                100261b0 f   LIBCMTD:dllcrt0.obj
 0001:000251f0       ?_set_new_handler@@YAP6AHI@ZP6AHI@Z@Z 100261f0 f   LIBCMTD:handler.obj
 0001:00025220       ?_query_new_handler@@YAP6AHI@ZXZ 10026220 f   LIBCMTD:handler.obj
 0001:00025230       __callnewh                 10026230 f   LIBCMTD:handler.obj
 0001:00025260       __mtinitlocks              10026260 f   LIBCMTD:mlock.obj
 0001:000252a0       __mtdeletelocks            100262a0 f   LIBCMTD:mlock.obj
 0001:00025340       __lock                     10026340 f   LIBCMTD:mlock.obj
 0001:000253e0       __unlock                   100263e0 f   LIBCMTD:mlock.obj
 0001:00025400       __lockerr_exit             10026400 f   LIBCMTD:mlock.obj
 0001:00025420       _memset                    10026420 f   LIBCMTD:memset.obj
 0001:00025480       __malloc_base              10026480 f   LIBCMTD:malloc.obj
 0001:000254a0       __nh_malloc_base           100264a0 f   LIBCMTD:malloc.obj
 0001:00025500       __heap_alloc_base          10026500 f   LIBCMTD:malloc.obj
 0001:00025570       __CrtDefaultAllocHook      10026570 f   LIBCMTD:dbghook.obj
 0001:00025580       __expand_base              10026580 f   LIBCMTD:expand.obj
 0001:00025630       __realloc_base             10026630 f   LIBCMTD:realloc.obj
 0001:00025820       __free_base                10026820 f   LIBCMTD:free.obj
 0001:00025890       __heapchk                  10026890 f   LIBCMTD:heapchk.obj
 0001:00025910       __heapset                  10026910 f   LIBCMTD:heapchk.obj
 0001:00025920       __heap_init                10026920 f   LIBCMTD:heapinit.obj
 0001:00025970       __heap_term                10026970 f   LIBCMTD:heapinit.obj
 0001:00025a10       __get_sbh_threshold        10026a10 f   LIBCMTD:sbheap.obj
 0001:00025a20       __set_sbh_threshold        10026a20 f   LIBCMTD:sbheap.obj
 0001:00025a40       ___sbh_heap_init           10026a40 f   LIBCMTD:sbheap.obj
 0001:00025aa0       ___sbh_find_block          10026aa0 f   LIBCMTD:sbheap.obj
 0001:00025b00       ___sbh_verify_block        10026b00 f   LIBCMTD:sbheap.obj
 0001:00025b60       ___sbh_free_block          10026b60 f   LIBCMTD:sbheap.obj
 0001:00026130       ___sbh_alloc_block         10027130 f   LIBCMTD:sbheap.obj
 0001:00026670       ___sbh_alloc_new_region    10027670 f   LIBCMTD:sbheap.obj
 0001:00026780       ___sbh_alloc_new_group     10027780 f   LIBCMTD:sbheap.obj
 0001:00026970       ___sbh_resize_block        10027970 f   LIBCMTD:sbheap.obj
 0001:00026f60       ___sbh_heapmin             10027f60 f   LIBCMTD:sbheap.obj
 0001:00027090       ___sbh_heap_check          10028090 f   LIBCMTD:sbheap.obj
 0001:000276b0       __isctype                  100286b0 f   LIBCMTD:isctype.obj
 0001:00027770       __setdefaultprecision      10028770 f   LIBCMTD:fp8.obj
 0001:00027790       __ms_p5_test_fdiv          10028790 f   LIBCMTD:testfdiv.obj
 0001:000277f0       __ms_p5_mp_test_fdiv       100287f0 f   LIBCMTD:testfdiv.obj
 0001:00027840       __forcdecpt                10028840 f   LIBCMTD:cvt.obj
 0001:000278f0       __cropzeros                100288f0 f   LIBCMTD:cvt.obj
 0001:000279d0       __positive                 100289d0 f   LIBCMTD:cvt.obj
 0001:00027a00       __fassign                  10028a00 f   LIBCMTD:cvt.obj
 0001:00027a50       __cftoe                    10028a50 f   LIBCMTD:cvt.obj
 0001:00027c40       __cftof                    10028c40 f   LIBCMTD:cvt.obj
 0001:00027df0       __cftog                    10028df0 f   LIBCMTD:cvt.obj
 0001:00027ee0       __cfltcvt                  10028ee0 f   LIBCMTD:cvt.obj
 0001:00027f70       __stbuf                    10028f70 f   LIBCMTD:_sftbuf.obj
 0001:000280d0       __ftbuf                    100290d0 f   LIBCMTD:_sftbuf.obj
 0001:00028170       __output                   10029170 f   LIBCMTD:output.obj
 0001:00029010       __flsbuf                   1002a010 f   LIBCMTD:_flsbuf.obj
 0001:000292a1       __fFEXP                    1002a2a1 f   LIBCMTD:87tran.obj
 0001:00029308       __rtinfpopse               1002a308 f   LIBCMTD:87tran.obj
 0001:0002930a       __rtinfnpopse              1002a30a f   LIBCMTD:87tran.obj
 0001:0002931a       __fFLN                     1002a31a f   LIBCMTD:87tran.obj
 0001:000293cf       __rtinfpop                 1002a3cf f   LIBCMTD:87tran.obj
 0001:000293d1       __rtinfnpop                1002a3d1 f   LIBCMTD:87tran.obj
 0001:000293ee       __ffexpm1                  1002a3ee f   LIBCMTD:87tran.obj
 0001:000294a0       __trandisp1                1002a4a0 f   LIBCMTD:87disp.obj
 0001:00029507       __trandisp2                1002a507 f   LIBCMTD:87disp.obj
 0001:00029593       __rttospopde               1002a593 f   LIBCMTD:87disp.obj
 0001:00029598       __rttospop                 1002a598 f   LIBCMTD:87disp.obj
 0001:0002959a       __rtnospop                 1002a59a f   LIBCMTD:87disp.obj
 0001:0002959c       __rttosnpop                1002a59c f   LIBCMTD:87disp.obj
 0001:0002959d       __rtnospopde               1002a59d f   LIBCMTD:87disp.obj
 0001:000295a4       __rtzeropop                1002a5a4 f   LIBCMTD:87disp.obj
 0001:000295a6       __rtzeronpop               1002a5a6 f   LIBCMTD:87disp.obj
 0001:000295ab       __rtonepop                 1002a5ab f   LIBCMTD:87disp.obj
 0001:000295ad       __rtonenpop                1002a5ad f   LIBCMTD:87disp.obj
 0001:000295b2       __tosnan1                  1002a5b2 f   LIBCMTD:87disp.obj
 0001:000295dd       __nosnan2                  1002a5dd f   LIBCMTD:87disp.obj
 0001:000295df       __tosnan2                  1002a5df f   LIBCMTD:87disp.obj
 0001:00029607       __nan2                     1002a607 f   LIBCMTD:87disp.obj
 0001:00029646       __rtindfpop                1002a646 f   LIBCMTD:87disp.obj
 0001:00029648       __rtindfnpop               1002a648 f   LIBCMTD:87disp.obj
 0001:00029659       __rttosnpopde              1002a659 f   LIBCMTD:87disp.obj
 0001:00029663       __rtchsifneg               1002a663 f   LIBCMTD:87disp.obj
 0001:00029670       __twoToTOS                 1002a670 f   LIBCMTD:common.obj
 0001:00029685       __load_CW                  1002a685 f   LIBCMTD:common.obj
 0001:0002969c       __convertTOStoQNaN         1002a69c f   LIBCMTD:common.obj
 0001:000296b5       __fload_withFB             1002a6b5 f   LIBCMTD:common.obj
 0001:000296f8       __checkTOS_withFB          1002a6f8 f   LIBCMTD:common.obj
 0001:0002970e       __fast_exit                1002a70e f   LIBCMTD:common.obj
 0001:0002971b       __math_exit                1002a71b f   LIBCMTD:common.obj
 0001:00029745       __check_overflow_exit      1002a745 f   LIBCMTD:common.obj
 0001:00029759       __check_range_exit         1002a759 f   LIBCMTD:common.obj
 0001:00029800       __startTwoArgErrorHandling 1002a800 f   LIBCMTD:genexcep.obj
 0001:00029817       __startOneArgErrorHandling 1002a817 f   LIBCMTD:genexcep.obj
 0001:00029860       __cintrindisp2             1002a860 f   LIBCMTD:87cdisp.obj
 0001:0002989e       __cintrindisp1             1002a89e f   LIBCMTD:87cdisp.obj
 0001:000298db       __ctrandisp2               1002a8db f   LIBCMTD:87cdisp.obj
 0001:00029a5b       __ctrandisp1               1002aa5b f   LIBCMTD:87cdisp.obj
 0001:00029a8e       __fload                    1002aa8e f   LIBCMTD:87cdisp.obj
 0001:00029ad0       __handle_qnan1             1002aad0 f   LIBCMTD:fpexcept.obj
 0001:00029b30       __handle_qnan2             1002ab30 f   LIBCMTD:fpexcept.obj
 0001:00029ba0       __except1                  1002aba0 f   LIBCMTD:fpexcept.obj
 0001:00029c60       __except2                  1002ac60 f   LIBCMTD:fpexcept.obj
 0001:00029d30       __raise_exc                1002ad30 f   LIBCMTD:fpexcept.obj
 0001:0002a200       __handle_exc               1002b200 f   LIBCMTD:fpexcept.obj
 0001:0002a580       __umatherr                 1002b580 f   LIBCMTD:fpexcept.obj
 0001:0002a620       __set_errno                1002b620 f   LIBCMTD:fpexcept.obj
 0001:0002a6a0       __errcode                  1002b6a0 f   LIBCMTD:fpexcept.obj
 0001:0002a720       __set_exp                  1002b720 f   LIBCMTD:util.obj
 0001:0002a760       __get_exp                  1002b760 f   LIBCMTD:util.obj
 0001:0002a790       __add_exp                  1002b790 f   LIBCMTD:util.obj
 0001:0002a7d0       __set_bexp                 1002b7d0 f   LIBCMTD:util.obj
 0001:0002a810       __sptype                   1002b810 f   LIBCMTD:util.obj
 0001:0002a890       __decomp                   1002b890 f   LIBCMTD:util.obj
 0001:0002a9d0       __statfp                   1002b9d0 f   LIBCMTD:fpctrl.obj
 0001:0002a9f0       __clrfp                    1002b9f0 f   LIBCMTD:fpctrl.obj
 0001:0002aa10       __ctrlfp                   1002ba10 f   LIBCMTD:fpctrl.obj
 0001:0002aa50       __set_statfp               1002ba50 f   LIBCMTD:fpctrl.obj
 0001:0002aad0       __powhlp                   1002bad0 f   LIBCMTD:powhlp.obj
 0001:0002ad40       __d_inttype                1002bd40 f   LIBCMTD:powhlp.obj
 0001:0002adc0       __frnd                     1002bdc0 f   LIBCMTD:frnd.obj
 0001:0002ade0       __copysign                 1002bde0 f   LIBCMTD:ieeemisc.obj
 0001:0002ae10       __chgsign                  1002be10 f   LIBCMTD:ieeemisc.obj
 0001:0002ae40       __scalb                    1002be40 f   LIBCMTD:ieeemisc.obj
 0001:0002ae60       __logb                     1002be60 f   LIBCMTD:ieeemisc.obj
 0001:0002af90       __nextafter                1002bf90 f   LIBCMTD:ieeemisc.obj
 0001:0002b2d0       __finite                   1002c2d0 f   LIBCMTD:ieeemisc.obj
 0001:0002b300       __isnan                    1002c300 f   LIBCMTD:ieeemisc.obj
 0001:0002b350       __fpclass                  1002c350 f   LIBCMTD:ieeemisc.obj
 0001:0002b430       __fltin2                   1002c430 f   LIBCMTD:cfin.obj
 0001:0002b4f0       _setlocale                 1002c4f0 f   LIBCMTD:setlocal.obj
 0001:0002bb80       __expandlocale             1002cb80 f   LIBCMTD:setlocal.obj
 0001:0002bd10       ___init_dummy              1002cd10 f   LIBCMTD:setlocal.obj
 0001:0002bd20       __strcats                  1002cd20 f   LIBCMTD:setlocal.obj
 0001:0002bd70       ___lc_strtolc              1002cd70 f   LIBCMTD:setlocal.obj
 0001:0002bed0       ___lc_lctostr              1002ced0 f   LIBCMTD:setlocal.obj
 0001:0002bf40       ___crtLCMapStringA         1002cf40 f   LIBCMTD:a_map.obj
 0001:0002c2a0       __getbuf                   1002d2a0 f   LIBCMTD:_getbuf.obj
 0001:0002c370       __filbuf                   1002d370 f   LIBCMTD:_filbuf.obj
 0001:0002c560       __ioinit                   1002d560 f   LIBCMTD:ioinit.obj
 0001:0002c890       __ioterm                   1002d890 f   LIBCMTD:ioinit.obj
 0001:0002c930       __fcloseall                1002d930 f   LIBCMTD:closeall.obj
 0001:0002ca10       __mtinit                   1002da10 f   LIBCMTD:tidtable.obj
 0001:0002caa0       __mtterm                   1002daa0 f   LIBCMTD:tidtable.obj
 0001:0002cad0       __initptd                  1002dad0 f   LIBCMTD:tidtable.obj
 0001:0002caf0       __getptd                   1002daf0 f   LIBCMTD:tidtable.obj
 0001:0002cb90       __freeptd                  1002db90 f   LIBCMTD:tidtable.obj
 0001:0002cca0       ___threadid                1002dca0 f   LIBCMTD:tidtable.obj
 0001:0002ccb0       ___threadhandle            1002dcb0 f   LIBCMTD:tidtable.obj
 0001:0002ccc0       _signal                    1002dcc0 f   LIBCMTD:winsig.obj
 0001:0002cf90       _raise                     1002df90 f   LIBCMTD:winsig.obj
 0001:0002d230       ___fpecode                 1002e230 f   LIBCMTD:winsig.obj
 0001:0002d240       ___pxcptinfoptrs           1002e240 f   LIBCMTD:winsig.obj
 0001:0002d250       __input                    1002e250 f   LIBCMTD:input.obj
 0001:0002e750       __allmul                   1002f750 f   LIBCMTD:llmul.obj
 0001:0002e790       __snprintf                 1002f790 f   LIBCMTD:snprintf.obj
 0001:0002e890       __vsnprintf                1002f890 f   LIBCMTD:vsnprint.obj
 0001:0002e990       ___crtMessageBoxA          1002f990 f   LIBCMTD:crtmbox.obj
 0001:0002ea50       __close                    1002fa50 f   LIBCMTD:close.obj
 0001:0002ead0       __close_lk                 1002fad0 f   LIBCMTD:close.obj
 0001:0002eb80       __freebuf                  1002fb80 f   LIBCMTD:_freebuf.obj
 0001:0002ec20       __openfile                 1002fc20 f   LIBCMTD:_open.obj
 0001:0002efb0       __getstream                1002ffb0 f   LIBCMTD:stream.obj
 0001:0002f130       ___loctotime_t             10030130 f   LIBCMTD:dtoxtime.obj
 0001:0002f220       __aulldiv                  10030220 f   LIBCMTD:ulldiv.obj
 0001:0002f290       __aullrem                  10030290 f   LIBCMTD:ullrem.obj
 0001:0002f310       __read                     10030310 f   LIBCMTD:read.obj
 0001:0002f3a0       __read_lk                  100303a0 f   LIBCMTD:read.obj
 0001:0002f7f0       __alloc_osfhnd             100307f0 f   LIBCMTD:osfinfo.obj
 0001:0002f9e0       __set_osfhnd               100309e0 f   LIBCMTD:osfinfo.obj
 0001:0002faa0       __free_osfhnd              10030aa0 f   LIBCMTD:osfinfo.obj
 0001:0002fb80       __get_osfhandle            10030b80 f   LIBCMTD:osfinfo.obj
 0001:0002fbf0       __open_osfhandle           10030bf0 f   LIBCMTD:osfinfo.obj
 0001:0002fd00       __lock_fhandle             10030d00 f   LIBCMTD:osfinfo.obj
 0001:0002fd90       __unlock_fhandle           10030d90 f   LIBCMTD:osfinfo.obj
 0001:0002fdc0       __dosmaperr                10030dc0 f   LIBCMTD:dosmap.obj
 0001:0002fe60       __errno                    10030e60 f   LIBCMTD:dosmap.obj
 0001:0002fe70       ___doserrno                10030e70 f   LIBCMTD:dosmap.obj
 0001:0002fe80       __write                    10030e80 f   LIBCMTD:write.obj
 0001:0002ff10       __write_lk                 10030f10 f   LIBCMTD:write.obj
 0001:00030190       __commit                   10031190 f   LIBCMTD:commit.obj
 0001:00030270       ___tzset                   10031270 f   LIBCMTD:tzset.obj
 0001:000302b0       __tzset                    100312b0 f   LIBCMTD:tzset.obj
 0001:00030680       __isindst                  10031680 f   LIBCMTD:tzset.obj
 0001:00030bb0       _gmtime                    10031bb0 f   LIBCMTD:gmtime.obj
 0001:00030db0       __setenvp                  10031db0 f   LIBCMTD:stdenvp.obj
 0001:00030f00       __setargv                  10031f00 f   LIBCMTD:stdargv.obj
 0001:00031410       ___crtGetEnvironmentStringsA 10032410 f   LIBCMTD:a_env.obj
 0001:00031630       __FF_MSGBANNER             10032630 f   LIBCMTD:crt0msg.obj
 0001:00031680       __NMSG_WRITE               10032680 f   LIBCMTD:crt0msg.obj
 0001:00031840       __GET_RTERRMSG             10032840 f   LIBCMTD:crt0msg.obj
 0001:00031890       _memmove                   10032890 f   LIBCMTD:memmove.obj
 0001:00031bd0       ___crtGetStringTypeA       10032bd0 f   LIBCMTD:a_str.obj
 0001:00031d90       __ZeroTail                 10032d90 f   LIBCMTD:intrncvt.obj
 0001:00031e20       __IncMan                   10032e20 f   LIBCMTD:intrncvt.obj
 0001:00031ed0       __RoundMan                 10032ed0 f   LIBCMTD:intrncvt.obj
 0001:00031fb0       __CopyMan                  10032fb0 f   LIBCMTD:intrncvt.obj
 0001:00032000       __FillZeroMan              10033000 f   LIBCMTD:intrncvt.obj
 0001:00032030       __IsZeroMan                10033030 f   LIBCMTD:intrncvt.obj
 0001:00032070       __ShrMan                   10033070 f   LIBCMTD:intrncvt.obj
 0001:00032160       __ld12cvt                  10033160 f   LIBCMTD:intrncvt.obj
 0001:000323b0       __ld12tod                  100333b0 f   LIBCMTD:intrncvt.obj
 0001:000323d0       __ld12tof                  100333d0 f   LIBCMTD:intrncvt.obj
 0001:000323f0       __ld12told                 100333f0 f   LIBCMTD:intrncvt.obj
 0001:000324b0       __atodbl                   100334b0 f   LIBCMTD:intrncvt.obj
 0001:000324f0       __atoldbl                  100334f0 f   LIBCMTD:intrncvt.obj
 0001:00032530       __atoflt                   10033530 f   LIBCMTD:intrncvt.obj
 0001:00032570       __fptostr                  10033570 f   LIBCMTD:_fptostr.obj
 0001:00032670       __fltout2                  10033670 f   LIBCMTD:cfout.obj
 0001:000326f0       ___dtold                   100336f0 f   LIBCMTD:cfout.obj
 0001:00032860       __fptrap                   10033860 f   LIBCMTD:crt0fp.obj
 0001:00032870       __isatty                   10033870 f   LIBCMTD:isatty.obj
 0001:000328b0       _wctomb                    100338b0 f   LIBCMTD:wctomb.obj
 0001:00032930       __wctomb_lk                10033930 f   LIBCMTD:wctomb.obj
 0001:000329d0       __lseek                    100339d0 f   LIBCMTD:lseek.obj
 0001:00032a60       __lseek_lk                 10033a60 f   LIBCMTD:lseek.obj
 0001:00032b20       _fdiv_main_routine         10033b20 f   LIBCMTD:adj_fdiv.obj
 0001:00032c37       __adj_fdiv_r               10033c37 f   LIBCMTD:adj_fdiv.obj
 0001:000330d6       __fdivp_sti_st             100340d6 f   LIBCMTD:adj_fdiv.obj
 0001:000330e9       __fdivrp_sti_st            100340e9 f   LIBCMTD:adj_fdiv.obj
 0001:000330fc       __adj_fdiv_m32             100340fc f   LIBCMTD:adj_fdiv.obj
 0001:00033148       __adj_fdiv_m64             10034148 f   LIBCMTD:adj_fdiv.obj
 0001:00033194       __adj_fdiv_m16i            10034194 f   LIBCMTD:adj_fdiv.obj
 0001:000331c8       __adj_fdiv_m32i            100341c8 f   LIBCMTD:adj_fdiv.obj
 0001:000331fc       __adj_fdivr_m32            100341fc f   LIBCMTD:adj_fdiv.obj
 0001:00033248       __adj_fdivr_m64            10034248 f   LIBCMTD:adj_fdiv.obj
 0001:00033294       __adj_fdivr_m16i           10034294 f   LIBCMTD:adj_fdiv.obj
 0001:000332c8       __adj_fdivr_m32i           100342c8 f   LIBCMTD:adj_fdiv.obj
 0001:000332fc       __safe_fdiv                100342fc f   LIBCMTD:adj_fdiv.obj
 0001:00033311       __safe_fdivr               10034311 f   LIBCMTD:adj_fdiv.obj
 0001:00033326       __fprem_common             10034326 f   LIBCMTD:adj_fdiv.obj
 0001:0003352c       __adj_fprem                1003452c f   LIBCMTD:adj_fdiv.obj
 0001:000335de       __fprem1_common            100345de f   LIBCMTD:adj_fdiv.obj
 0001:000337e4       __adj_fprem1               100347e4 f   LIBCMTD:adj_fdiv.obj
 0001:00033899       __safe_fprem               10034899 f   LIBCMTD:adj_fdiv.obj
 0001:0003389f       __safe_fprem1              1003489f f   LIBCMTD:adj_fdiv.obj
 0001:000338a5       __adj_fpatan               100348a5 f   LIBCMTD:adj_fdiv.obj
 0001:000338a8       __adj_fptan                100348a8 f   LIBCMTD:adj_fdiv.obj
 0001:000338b0       __87except                 100348b0 f   LIBCMTD:87except.obj
 0001:00033a30       __matherr                  10034a30 f   LIBCMTD:matherr.obj
 0001:00033a40       _ldexp                     10034a40 f   LIBCMTD:ldexp.obj
 0001:00033d00       ___strgtold12              10034d00 f   LIBCMTD:strgtold.obj
 0001:00034830       ___STRINGTOLD              10035830 f   LIBCMTD:strgtold.obj
 0001:00034880       ___init_time               10035880 f   LIBCMTD:inittime.obj
 0001:00035200       ___init_numeric            10036200 f   LIBCMTD:initnum.obj
 0001:00035530       ___init_monetary           10036530 f   LIBCMTD:initmon.obj
 0001:00035990       ___init_ctype              10036990 f   LIBCMTD:initctyp.obj
 0001:00035d30       ___init_collate            10036d30 f   LIBCMTD:initcoll.obj
 0001:00035d40       _strncmp                   10036d40 f   LIBCMTD:strncmp.obj
 0001:00035d80       _strpbrk                   10036d80 f   LIBCMTD:strpbrk.obj
 0001:00035dc0       ___get_qualified_locale    10036dc0 f   LIBCMTD:getqloc.obj
 0001:00036b58       __global_unwind2           10037b58 f   LIBCMTD:exsup.obj
 0001:00036b9a       __local_unwind2            10037b9a f   LIBCMTD:exsup.obj
 0001:00036bf2       __NLG_Return2              10037bf2 f   LIBCMTD:exsup.obj
 0001:00036c02       __abnormal_termination     10037c02 f   LIBCMTD:exsup.obj
 0001:00036c25       __NLG_Notify1              10037c25 f   LIBCMTD:exsup.obj
 0001:00036c2e       __NLG_Notify               10037c2e f   LIBCMTD:exsup.obj
 0001:00036c41       __NLG_Dispatch             10037c41 f   LIBCMTD:exsup.obj
 0001:00036c50       __except_handler3          10037c50 f   LIBCMTD:exsup3.obj
 0001:00036d0d       __seh_longjmp_unwind@4     10037d0d f   LIBCMTD:exsup3.obj
 0001:00036d30       __XcptFilter               10037d30 f   LIBCMTD:winxfltr.obj
 0001:00036f50       _mbtowc                    10037f50 f   LIBCMTD:mbtowc.obj
 0001:00036fd0       __mbtowc_lk                10037fd0 f   LIBCMTD:mbtowc.obj
 0001:00037130       _isalpha                   10038130 f   LIBCMTD:_ctype.obj
 0001:00037180       _isupper                   10038180 f   LIBCMTD:_ctype.obj
 0001:000371c0       _islower                   100381c0 f   LIBCMTD:_ctype.obj
 0001:00037200       _isdigit                   10038200 f   LIBCMTD:_ctype.obj
 0001:00037240       _isxdigit                  10038240 f   LIBCMTD:_ctype.obj
 0001:00037290       _isspace                   10038290 f   LIBCMTD:_ctype.obj
 0001:000372d0       _ispunct                   100382d0 f   LIBCMTD:_ctype.obj
 0001:00037310       _isalnum                   10038310 f   LIBCMTD:_ctype.obj
 0001:00037360       _isprint                   10038360 f   LIBCMTD:_ctype.obj
 0001:000373b0       _isgraph                   100383b0 f   LIBCMTD:_ctype.obj
 0001:00037400       _iscntrl                   10038400 f   LIBCMTD:_ctype.obj
 0001:00037440       ___isascii                 10038440 f   LIBCMTD:_ctype.obj
 0001:00037450       ___toascii                 10038450 f   LIBCMTD:_ctype.obj
 0001:00037460       ___iscsymf                 10038460 f   LIBCMTD:_ctype.obj
 0001:000374c0       ___iscsym                  100384c0 f   LIBCMTD:_ctype.obj
 0001:00037520       __allshl                   10038520 f   LIBCMTD:llshl.obj
 0001:00037540       __open                     10038540 f   LIBCMTD:open.obj
 0001:00037580       __sopen                    10038580 f   LIBCMTD:open.obj
 0001:00037ae0       _getenv                    10038ae0 f   LIBCMTD:getenv.obj
 0001:00037b10       __getenv_lk                10038b10 f   LIBCMTD:getenv.obj
 0001:00037be0       __setmbcp                  10038be0 f   LIBCMTD:mbctype.obj
 0001:000383a0       __getmbcp                  100393a0 f   LIBCMTD:mbctype.obj
 0001:000383c0       ___initmbctable            100393c0 f   LIBCMTD:mbctype.obj
 0001:000383f0       ___addl                    100393f0 f   LIBCMTD:mantold.obj
 0001:00038430       ___add_12                  10039430 f   LIBCMTD:mantold.obj
 0001:000384e0       ___shl_12                  100394e0 f   LIBCMTD:mantold.obj
 0001:00038540       ___shr_12                  10039540 f   LIBCMTD:mantold.obj
 0001:000385b0       ___mtold12                 100395b0 f   LIBCMTD:mantold.obj
 0001:000386f0       _$I10_OUTPUT               100396f0 f   LIBCMTD:x10fout.obj
 0001:00038c10       ___ld12mul                 10039c10 f   LIBCMTD:tenpow.obj
 0001:00039050       ___multtenpow12            1003a050 f   LIBCMTD:tenpow.obj
 0001:00039120       __Getdays                  1003a120 f   LIBCMTD:strftime.obj
 0001:00039250       __Getmonths                1003a250 f   LIBCMTD:strftime.obj
 0001:00039380       __Gettnames                1003a380 f   LIBCMTD:strftime.obj
 0001:000396f0       _strftime                  1003a6f0 f   LIBCMTD:strftime.obj
 0001:00039710       __Strftime                 1003a710 f   LIBCMTD:strftime.obj
 0001:0003a590       ___getlocaleinfo           1003b590 f   LIBCMTD:inithelp.obj
 0001:0003a820       _localeconv                1003b820 f   LIBCMTD:lconv.obj
 0001:0003a830       ___crtGetStringTypeW       1003b830 f   LIBCMTD:w_str.obj
 0001:0003aaa0       __strnicmp                 1003baa0 f   LIBCMTD:strnicmp.obj
 0001:0003abb0       __chsize                   1003bbb0 f   LIBCMTD:chsize.obj
 0001:0003ac30       __chsize_lk                1003bc30 f   LIBCMTD:chsize.obj
 0001:0003ae60       __mbsnbicoll               1003be60 f   LIBCMTD:mbsnbico.obj
 0001:0003aeb0       ___wtomb_environ           1003beb0 f   LIBCMTD:wtombenv.obj
 0001:0003af60       ___crtGetLocaleInfoW       1003bf60 f   LIBCMTD:w_loc.obj
 0001:0003b100       ___crtGetLocaleInfoA       1003c100 f   LIBCMTD:a_loc.obj
 0001:0003b2b0       __setmode                  1003c2b0 f   LIBCMTD:setmode.obj
 0001:0003b330       __setmode_lk               1003c330 f   LIBCMTD:setmode.obj
 0001:0003b400       ___crtCompareStringA       1003c400 f   LIBCMTD:a_cmp.obj
 0001:0003b850       ___crtsetenv               1003c850 f   LIBCMTD:setenv.obj
 0001:0003bca0       __mbschr                   1003cca0 f   LIBCMTD:mbschr.obj
 0001:0003bd90       _IsBadWritePtr@8           1003cd90 f   kernel32:KERNEL32.dll
 0001:0003bd96       _IsBadReadPtr@8            1003cd96 f   kernel32:KERNEL32.dll
 0001:0003bd9c       _HeapValidate@12           1003cd9c f   kernel32:KERNEL32.dll
 0001:0003bda2       _InterlockedDecrement@4    1003cda2 f   kernel32:KERNEL32.dll
 0001:0003bda8       _InterlockedIncrement@4    1003cda8 f   kernel32:KERNEL32.dll
 0001:0003bdae       _EnterCriticalSection@4    1003cdae f   kernel32:KERNEL32.dll
 0001:0003bdb4       _LeaveCriticalSection@4    1003cdb4 f   kernel32:KERNEL32.dll
 0001:0003bdba       _ExitProcess@4             1003cdba f   kernel32:KERNEL32.dll
 0001:0003bdc0       _TerminateProcess@8        1003cdc0 f   kernel32:KERNEL32.dll
 0001:0003bdc6       _GetCurrentProcess@0       1003cdc6 f   kernel32:KERNEL32.dll
 0001:0003bdcc       _DebugBreak@0              1003cdcc f   kernel32:KERNEL32.dll
 0001:0003bdd2       _GetStdHandle@4            1003cdd2 f   kernel32:KERNEL32.dll
 0001:0003bdd8       _WriteFile@20              1003cdd8 f   kernel32:KERNEL32.dll
 0001:0003bdde       _OutputDebugStringA@4      1003cdde f   kernel32:KERNEL32.dll
 0001:0003bde4       _GetProcAddress@8          1003cde4 f   kernel32:KERNEL32.dll
 0001:0003bdea       _LoadLibraryA@4            1003cdea f   kernel32:KERNEL32.dll
 0001:0003bdf0       _GetModuleFileNameA@12     1003cdf0 f   kernel32:KERNEL32.dll
 0001:0003bdf6       _GetTimeZoneInformation@4  1003cdf6 f   kernel32:KERNEL32.dll
 0001:0003bdfc       _GetSystemTime@4           1003cdfc f   kernel32:KERNEL32.dll
 0001:0003be02       _GetLocalTime@4            1003ce02 f   kernel32:KERNEL32.dll
 0001:0003be08       _GetCommandLineA@0         1003ce08 f   kernel32:KERNEL32.dll
 0001:0003be0e       _GetVersion@0              1003ce0e f   kernel32:KERNEL32.dll
 0001:0003be14       _InitializeCriticalSection@4 1003ce14 f   kernel32:KERNEL32.dll
 0001:0003be1a       _DeleteCriticalSection@4   1003ce1a f   kernel32:KERNEL32.dll
 0001:0003be20       _FatalAppExitA@8           1003ce20 f   kernel32:KERNEL32.dll
 0001:0003be26       _HeapAlloc@12              1003ce26 f   kernel32:KERNEL32.dll
 0001:0003be2c       _HeapReAlloc@16            1003ce2c f   kernel32:KERNEL32.dll
 0001:0003be32       _HeapFree@12               1003ce32 f   kernel32:KERNEL32.dll
 0001:0003be38       _GetLastError@0            1003ce38 f   kernel32:KERNEL32.dll
 0001:0003be3e       _HeapDestroy@4             1003ce3e f   kernel32:KERNEL32.dll
 0001:0003be44       _HeapCreate@12             1003ce44 f   kernel32:KERNEL32.dll
 0001:0003be4a       _VirtualFree@12            1003ce4a f   kernel32:KERNEL32.dll
 0001:0003be50       _VirtualAlloc@16           1003ce50 f   kernel32:KERNEL32.dll
 0001:0003be56       _GetModuleHandleA@4        1003ce56 f   kernel32:KERNEL32.dll
 0001:0003be5c       _RaiseException@16         1003ce5c f   kernel32:KERNEL32.dll
 0001:0003be62       _WideCharToMultiByte@32    1003ce62 f   kernel32:KERNEL32.dll
 0001:0003be68       _MultiByteToWideChar@24    1003ce68 f   kernel32:KERNEL32.dll
 0001:0003be6e       _LCMapStringA@24           1003ce6e f   kernel32:KERNEL32.dll
 0001:0003be74       _LCMapStringW@24           1003ce74 f   kernel32:KERNEL32.dll
 0001:0003be7a       _SetHandleCount@4          1003ce7a f   kernel32:KERNEL32.dll
 0001:0003be80       _GetFileType@4             1003ce80 f   kernel32:KERNEL32.dll
 0001:0003be86       _GetStartupInfoA@4         1003ce86 f   kernel32:KERNEL32.dll
 0001:0003be8c       _GetCurrentThreadId@0      1003ce8c f   kernel32:KERNEL32.dll
 0001:0003be92       _TlsSetValue@8             1003ce92 f   kernel32:KERNEL32.dll
 0001:0003be98       _TlsAlloc@0                1003ce98 f   kernel32:KERNEL32.dll
 0001:0003be9e       _TlsFree@4                 1003ce9e f   kernel32:KERNEL32.dll
 0001:0003bea4       _SetLastError@4            1003cea4 f   kernel32:KERNEL32.dll
 0001:0003beaa       _TlsGetValue@4             1003ceaa f   kernel32:KERNEL32.dll
 0001:0003beb0       _GetCurrentThread@0        1003ceb0 f   kernel32:KERNEL32.dll
 0001:0003beb6       _SetConsoleCtrlHandler@8   1003ceb6 f   kernel32:KERNEL32.dll
 0001:0003bebc       _CloseHandle@4             1003cebc f   kernel32:KERNEL32.dll
 0001:0003bec2       _ReadFile@20               1003cec2 f   kernel32:KERNEL32.dll
 0001:0003bec8       _SetStdHandle@8            1003cec8 f   kernel32:KERNEL32.dll
 0001:0003bece       _FlushFileBuffers@4        1003cece f   kernel32:KERNEL32.dll
 0001:0003bed4       _FreeEnvironmentStringsA@4 1003ced4 f   kernel32:KERNEL32.dll
 0001:0003beda       _FreeEnvironmentStringsW@4 1003ceda f   kernel32:KERNEL32.dll
 0001:0003bee0       _GetEnvironmentStrings@0   1003cee0 f   kernel32:KERNEL32.dll
 0001:0003bee6       _GetEnvironmentStringsW@0  1003cee6 f   kernel32:KERNEL32.dll
 0001:0003beec       _GetStringTypeA@20         1003ceec f   kernel32:KERNEL32.dll
 0001:0003bef2       _GetStringTypeW@16         1003cef2 f   kernel32:KERNEL32.dll
 0001:0003bef8       _SetFilePointer@16         1003cef8 f   kernel32:KERNEL32.dll
 0001:0003befe       _GetCPInfo@8               1003cefe f   kernel32:KERNEL32.dll
 0001:0003bf04       _IsValidLocale@8           1003cf04 f   kernel32:KERNEL32.dll
 0001:0003bf0a       _IsValidCodePage@4         1003cf0a f   kernel32:KERNEL32.dll
 0001:0003bf10       _GetLocaleInfoA@16         1003cf10 f   kernel32:KERNEL32.dll
 0001:0003bf16       _EnumSystemLocalesA@8      1003cf16 f   kernel32:KERNEL32.dll
 0001:0003bf1c       _GetUserDefaultLCID@0      1003cf1c f   kernel32:KERNEL32.dll
 0001:0003bf22       _GetVersionExA@4           1003cf22 f   kernel32:KERNEL32.dll
 0001:0003bf28       _RtlUnwind@16              1003cf28 f   kernel32:KERNEL32.dll
 0001:0003bf2e       _UnhandledExceptionFilter@4 1003cf2e f   kernel32:KERNEL32.dll
 0001:0003bf34       _CreateFileA@28            1003cf34 f   kernel32:KERNEL32.dll
 0001:0003bf3a       _GetACP@0                  1003cf3a f   kernel32:KERNEL32.dll
 0001:0003bf40       _GetOEMCP@0                1003cf40 f   kernel32:KERNEL32.dll
 0001:0003bf46       _SetEndOfFile@4            1003cf46 f   kernel32:KERNEL32.dll
 0001:0003bf4c       _GetLocaleInfoW@16         1003cf4c f   kernel32:KERNEL32.dll
 0001:0003bf52       _CompareStringA@24         1003cf52 f   kernel32:KERNEL32.dll
 0001:0003bf58       _CompareStringW@24         1003cf58 f   kernel32:KERNEL32.dll
 0001:0003bf5e       _SetEnvironmentVariableA@8 1003cf5e f   kernel32:KERNEL32.dll
 0001:0003bf70       ___dtoxmode                1003cf70 f   LIBCMTD:stat.obj
 0001:0003c0c0       __stat                     1003d0c0 f   LIBCMTD:stat.obj
 0001:0003c0c0       _stat                      1003d0c0 f   LIBCMTD:stat.obj
 0001:0003c640       __mbsicmp                  1003d640 f   LIBCMTD:mbsicmp.obj
 0001:0003c8e0       __mbsrchr                  1003d8e0 f   LIBCMTD:mbsrchr.obj
 0001:0003c9b0       __fullpath                 1003d9b0 f   LIBCMTD:fullpath.obj
 0001:0003ca90       __getdrive                 1003da90 f   LIBCMTD:drive.obj
 0001:0003caf0       __chdrive                  1003daf0 f   LIBCMTD:drive.obj
 0001:0003cb80       __mbctolower               1003db80 f   LIBCMTD:mbtolwr.obj
 0001:0003cc60       __mbspbrk                  1003dc60 f   LIBCMTD:mbspbrk.obj
 0001:0003cda0       _strrchr                   1003dda0 f   LIBCMTD:strrchr.obj
 0001:0003cdd0       __getcwd                   1003ddd0 f   LIBCMTD:getcwd.obj
 0001:0003ce10       __getdcwd                  1003de10 f   LIBCMTD:getcwd.obj
 0001:0003ce50       __getdcwd_lk               1003de50 f   LIBCMTD:getcwd.obj
 0001:0003cf70       __validdrive               1003df70 f   LIBCMTD:getcwd.obj
 0001:0003cfbe       _FindClose@4               1003dfbe f   kernel32:KERNEL32.dll
 0001:0003cfc4       _FileTimeToSystemTime@8    1003dfc4 f   kernel32:KERNEL32.dll
 0001:0003cfca       _FileTimeToLocalFileTime@8 1003dfca f   kernel32:KERNEL32.dll
 0001:0003cfd0       _GetDriveTypeA@4           1003dfd0 f   kernel32:KERNEL32.dll
 0001:0003cfd6       _FindFirstFileA@8          1003dfd6 f   kernel32:KERNEL32.dll
 0001:0003cfdc       _GetFullPathNameA@16       1003dfdc f   kernel32:KERNEL32.dll
 0001:0003cfe2       _GetCurrentDirectoryA@8    1003dfe2 f   kernel32:KERNEL32.dll
 0001:0003cfe8       _SetCurrentDirectoryA@4    1003dfe8 f   kernel32:KERNEL32.dll
 0002:0000001c       ??_C@_0CL@HPK@?5is?5not?5of?5type?5Integer?0?5or?5Doub@ 1003e01c     Add.obj
 0002:00000048       ??_C@_0O@MJKC@?5or?5argument?5?$AA@ 1003e048     Add.obj
 0002:00000058       ??_C@_09HDIL@Argument?5?$AA@ 1003e058     Add.obj
 0002:00000064       ??_C@_0CH@NBOB@?5not?5found?5during?5ADD?5function?4?5@ 1003e064     Add.obj
 0002:0000008c       ??_C@_0BF@DEKB@BlackBoard?5variable?5?$AA@ 1003e08c     Add.obj
 0002:000000a4       ??_C@_0CC@CHKF@Progression?5due?5to?5new?5metastasi@ 1003e0a4     AddToEventQ.obj
 0002:000000c8       ??_C@_01PJCK@?4?$AA@       1003e0c8     AddToEventQ.obj
 0002:000000cc       ??_C@_0DE@CGKB@?5is?5not?5of?5type?5Boolean?0?5Integer@ 1003e0cc     And.obj
 0002:00000100       __real@8@00000000000000000000 1003e100     And.obj
 0002:00000108       ??_C@_0CH@LNFB@?5not?5found?5during?5AND?5function?4?5@ 1003e108     And.obj
 0002:00000130       ??_C@_0BN@BOHB@?5Not?5of?5type?5Boolean?4?5?$FLAndA?$FN?$AA@ 1003e130     And.obj
 0002:00000150       ??_C@_05GKMN@OVER2?$AA@    1003e150     ApplyRegimen.obj
 0002:00000158       __real@8@bfff8000000000000000 1003e158     Applyrul.obj
 0002:00000160       ??_C@_0CO@PGNF@?$CFs?7function?3Applyrul?4ApplyRules?7@ 1003e160     Applyrul.obj
 0002:00000190       ??_C@_0BA@PPME@CTTreatment?5?$DO?52?$AA@ 1003e190     ApplyTrialSched.obj
 0002:000001a0       ??_C@_06ENMJ@?$CFlf?5?5?$AA?$AA@ 1003e1a0     ApplyTrialSched.obj
 0002:000001a8       __real@8@3fff8000000000000000 1003e1a8     ApplyTrialSched.obj
 0002:000001b0       ??_C@_0CA@IOCK@Out?5of?5Memory?5?$FLApplyTrialSched?$FN?$AA@ 1003e1b0     ApplyTrialSched.obj
 0002:000001d0       ??_C@_00A@?$AA@            1003e1d0     ApplyTrialSched.obj
 0002:000001d8       __real@8@4002e000000000000000 1003e1d8     ApplyTrialSched.obj
 0002:000001e0       __real@8@4003e000000000000000 1003e1e0     ApplyTrialSched.obj
 0002:000001e8       ??_C@_0CL@KN@?5?5?5?5?5?5CAUTION?3?5logten?5evaluated?5@ 1003e1e8     ariths.obj
 0002:00000218       __real@8@4000935d8ddd90cec800 1003e218     ariths.obj
 0002:00000220       __real@8@c005a000000000000000 1003e220     ariths.obj
 0002:00000228       ??_C@_0CD@MCJJ@nsched?5is?5too?5big?5?$CIbuildsched?$CJ?3?5@ 1003e228     buildsche.obj
 0002:0000024c       ??_C@_0DC@HBGB@CAUTION?3?5total?5?$CD?5timepoints?5must@ 1003e24c     buildsche.obj
 0002:00000280       __real@8@3ff1d1b71758e2196800 1003e280     cellcount.obj
 0002:00000288       __real@8@3ff9f5c28f5c28f5c000 1003e288     cellcount.obj
 0002:00000290       __real@8@40008000000000000000 1003e290     cellcount.obj
 0002:00000298       ??_C@_0BK@GMB@Invalid?5Call?5to?5s2wrapper?$AA@ 1003e298     cellp.obj
 0002:000002b4       ??_C@_07CMEH@InitTox?$AA@  1003e2b4     cellp.obj
 0002:000002bc       ??_C@_09NFIB@PokePgfCN?$AA@ 1003e2bc     cellp.obj
 0002:000002c8       ??_C@_06GPDJ@PeekCN?$AA@   1003e2c8     cellp.obj
 0002:000002d0       ??_C@_0DH@PMML@?$CFs?7function?3cellp?4s2wrapper?7what@ 1003e2d0     cellp.obj
 0002:00000308       ??_C@_0DM@NAMO@Note?3?5at?5least?5one?5cell?5was?5alte@ 1003e308     cellp.obj
 0002:00000348       __real@8@4003a000000000000000 1003e348     cellp.obj
 0002:00000350       ??_C@_02GOLJ@?$CFe?$AA@    1003e350     cellp.obj
 0002:00000354       ??_C@_0IK@PNKO@Sorry?4?5The?5total?5number?5of?5cell?5@ 1003e354     cellp.obj
 0002:000003e0       ??_C@_09IGDF@treat?4dll?$AA@ 1003e3e0     cellp.obj
 0002:000003f0       __real@8@bfd78cbccc096f508800 1003e3f0     cellp.obj
 0002:000003f8       __real@8@3fd78cbccc096f508800 1003e3f8     cellp.obj
 0002:00000400       ??_C@_0BK@PMNI@Cell?5Counts?5?$CI?5celltype?5?$CJ?6?$AA@ 1003e400     cellp.obj
 0002:0000041c       ??_C@_01BJG@?6?$AA@        1003e41c     cellp.obj
 0002:00000420       ??_C@_0N@LJED@?5?5?5Type?5?$CFd?5?5?$AA@ 1003e420     cellp.obj
 0002:00000430       ??_C@_0BM@IKAK@Time?5Point?5?$FLactive_ntypes?$FN?5?$AA@ 1003e430     cellp.obj
 0002:0000044c       ??_C@_0M@EBME@ntypes?$DN?$CFd?6?6?$AA@ 1003e44c     cellp.obj
 0002:00000458       ??_C@_0N@JAN@PrintGap?$DN?$CFd?6?$AA@ 1003e458     cellp.obj
 0002:00000468       ??_C@_0M@CMIJ@endT?5?$DN?5?$CFf?5?6?$AA@ 1003e468     cellp.obj
 0002:00000474       ??_C@_0O@CCFE@startT?5?$DN?5?$CFf?5?6?$AA@ 1003e474     cellp.obj
 0002:00000484       ??_C@_0P@GBEJ@delta_t?5?$DN?5?$CFf?5?6?$AA@ 1003e484     cellp.obj
 0002:00000498       __real@8@3fffb8aa433508f64800 1003e498     cellp.obj
 0002:000004a0       __real@8@c0029000000000000000 1003e4a0     cellp.obj
 0002:000004a8       ??_C@_0CP@FEEO@?$CFs?7function?3cellp?4sumcellbylevel@ 1003e4a8     cellp.obj
 0002:000004d8       ??_C@_05HNGG@Tumor?$AA@    1003e4d8     checkevents.obj
 0002:000004e0       ??_C@_0BC@NOPK@Tumor?5Progression?$AA@ 1003e4e0     checkevents.obj
 0002:000004f8       __real@8@4005c800000000000000 1003e4f8     checkevents.obj
 0002:00000500       __real@8@3ffe8000000000000000 1003e500     checkevents.obj
 0002:00000508       ??_C@_05GDDG@?$CF?44e?$AA?$AA@ 1003e508     checkevents.obj
 0002:00000510       ??_C@_01FCOA@?5?$AA@       1003e510     CheckForTox.obj
 0002:00000514       ??_C@_01PLFL@5?$AA@        1003e514     CheckForTox.obj
 0002:00000518       __real@8@3ffec000000000000000 1003e518     CheckForTox.obj
 0002:00000520       ??_C@_02MECO@?$CFd?$AA@    1003e520     CheckForTox.obj
 0002:00000524       ??_C@_0BJ@JOLA@Maximum?5Courses?5Received?$AA@ 1003e524     CheckForTreatment.obj
 0002:00000540       ??_C@_03HNME@?$CFd?$AA?$AA@ 1003e540     CheckForTreatment.obj
 0002:00000544       ??_C@_04NMA@?$CFlf?$AA?$AA@ 1003e544     CheckForTreatment.obj
 0002:0000054c       ??_C@_03GLGO@?$CFe?$AA?$AA@ 1003e54c     CheckForTreatment.obj
 0002:00000550       ??_C@_0CD@CMCN@?$CFs?7function?3ClearRules?4ClearRule@ 1003e550     ClearRules.obj
 0002:00000574       ??_C@_0CK@FJOB@?5is?5not?5of?5type?5Integer?0?5or?5Doub@ 1003e574     Comp.obj
 0002:000005a0       ??_C@_0DI@CELF@?5not?5found?5while?5trying?5to?5perfo@ 1003e5a0     Comp.obj
 0002:000005d8       ??_C@_0BN@BAJL@?5Not?5of?5type?5Boolean?4?5?$FLComp?$FN?$AA@ 1003e5d8     Comp.obj
 0002:000005f8       ??_C@_05MPFE@?$HONULL?$AA@ 1003e5f8     Comp.obj
 0002:00000600       ??_C@_08CHPE@?5?$FLCompI?$FN?$AA@ 1003e600     Comp.obj
 0002:0000060c       ??_C@_0BL@FJID@Undefined?5comparison?5type?5?$AA@ 1003e60c     Comp.obj
 0002:00000628       ??_C@_02GMBL@?$CB?$DN?$AA@ 1003e628     Comp.obj
 0002:0000062c       ??_C@_02NCLD@?$DO?$DN?$AA@ 1003e62c     Comp.obj
 0002:00000630       ??_C@_01FAFK@?$DO?$AA@     1003e630     Comp.obj
 0002:00000634       ??_C@_02PPOG@?$DM?$DN?$AA@ 1003e634     Comp.obj
 0002:00000638       ??_C@_01FHE@?$DM?$AA@      1003e638     Comp.obj
 0002:0000063c       ??_C@_02OJEM@?$DN?$DN?$AA@ 1003e63c     Comp.obj
 0002:00000640       ??_C@_07NBAD@VE?5cell?$AA@ 1003e640     CreateParaStruct.obj
 0002:00000648       ??_C@_0HJ@BEGE@Sorry?4?5The?5total?5?$CD?5timepoints?5ha@ 1003e648     evalshed.obj
 0002:000006c4       ??_C@_0DJ@LGA@?$CFs?7function?3evalsched?4ApplySched@ 1003e6c4     evalshed.obj
 0002:00000700       ??_C@_0CI@OFNA@getstring?5WARNING?3?5line?5not?5full@ 1003e700     getstring.obj
 0002:00000728       __real@8@400dfffe000000000000 1003e728     grand.obj
 0002:00000730       ??_C@_0ED@IAPA@The?5first?5random?5number?5seed?5mus@ 1003e730     grand.obj
 0002:00000774       ??_C@_0DI@IBHE@Call?5the?5init?5routine?5rmarin?$CI?$CJ?5b@ 1003e774     grand.obj
 0002:000007b0       __real@8@3ffefff972474538f000 1003e7b0     grand.obj
 0002:000007b8       __real@8@4010a26c000000000000 1003e7b8     grand.obj
 0002:000007c0       __real@8@400cd890000000000000 1003e7c0     grand.obj
 0002:000007c8       __real@8@4007e700000000000000 1003e7c8     grand.obj
 0002:000007d0       __real@8@40068400000000000000 1003e7d0     grand.obj
 0002:000007d8       __real@8@4005c600000000000000 1003e7d8     grand.obj
 0002:000007e0       __real@8@40068c00000000000000 1003e7e0     grand.obj
 0002:000007e8       __real@8@3ffcaaaaaaaaaa5f9800 1003e7e8     grand.obj
 0002:000007f0       __real@8@3ffea000000000000000 1003e7f0     grand.obj
 0002:000007f8       __real@8@4000c000000000000000 1003e7f8     grand.obj
 0002:00000800       __real@8@3ffc89374bc6a7efa000 1003e800     grand.obj
 0002:00000808       __real@8@4003a400000000000000 1003e808     grand.obj
 0002:00000810       __real@8@4002f4ccccccccccd000 1003e810     grand.obj
 0002:00000818       __real@8@40019333333333333000 1003e818     grand.obj
 0002:00000820       __real@8@40008c7ae147ae147800 1003e820     grand.obj
 0002:00000828       __real@8@4003f000000000000000 1003e828     grand.obj
 0002:00000830       __real@8@c0008000000000000000 1003e830     grand.obj
 0002:00000838       __real@8@3ffefffffffffee68800 1003e838     grand.obj
 0002:00000840       __real@8@4009fa00000000000000 1003e840     grand.obj
 0002:00000848       __real@8@3feea7c5ac471b478800 1003e848     grand.obj
 0002:00000850       __real@8@401cee6b280000000000 1003e850     grand.obj
 0002:00000858       ??_C@_0EE@FCGP@?$CFs?7function?3IncrementActionClaus@ 1003e858     IncrementActionClause.obj
 0002:0000089c       ??_C@_0DM@NADI@?$CFs?7function?3IncrementIFClause?4In@ 1003e89c     IncrementIFClause.obj
 0002:000008d8       ??_C@_0CJ@JOPC@?$CFs?7function?3IncrementRule?4Increm@ 1003e8d8     IncrementRule.obj
 0002:00000904       ??_C@_03MAMC@?$CFlf?$AA@   1003e904     infile.obj
 0002:00000908       ??_C@_02JBML@?$CFc?$AA@    1003e908     infile.obj
 0002:0000090c       ??_C@_0CL@NEEC@?$CFs?7function?3InitDoseFactor?4InitD@ 1003e90c     InitDoseFactor.obj
 0002:00000938       ??_C@_0CL@PKFH@in?5?$FLvector?$FN?3allocation?5failure?5i@ 1003e938     integration.obj
 0002:00000964       ??_C@_0CE@NGGN@in?5?$FLpolint?$FN?3Error?5in?5routine?5pol@ 1003e964     integration.obj
 0002:00000988       ??_C@_0CN@CPCJ@in?5?$FLpgfint?$FN?3Too?5many?5steps?5in?5ro@ 1003e988     integration.obj
 0002:000009b8       __real@8@3ffd8000000000000000 1003e9b8     integration.obj
 0002:000009c0       __real@8@3feb8637bd05af6c6800 1003e9c0     integration.obj
 0002:000009c8       ??_C@_03FAJB@?$CFf?$AA?$AA@ 1003e9c8     InterpretEvents.obj
 0002:000009d0       __real@8@3fe4abcc77118461d000 1003e9d0     InterpretEvents.obj
 0002:000009d8       ??_C@_03MKJP@Any?$AA@      1003e9d8     InterpretEvents.obj
[...]
 0001:00022700       __abstract_sw              10023700 f   LIBCMTD:ieee87.obj
 0001:000221d0       _doexit                    100231d0 f   LIBCMTD:crt0dat.obj
 0001:000222e0       __initterm                 100232e0 f   LIBCMTD:crt0dat.obj
 0001:00021240       _$$$00001                  10022240 f   LIBCMTD:chkstk.obj
 0001:0002124c       probepages                 1002224c f   LIBCMTD:chkstk.obj
 0001:00021260       lastpage                   10022260 f   LIBCMTD:chkstk.obj
 0001:00020ff0       dodwords                   10021ff0 f   LIBCMTD:strcmp.obj
 0001:00021020       doneeq                     10022020 f   LIBCMTD:strcmp.obj
 0001:00021024       donene                     10022024 f   LIBCMTD:strcmp.obj
 0001:0002102c       dopartial                  1002202c f   LIBCMTD:strcmp.obj
 0001:00021048       doword                     10022048 f   LIBCMTD:strcmp.obj
 0001:00020f6c       str_misaligned             10021f6c f   LIBCMTD:strlen.obj
 0001:00020f80       main_loop                  10021f80 f   LIBCMTD:strlen.obj
 0001:00020fb3       byte_3                     10021fb3 f   LIBCMTD:strlen.obj
 0001:00020fbd       byte_2                     10021fbd f   LIBCMTD:strlen.obj
 0001:00020fc7       byte_1                     10021fc7 f   LIBCMTD:strlen.obj
 0001:00020fd1       byte_0                     10021fd1 f   LIBCMTD:strlen.obj
 0001:0001f410       _realloc_help              10020410 f   LIBCMTD:dbgheap.obj
 0001:00020050       _CheckBytes                10021050 f   LIBCMTD:dbgheap.obj
 0001:00020c40       __printMemBlockData        10021c40 f   LIBCMTD:dbgheap.obj
 0001:0001ee4d       dest_misaligned            1001fe4d f   LIBCMTD:strcat.obj
 0001:0001ee5c       find_end_of_dest_string_loop 1001fe5c f   LIBCMTD:strcat.obj
 0001:0001ee8f       start_byte_3               1001fe8f f   LIBCMTD:strcat.obj
 0001:0001ee94       start_byte_2               1001fe94 f   LIBCMTD:strcat.obj
 0001:0001ee99       start_byte_1               1001fe99 f   LIBCMTD:strcat.obj
 0001:0001ee9e       start_byte_0               1001fe9e f   LIBCMTD:strcat.obj
 0001:0001eead       src_misaligned             1001fead f   LIBCMTD:strcat.obj
 0001:0001eec1       main_loop                  1001fec1 f   LIBCMTD:strcat.obj
 0001:0001eec6       main_loop_entrance         1001fec6 f   LIBCMTD:strcat.obj
 0001:0001eefa       byte_3                     1001fefa f   LIBCMTD:strcat.obj
 0001:0001ef02       byte_2                     1001ff02 f   LIBCMTD:strcat.obj
 0001:0001ef0f       byte_1                     1001ff0f f   LIBCMTD:strcat.obj
 0001:0001ef18       byte_0                     1001ff18 f   LIBCMTD:strcat.obj
 0001:0001eea1       copy_start                 1001fea1 f   LIBCMTD:strcat.obj
 0001:0001eb60       LeadUp1                    1001fb60 f   LIBCMTD:memcpy.obj
 0001:0001eb8c       LeadUp2                    1001fb8c f   LIBCMTD:memcpy.obj
 0001:0001ebb0       LeadUp3                    1001fbb0 f   LIBCMTD:memcpy.obj
 0001:0001ec2f       UnwindUp0                  1001fc2f f   LIBCMTD:memcpy.obj
 0001:0001ec1c       UnwindUp1                  1001fc1c f   LIBCMTD:memcpy.obj
 0001:0001ec14       UnwindUp2                  1001fc14 f   LIBCMTD:memcpy.obj
 0001:0001ec0c       UnwindUp3                  1001fc0c f   LIBCMTD:memcpy.obj
 0001:0001ec04       UnwindUp4                  1001fc04 f   LIBCMTD:memcpy.obj
 0001:0001ebfc       UnwindUp5                  1001fbfc f   LIBCMTD:memcpy.obj
 0001:0001ebf4       UnwindUp6                  1001fbf4 f   LIBCMTD:memcpy.obj
 0001:0001ebec       UnwindUp7                  1001fbec f   LIBCMTD:memcpy.obj
 0001:0001ec48       TrailUp0                   1001fc48 f   LIBCMTD:memcpy.obj
 0001:0001ec50       TrailUp1                   1001fc50 f   LIBCMTD:memcpy.obj
 0001:0001ec5c       TrailUp2                   1001fc5c f   LIBCMTD:memcpy.obj
 0001:0001ec70       TrailUp3                   1001fc70 f   LIBCMTD:memcpy.obj
 0001:0001ece8       LeadDown1                  1001fce8 f   LIBCMTD:memcpy.obj
 0001:0001ed08       LeadDown2                  1001fd08 f   LIBCMTD:memcpy.obj
 0001:0001ed30       LeadDown3                  1001fd30 f   LIBCMTD:memcpy.obj
 0001:0001ed84       UnwindDown7                1001fd84 f   LIBCMTD:memcpy.obj
 0001:0001ed8c       UnwindDown6                1001fd8c f   LIBCMTD:memcpy.obj
 0001:0001ed94       UnwindDown5                1001fd94 f   LIBCMTD:memcpy.obj
 0001:0001ed9c       UnwindDown4                1001fd9c f   LIBCMTD:memcpy.obj
 0001:0001eda4       UnwindDown3                1001fda4 f   LIBCMTD:memcpy.obj
 0001:0001edac       UnwindDown2                1001fdac f   LIBCMTD:memcpy.obj
 0001:0001edb4       UnwindDown1                1001fdb4 f   LIBCMTD:memcpy.obj
 0001:0001edc7       UnwindDown0                1001fdc7 f   LIBCMTD:memcpy.obj
 0001:0001ede0       TrailDown0                 1001fde0 f   LIBCMTD:memcpy.obj
 0001:0001ede8       TrailDown1                 1001fde8 f   LIBCMTD:memcpy.obj
 0001:0001edf8       TrailDown2                 1001fdf8 f   LIBCMTD:memcpy.obj
 0001:0001ee0c       TrailDown3                 1001fe0c f   LIBCMTD:memcpy.obj
 0001:0001eb10       CopyUp                     1001fb10 f   LIBCMTD:memcpy.obj
 0001:0001eb2c       CopyLeadUp                 1001fb2c f   LIBCMTD:memcpy.obj
 0001:0001eb44       ByteCopyUp                 1001fb44 f   LIBCMTD:memcpy.obj
 0001:0001eb4c       CopyUnwindUp               1001fb4c f   LIBCMTD:memcpy.obj
 0001:0001ec88       CopyDown                   1001fc88 f   LIBCMTD:memcpy.obj
 0001:0001ecb0       CopyUnwindDown             1001fcb0 f   LIBCMTD:memcpy.obj
 0001:0001ecbc       CopyLeadDown               1001fcbc f   LIBCMTD:memcpy.obj
 0001:0001ecd4       ByteCopyDown               1001fcd4 f   LIBCMTD:memcpy.obj

FIXUPS: 21d3a 34 39 16 7c 2a 28 fffff5a3 67 47 7e 17 1c 4c 15 4d 5a 11
FIXUPS: 21702 1b ec 33 49 10e 1a a1 20 31 28 4f 3a 31 18 45 18 f 1a 88
FIXUPS: 21d10 fffff0a3 2b 1c 2c 1c 16 c 1f 62 51 1f 45 c 5a 1f 93 57 8
FIXUPS: 21162 2b 28 28 28 16 94 2b 32 2b 39 20 49 33 fffff2d9 b3 19 59
FIXUPS: 20869 54 85 15 1e d 18 20 1c 10 a 24 1c 50 1d 1f 62 34 3b 2b 3b
FIXUPS: 20c38 2b c 41 6b 56 36 fffff215 1d 25 2f 1c 69 28 5f 54 21 128
FIXUPS: 202f4 1b 33 2f 51 15 1e d 35 21 1b 1c 6b 28 32 4f 18 1f 5b 66 25
FIXUPS: 2240a 1d 29 25 ffffff01 a ffffff27 12 3a 10 29 2a 10 fffffe06 2a
FIXUPS: 221db 4b fffffe70 2a 1e c 17 13 c fffffd97 5 a ffffe06e 26 28 15
FIXUPS: 1ffaf 2add fffffdfe 3f 11 fffffe11 16 3e 39 14 2c 3f 3e 2b fffffc7e
FIXUPS: 224f2 1b 25 14 10 d 10 b 3d 3b 14 60 7 14 7 fffffd15 2b 28 b12
FIXUPS: 22f1e a6 10 31 2c 44 2c fffffd3f 18 44 15 27 fffffdb6 18 10 f 39
FIXUPS: 22cfd fffffde5 2e 28 1e 2c 12 21 20 25 fffffd4f 1c 13 6d dd2 12
FIXUPS: 237e1 16 10 1c 31 10 fffffabd 21 21 24 2a 19 c fffffd57 12 1d 20
FIXUPS: 2319a 20 1b 77 12 13 19 b 31 10 fffffdee 11 fffffdfc 146a 26 19d
FIXUPS: 24516 19 19 a fffff638 85 69 33 8c 34 fffffcc4 29 77 20 31 16 10
FIXUPS: 23b61 fffffdd5 1b d 18 14 f fffffefd 2a 18 14 f 1003 fffffdc7 31
FIXUPS: 24702 f 4c 27 f f 27 fffff710 10b 2a 18 38 16 2b 14 2e 18 18 7a
FIXUPS: 241ee 34 47 1e d 2f 15 11 1d 21 bb3 17 b5 fffffc61 12 2c 10 1d
FIXUPS: 24c9c 10 fffffeab 12 2a 10 1b 2a 10 fffffeaf 12 2a 10 1b 2a 10
FIXUPS: 24a72 fffffd9e 2e 2a 2e 14 22 f d3e 1c 13 6d a7 fffffd83 fffffe32
FIXUPS: 25335 a 23 fffffe70 1c 11 13 8 a f 25 11 13 c fffffd31 18 f af
FIXUPS: 25109 6a fffffb6b 18 11b 21 4b ea9 2d 18 1c 1e f fffffd63 1c b6
FIXUPS: 25c0e 25 24 30 1e fffffbc8 e c f 22 28 78 6e 21 68 33 40 25 f fffffcd0
FIXUPS: 257e1 15 12 d0a c d fffffdd5 60 13 a 34 a fffffe3c 1b fffffd79
FIXUPS: 25fe9 9 17 a 5 5 5 3d 7 f 5 5 5 15 75 1e 1e 1d 68 9 6c6 8 12 27
FIXUPS: 268ea 2a ffffff1b c 19 a c fffffdd7 17 22 c 2c 18 3f 10 70 10 a
FIXUPS: 267af 53 fffffd94 c 2f 14 f fffffe9a 2b 29 2394 19f 20 3a 2f 1a
FIXUPS: 28b00 60 ff 27 16 94 35 68 12 34 33 48 3c 36 1c 1a 18 17 fffff8c5
FIXUPS: 2877e ffffffcb ffffe999 191 19 de0 ffffe8e1 2aa3 133 18 21 34 30
FIXUPS: 29668 e2 142 ba 31 1e 2a 1b 11d 25 122 1e 30 75 32 22 26 170 55
FIXUPS: 29f93 ffffeffd 21 7e c8 33 fffff724 2df1 d fffff230 3d 5e 133 38
FIXUPS: 2a83c fffffefe 5e 7 fffffb31 12 1d 5 55 3c 7 2f b2 15 fffffb9e
FIXUPS: 2a138 10 3e 54 4d 28 fffff017 34 24 cb 1772 a 14 52 a 14 2a 2c
FIXUPS: 2abeb 3a e 11 2f 44 c 3e e 11 182 1d8 1ac 2b 33 1b6 f4 27 36 44
FIXUPS: 2b5db 10 16 c 18f4 2b fffff526 36 fffff9c8 21 2b 28 1e 2c 38 16
FIXUPS: 2bf7e 23 ac 4e 23 125 1c 2b 37 1d 2b 13 b7 fffff914 c8 1d 27 fffffa27
FIXUPS: 2b97d 17 f30 43 26 c 47 1b 40 50 31 4c 4e 1a 25 2a 9b 19 1b 26
FIXUPS: 2cc82 1b 14 19 19 11 67 27 40 2a 45 2e 33 4a b01 1f fffffb7c 13
FIXUPS: 2d673 29a fffffa83 82 2a fffffe82 37 fffffce0 98 f6 fffff3ac 43
FIXUPS: 2c5de 48 51 19 2f 2d 39 21 5a 38 47 17 31 11 1a 22 159d 58 50 44
FIXUPS: 2df5a 16 c4 13 28 16 1d a 96 f2 10 fffff7d1 2a 2e 37 81 2a 21 62
FIXUPS: 2dbec 1a 1a 1a 1a 1d e fffffcc1 5c 1571 24 e5 39 76 4a 3d 76 6c
FIXUPS: 2f290 20 77 27 70 46 31 35 44 35 1c 147 8a 32 24 f ffffe5c2 43
FIXUPS: 2dd43 82 24 27 2a 43c 2d 47 4a 9 19 a4 1aa 1d 118 1de 32 97 1f
FIXUPS: 2e9f7 a8 28 33 43 64 46 41 12 2f 4d 23 10 70 24 5a 46 2f 136f 45
FIXUPS: 2ffc0 60 31 2a a7 fffffb34 2a 2a 227 fffffccc 3a fffffeab b 14
FIXUPS: 2faad f 1e 1b c 10 29 2d fffffd4f 2a 44 4b fffffe4d 2a 44 4b 15ce
FIXUPS: 30e64 10 fffff98d 82 2f 83 7d 11 b8 b d6 b 65 b 7c 30 e b 18 32
FIXUPS: 30d2b 2f fffff5e8 b 14 14 f 137 b 23 2c5 e41 6c 2c c d b0 53 66
FIXUPS: 3185c 25 23 fffff91e 17 2e 2d a 16 fffffc5e b 14 14 f 6d 1a2 b
FIXUPS: 3111e 3e b fffffc5e 31 21 1f 1183 fffffe07 36 28 1f 29 26 17 12
FIXUPS: 31ed1 fffffcf5 29 fffff690 11 14 12 8 7 1b 2b 17 150 e 15 18 c
FIXUPS: 314d1 17 a 15 3b 5b 1e24 20 68 82 10 30 10 30 10 fffff78c 1d fffff950
FIXUPS: 32670 77 3a 59 15 17 1d 14 13 14 1a 19 fffffcd3 4a 94 2b fffff903
FIXUPS: 31f66 1e 13 1a9e f 27 11 4c fffffe10 21 13 50 5e fffffeac fffffe19
FIXUPS: 336a7 29 ffffff78 17 fffff815 41 8c 14 26f 19 1c 13 2a 3a 10 13
FIXUPS: 332a9 26 1e 41 1de9 eb 1c8 8c 152 6d 238 13 fffff1f1 2b 28 2c 3a
FIXUPS: 34b30 1c 5e 25 28 31 43 28 31 16 14 fffffc53 72 13 24 17 fffff001
FIXUPS: 33a0d 14 25b2 11 11 11 11 11 11 11 11 11 11 11 11 11 11 11 11 11
FIXUPS: 36105 11 14 14 14 14 14 14 14 14 14 14 14 ffffedd8 c9e 1f 1f 1f
FIXUPS: 35ce4 1f 1f 1f 1f 22 22 22 22 22 22 22 22 22 22 25 2f 11 11 11
FIXUPS: 35f4c 11 10 11 11 11 11 11 498 fffff448 1f 10 e 1e 11 25 11 5e
FIXUPS: 359c1 1f 1f 1f 1f 1c 1f 1f 1f 1f 1f 1f 1f 1f 1f 1f 1f 1f 1f 1f
FIXUPS: 35c2a 1f b16 1f 1f 1f 1f 1f 1f 1f 1f bd 11 11 11 11 11 11 fffff8b9
FIXUPS: 36250 1d 17 16 11 11 46 13 14 5b 11 10 34 30 16 5b1 1f 19 19 19
FIXUPS: 36b42 65 a6 22 17 e 15 e e e 2b 11 fffff840 1f 10 e 4c 11 4f 11
FIXUPS: 36696 1f 1f 1f 1f 17 17 91b 1d 39 6a 55 5a 62 28 2b 83 59 16 74
FIXUPS: 373f7 54 2f 51 55 1b 52 12 4b 51 52 10 93 3d 33 a3 1a 11 198 8de
FIXUPS: 38327 50 50 4d 65 60 fffffa9f 24 13 4a de 3e fffffc22 13 ffffff61
FIXUPS: 37cb8 11 2f 25 fffffe4f fffff264 29 34 35 3e 7 1c 7 1f c7 51 1629
FIXUPS: 38635 5e b a9 b c8 e b 43 c 34 c 38 65 11 11 c 23 1d 11 c 18 15
FIXUPS: 38a23 5d fffff6c7 4d 40 40 43 4d 1384 c 27 6c fffff522 c 18 15
FIXUPS: 38c27 7 114 43 7 10a 4a 7 15 5 7 e 267 35 35 1e8 fffff718 c d 3e
FIXUPS: 38b67 19 2c fffff9c8 2787 31 36 50 a 21 154 31c 20 1f0 ffffea0b
FIXUPS: 39ed8 4f 1df fffff71c 43 33 24 bd 2d 9b 32 43 c 10 c fffff969 21
FIXUPS: 3949d 35 13a c 1009 9 2c 9 2c 9 2c 9 3d 54 84 8d 7e 23 23 23 3a
FIXUPS: 3a9dd 24 51 2a 28 45 2d 2d 28 28 1c 29 41 84 3a fffff497 1b 50
FIXUPS: 3a1e2 2e 9 71 15 1b 51 9 2e 9 6e 15 37 15 1e 14 1c 1c 1c 1b 36
FIXUPS: 3a52b 9 2e 9 48 9 2e 9 1699 1f 49 11 71 17 a 40 1d c 25 13 14 fffffce5
FIXUPS: 3bb56 a 31 fffffd9b 1b 76 be fffffb61 33 2c 32 20 2e 14 1b 43 6f
FIXUPS: 3a159 2908 5a c 19 42 3c a7 19 28 c 21 fffff822 19 d9 13f 9e fffffb7e
FIXUPS: 3c2f6 10 f c6 fffffe0b fffffe5e fffffebc 43 ffffff4b fffffd54 14
FIXUPS: 3bc06 f 24 37 14ae b 1a 13 38 1c 1e 14 1e b 49 62 6b 5b 6b 69 6b
FIXUPS: 3d4e9 70 fffff75d f 58 28 29 fffffaf6 45 29 3a 40 3e 33 4b 10f9
FIXUPS: 3db0c 12 2a 13 a fffffe6a 18 11 49 8 1f f fffffe88 f 93 fffffcb7
FIXUPS: 3d667 6d 40 c4 40 76 38 fffff746 1a 15 15 15 6e c b fffc4062 f
FIXUPS: 11a8 11 1b 53 53 53 16 13 14 13 14 f 3ca97 12 d 21 14 d 2c c b
FIXUPS: 3df21 11 19 1a fffffd13 f ef fffffe79 fffffee6 fffc3f48 13 14 13
FIXUPS: 1a6b f fffffb3a fffffe8e 40 11 11 44 8 30 fffffe3c 2e c 17 fffffc71
FIXUPS: 1041 15 14 17 11 12 1d 13 14 f 11 1d 13 a30 4e6 35 8 5 5 5 fffffa06
FIXUPS: 1aff fffffb7f 23 15 14 29 13 14 f 20 c 1d 13 14 f 16 1d 13 14 f
FIXUPS: 1887 82 82 75 11b2 1a fffffb8e 5 1d4 97 fffffc88 2c 23 49 fffffa5f
FIXUPS: 2165 15f 6 1a 16 da 84 16 1d f 3e 48 a 5 47 10 fffffb49 12 12 f
FIXUPS: 2111 3c73 4a 79 1e 11 5f e 24 47 e 11 5f 3e 53 43 60 16c 129 3a
FIXUPS: 63e2 87 33 ffffcac7 21 3c 4a a5 5a 32 fffffce1 97 fffffcd0 190f
FIXUPS: 44ab 12 2e 77 741 c 84 1bd 13 13 27 7b5 11c 1d 75 12 26 30 34 17
FIXUPS: 59b7 d0 33 17 12 3c 14 1a5 28 31 e ffffe181 e 15f 2e e 30 9 5 14
FIXUPS: 40c0 5 23 17 54 67 32 31 1c 36 2f 30 31 14 7d 1e 1e 17 18 11 3b
FIXUPS: 445a 13 ffffed20 12 13 34 16 12 4c 38 2b 127 75 3b 75 5b 3c 49
FIXUPS: 36e7 2d 17 f4 6b 5c 21 d2 26 28 d5 85 b7 5 f9 97 3a2e b5 cc 26
FIXUPS: 6595 1c 101 73 85 5d e6 7b 1c d1 a1 ac 74 36 33 12 a1 42 e3 79
FIXUPS: 6fc4 127 37 42 29 fffff355 ffffcc88 12 4d06 43 13 17 1b b3 4c fffffd24
FIXUPS: 79f3 7b 2e 1c 22 22 1b 2c 21 dc fffff5d1 180 33 b1 33 46 91 ab
FIXUPS: 7640 1a c9 48 43 31 1484 46 46 46 43 46 13 14 fffff847 f c fffffed3
FIXUPS: 852b ffffff9c f c fffffe5c 7e f c fffffefa 43 fffffd84 13 17 76
FIXUPS: 818c 12 fffffbd0 97 54 12 908 16 1d 13 14 6c 15 1a 6d 15 1a 6d
FIXUPS: 8986 1a 5b 15 1a 1d 13 14 13 14 38 28 28 28 28 25 28 13 14 3c 1099
FIXUPS: 9d0f 42 46 35 2d 43 4d 19 2c 1c8 45 52 58 25 45 26 3e b4 fe 1c
FIXUPS: 8676 14 15 14 29 13 14 20 c 1d 13 e6f 4d 33 f 21 80 33 17 77 43
FIXUPS: 9843 8 10 5 14 30 18 14 4f 20 18 37 23 13 13 12 35 3e 38 cc 6f
FIXUPS: 9c44 eb4 9 20 16 fffffc68 1c 44 28 fffffceb 12 10 8 11 88 55 81
FIXUPS: a70c 26 fffffdb1 ffffff73 33 1d ffffe986 13b 10 2e1 b6 b7 ba e0
FIXUPS: 9574 44 1e57 a 43 14 a 25e e ec 35 45 138 e3 d4 17 5a 13 14 2f
FIXUPS: bcdb 1d 28 4f ffffec80 9 18 23 9 1f 15 41 9 19 21ae 1d c 3c c 1f
FIXUPS: cd1d 51 10 fffff29c 11 ffffff93 12 ffffff8e 12 ffffff2a a5 ffffff34
FIXUPS: be33 ffffed27 72 1dc a 18e 30 2e 2c 161 35 19b ce 32 1502 1d c
FIXUPS: c966 c 26 9 18 20 1d c 1d c 1d c 1d c 1d c 1d c 40 c 42 c 45 c
FIXUPS: cbfc c 42 c 1f fffff87f 1f c 1f c 40 c 1f c 1f c 46 c 3e c 4d c
FIXUPS: c706 c 5e c 47 9 18 38 23 c 4d c 24 c 1d fffff8cb 1d c 1d c 1d
FIXUPS: c237 1d c 1d c 1d c 42 c 25 c 46 c 24 9 18 2c 23 c 23 c 40 c 1f
FIXUPS: c4c9 1f 1250 10 16 78 fffff802 23 9 81 fffffdde ffffff37 11 8 5
FIXUPS: cdf4 fffff278 9 21 2f 9 9 9 16 9 18 15 9 18 15 f 16 c 1d 1b2a 1f
FIXUPS: dd25 1d 68 21 28b 8e 42 27 39 39 b9 d 5 15 21 2a ffffef8e 1d 40
FIXUPS: d313 11 11 37 113 9f 12 47 23 b1 a5 d98 53 33 c 1c 25 11 77 19
FIXUPS: e624 1c 2a 11 35 1a 11 a f fffff10f 23 12 32 19 236 4c 85 5c 1f
FIXUPS: dc67 1c 1c 1c 1648 f 1e 26 fffff929 4e 1e7 38 f7 36 ed 36 11b fffff6b1
FIXUPS: e94a 1b 18 8f 3f 15 16 1a 11 f7 fffffc33 5c 4f 28 fffffb40 12 12
FIXUPS: e478 15cd fffffa98 14 16 c 11 17 17 27 51 5e 14 1c 16 13 20 25
FIXUPS: f6d9 28 25 13 20 fffffd35 ffffffd5 ffffffc0 ffffffaf ffffffaa 19
FIXUPS: f2a2 25 1c c 883 15 23 ffffff48 ffffffc1 ffffffc6 fffffd06 9 8
FIXUPS: f7b3 8 23 12 19 14 33 2d e c e c e a 1b 2a 23 21 27 17 18 42 4d
FIXUPS: 1057a 21 1b 44 1a 1b 1a 1a 1b 1a 1a 43 45 48 45 45 16 39 24 24
FIXUPS: 108e5 64 2a 26 e fffff249 1e 15 14 1c ffffff01 13 24d 1a 3d 27
FIXUPS: fe7c 51 20 14 27 26 5b 38 3a 3a 38 35 38 3a 3a 38 3a 86 88 5e 59
FIXUPS: 103f0 21 46 6b 21 1f 50 f3e 27 24 1e 3d 8 19 3d 3f 2a ec 1c 24
FIXUPS: 11747 71 fffff280 4a 92 97 4a fffff094 11 1f f 19 1a 1b 1a 1a 1b
FIXUPS: fd7f 1a 11c2 1e 47 27 24 1e 51 1d 1e 24 1e 20 31 27 24 1e 25 47
FIXUPS: 1124e 32 1d 76 1a 1d 27 27 24 1e 40 8 2a 1d 6d3 1a c c 26 2b 2b
FIXUPS: 11bfb 4a 10 c fffffbdf 32 36 5a 17 25 11 fffff347 e6 1a 2f 1f 1d
FIXUPS: 10e2d 1e 2c 24 1e 3f 1d 22 f11 42 1e 25 63 28 5a 4d 25 36 1d 8a
FIXUPS: 1211c 1b 1b 1b 1b fffff826 11 2a 8 f 3a 12 12 3b 12 34 12 12 1d
FIXUPS: 11b2d 17cb 23 3e 7e 1f 39 43 12 ffffed4d 11 1cd 4c 64 2d 176 f4
FIXUPS: 1272d 108 4d 13 2b 27 1c 8 fffff396 2c 14 2b 34 42 42 42 1810 16
FIXUPS: 13655 28 32 3b 17 81 72 fffff3d0 11 18 2d 22 f 90 aa 22 f 52 21
FIXUPS: 12e41 4b 1c 66 42 41 29 2b 21 1e 26 bfa 1f 1f 1f 1f 1f 1f 1c 1c
FIXUPS: 13d52 1c 48 33 16 20 3b 2f 36 35 36 36 35 36 36 28 35 36 22 9d
FIXUPS: 1417f 24 fffff3e7 e35 be 1a 17 18 1c fffffcf9 b4 2f fffff55f 11
FIXUPS: 13842 14 14 4b 15 13 45 16 45 16 37 14 15 159 1f 1f 1f 1f 1f 1f
FIXUPS: 13c25 64b6 1f 69 13 ffffa3a8 23 23 14 24 11 12 1d 13 14 f 14 1d
FIXUPS: 14656 14 f 50 18 16 13 14 13 14 f fffffb91 2a 78 1a 57e7 1d 3a
FIXUPS: 19c22 24 23 16 13 16 e 22 1f 26 32 20 20 2c 1b c8 29 16 1f 6a 17
FIXUPS: 19fc6 17 3b 33 24 27 1f 18 ffffe6bd 6e 46 55 52 119 aec 11 183
FIXUPS: 19690 6f 89 1c d9 d c 31 17 16 36 e 3f 20 19 1d d c ca 3d 23 23
FIXUPS: 19b56 ffffe284 15 22 30 29 4a 1f 8 68 148 24 11 5 3b 13f 26 33
FIXUPS: 182d6 8e f f9 86 1a a8 29 d9 16 17 17 1f 23 2b fffff0eb 1b 16 5a
FIXUPS: 178ec 28 f 28 f 27 f 28 f 27 f 67 f 40 f 27 f 27 36 4f 1d f 3b
FIXUPS: 17c72 18 53 a2 2d fffff4b3 42 6c 6f 39 20 b0 14 48 16 10 14 1e
FIXUPS: 17542 29 9 29 9 29 9 36 5b 88 26 12 8 15 5f 23 42 1f f ffffefec
FIXUPS: 16856 32 2d 2d 2d 15a 84 57 14 a 39 78 2e 18 21 f 16 2d 19 25 144
FIXUPS: 16e72 f 11 c8 14d 37 6d d7 d 23 ffffebfb a2 df 10 16 f 2e f 5a
FIXUPS: 160cc 2c 16 16 18 36 51 16 2c 16 10 f 7a 19 b5 56 10a 126 10 1d
FIXUPS: 16644 f 111 ffffe76c 3e 19 14 23 18 45 19 14 32 1d 16 18 94 2a
FIXUPS: 15145 65 38 22 cf 1a 21 21 1a 45b 178 33c a6 65 47 10 4f 43d1 1d
FIXUPS: 1a204 ffffa58f 18 30 1b 17 14 13 f 23 27 21 81 9 9 9 15 9a 41 15b
FIXUPS: 14bd9 35 23 63 35 77 44 c1 13 31 5725 17 1c 18 ffffff12 8 5 49
FIXUPS: 1a571 fffffcc2 11 11 4b 19 9d 11 11 39 1e 18 14 14 16 14 f 12 14
FIXUPS: 1a480 12 f fffffd1e 12 c03 1b 20 fffffe6b 12 c fffffcf6 12 a 94
FIXUPS: 1aa50 a 82 31 11 90 12 c c 13 fffffd3f 11 fffffd7f 71 c d 180 fffffda6
FIXUPS: 1a67b f ffffff90 11 ac4 1f 15 14 1b ffffff01 2b 15 14 1b ffffff39
FIXUPS: 1b015 fffffeb9 10 14 14 13 60 15 30 fffffe81 1f 15 14 1b fffffe75
FIXUPS: 1ad41 1d 13 14 f 2b 14df 35 fffff8d7 ffffffb4 12 fffffebf 23 41
FIXUPS: 1bab6 1b 1b 3a e fffff970 1c fffffcdd 23 8 32 30 9 1c 1d 8 1d 12
FIXUPS: 1b2c6 8 3e 24 ca 28 11a5 65 8f c 18 12 b 8 fffff69a 22 15 15 2f
FIXUPS: 1be42 11 37 38 13 7d 13 1c 69 30 24 90 1c 39 3d 2a 2a 3f 3a d41
FIXUPS: 1cf87 22 11 20 15 2f 12 12 76 10 41 a fffff617 11 146 51 9 fffffa22
FIXUPS: 1c30e 109 14 68 9 8 23 a 23 a 23 59 29 476 1f 11 1f 11 21 b3 27
FIXUPS: 1cbb4 1f 19 6a 13 1e 19 42 19 3e 45 15 1f 11 28 19 59 1f 19 26
FIXUPS: 1cf01 15 20 11 2b35 13 11 ffffdace 4b 13 26 16 ffffff22 ffffff5b
FIXUPS: 1d4d2 14 16 8 fffffe23 1a 61 19 1c 26 15 40 fffff4bd 11 14 5c 8
FIXUPS: 1c9a8 11 1f 11 1f 2c7d 18 2a 18 15 18 15 18 20 18 20 18 27 20 62
FIXUPS: 1f885 1f 18 1f 18 2a 15 2a 15 20 32 1e 13 26 13 21 21 fffff85b
FIXUPS: 1f2dc 11 1b 2d 26 37 1c 2d 22 29 22 1d 2e 11 1f 11 1f 11 1b 4b
FIXUPS: 1f57c b b b 11 1d 18 26 24 20 18 fffff694 31 31 2b 26 31 35 35
FIXUPS: 1ee7c 32 2e 2e 2e 32 38 38 38 38 2e 25 25 24 25 25 24 25 25 3c
FIXUPS: 1f203 39 22 21 fffff5b0 b b b b 11 29 38 38 38 2e 20 1d 25 25 25
FIXUPS: 1ea3c 24 25 25 24 25 25 24 2e 2e 2e 2e 25 35 35 45 fffff5a5 2c
FIXUPS: 1e2ec 5c 23 74 73 12 b 77 11 93 12 11 1f 1f 29 1f 1f 1f 1f 1f 1f
FIXUPS: 1e6ed 1f 1f 24 21 21 1c 1c 55 fffff2fc 46 46 45 46 50 4c 42 2d
FIXUPS: 1dd72 2d 2d 25 1f 35 36 36 2d 96 18 37 3f 3f 3f 3c 42 4c 42 49
FIXUPS: 1e236 12 b fffff3e7 12 11 3a 20 20 39 39 39 43 24 42 42 41 20 28
FIXUPS: 1d91d 28 28 27 25 20 1d 1d 1d 1d 30 b b 20 11 11
